Archive member included to satisfy reference by file (symbol)

.\CortexM3\ARM_GCC_541\Debug\ZumoBot.a(I2C.o)
                              .\CortexM3\ARM_GCC_541\Debug\Nunchuk.o (I2C_Start)
.\CortexM3\ARM_GCC_541\Debug\ZumoBot.a(I2C_INT.o)
                              .\CortexM3\ARM_GCC_541\Debug\ZumoBot.a(I2C.o) (I2C_ISR)
.\CortexM3\ARM_GCC_541\Debug\ZumoBot.a(I2C_PM.o)
                              .\CortexM3\ARM_GCC_541\Debug\ZumoBot.a(I2C.o) (I2C_backup)
.\CortexM3\ARM_GCC_541\Debug\ZumoBot.a(I2C_MASTER.o)
                              .\CortexM3\ARM_GCC_541\Debug\Nunchuk.o (I2C_MasterWriteBuf)
.\CortexM3\ARM_GCC_541\Debug\ZumoBot.a(UART_1.o)
                              .\CortexM3\ARM_GCC_541\Debug\rtos_main.o (UART_1_Start)
.\CortexM3\ARM_GCC_541\Debug\ZumoBot.a(Buzzer_PWM.o)
                              .\CortexM3\ARM_GCC_541\Debug\Beep.o (Buzzer_PWM_Stop)
.\CortexM3\ARM_GCC_541\Debug\ZumoBot.a(SW1.o)
                              .\CortexM3\ARM_GCC_541\Debug\main.o (SW1_Read)
.\CortexM3\ARM_GCC_541\Debug\ZumoBot.a(UART_2.o)
                              .\CortexM3\ARM_GCC_541\Debug\rtos_main.o (UART_2_Start)
.\CortexM3\ARM_GCC_541\Debug\ZumoBot.a(isr_U2_TX.o)
                              .\CortexM3\ARM_GCC_541\Debug\serial.o (isr_U2_TX_StartEx)
.\CortexM3\ARM_GCC_541\Debug\ZumoBot.a(isr_U2_RX.o)
                              .\CortexM3\ARM_GCC_541\Debug\serial.o (isr_U2_RX_StartEx)
.\CortexM3\ARM_GCC_541\Debug\ZumoBot.a(StatisticsCounter.o)
                              .\CortexM3\ARM_GCC_541\Debug\tasks.o (StatisticsCounter_ReadCounter)
.\CortexM3\ARM_GCC_541\Debug\ZumoBot.a(RST_E.o)
                              .\CortexM3\ARM_GCC_541\Debug\esp8266_socket.o (RST_E_Write)
.\CortexM3\ARM_GCC_541\Debug\ZumoBot.a(isr_U1_TX.o)
                              .\CortexM3\ARM_GCC_541\Debug\serial1.o (isr_U1_TX_StartEx)
.\CortexM3\ARM_GCC_541\Debug\ZumoBot.a(isr_U1_RX.o)
                              .\CortexM3\ARM_GCC_541\Debug\serial1.o (isr_U1_RX_StartEx)
.\CortexM3\ARM_GCC_541\Debug\ZumoBot.a(UART_1_IntClock.o)
                              .\CortexM3\ARM_GCC_541\Debug\ZumoBot.a(UART_1.o) (UART_1_IntClock_Start)
.\CortexM3\ARM_GCC_541\Debug\ZumoBot.a(UART_2_IntClock.o)
                              .\CortexM3\ARM_GCC_541\Debug\ZumoBot.a(UART_2.o) (UART_2_IntClock_Start)
.\CortexM3\ARM_GCC_541\Debug\ZumoBot.a(CyLib.o)
                              .\CortexM3\ARM_GCC_541\Debug\Cm3Start.o (CyHalt)
.\CortexM3\ARM_GCC_541\Debug\ZumoBot.a(cyPm.o)
                              .\CortexM3\ARM_GCC_541\Debug\ZumoBot.a(CyLib.o) (CyPmReadStatus)
.\CortexM3\ARM_GCC_541\Debug\ZumoBot.a(CyBootAsmGnu.o)
                              .\CortexM3\ARM_GCC_541\Debug\cyfitter_cfg.o (CyDelayCycles)
.\CortexM3\ARM_GCC_541\Debug\ZumoBot.a(CyFlash.o)
                              .\CortexM3\ARM_GCC_541\Debug\ZumoBot.a(cyPm.o) (CyFlash_SetWaitCycles)
.\CortexM3\ARM_GCC_541\Debug\ZumoBot.a(CySpc.o)
                              .\CortexM3\ARM_GCC_541\Debug\ZumoBot.a(CyFlash.o) (CySpcStart)
c:/program files (x86)/cypress/psoc creator/4.2/psoc creator/import/gnu/arm/5.4.1/bin/../lib/gcc/arm-none-eabi/5.4.1/../../../../arm-none-eabi/lib/armv7-m\libm.a(lib_a-w_atan2.o)
                              .\CortexM3\ARM_GCC_541\Debug\Magnet.o (atan2)
c:/program files (x86)/cypress/psoc creator/4.2/psoc creator/import/gnu/arm/5.4.1/bin/../lib/gcc/arm-none-eabi/5.4.1/../../../../arm-none-eabi/lib/armv7-m\libm.a(lib_a-e_atan2.o)
                              c:/program files (x86)/cypress/psoc creator/4.2/psoc creator/import/gnu/arm/5.4.1/bin/../lib/gcc/arm-none-eabi/5.4.1/../../../../arm-none-eabi/lib/armv7-m\libm.a(lib_a-w_atan2.o) (__ieee754_atan2)
c:/program files (x86)/cypress/psoc creator/4.2/psoc creator/import/gnu/arm/5.4.1/bin/../lib/gcc/arm-none-eabi/5.4.1/../../../../arm-none-eabi/lib/armv7-m\libm.a(lib_a-s_atan.o)
                              c:/program files (x86)/cypress/psoc creator/4.2/psoc creator/import/gnu/arm/5.4.1/bin/../lib/gcc/arm-none-eabi/5.4.1/../../../../arm-none-eabi/lib/armv7-m\libm.a(lib_a-e_atan2.o) (atan)
c:/program files (x86)/cypress/psoc creator/4.2/psoc creator/import/gnu/arm/5.4.1/bin/../lib/gcc/arm-none-eabi/5.4.1/../../../../arm-none-eabi/lib/armv7-m\libm.a(lib_a-s_fabs.o)
                              c:/program files (x86)/cypress/psoc creator/4.2/psoc creator/import/gnu/arm/5.4.1/bin/../lib/gcc/arm-none-eabi/5.4.1/../../../../arm-none-eabi/lib/armv7-m\libm.a(lib_a-e_atan2.o) (fabs)
c:/program files (x86)/cypress/psoc creator/4.2/psoc creator/import/gnu/arm/5.4.1/bin/../lib/gcc/arm-none-eabi/5.4.1/armv7-m\libgcc.a(_arm_addsubdf3.o)
                              c:/program files (x86)/cypress/psoc creator/4.2/psoc creator/import/gnu/arm/5.4.1/bin/../lib/gcc/arm-none-eabi/5.4.1/../../../../arm-none-eabi/lib/armv7-m\libm.a(lib_a-e_atan2.o) (__aeabi_dsub)
[...]
Memory Configuration

Name             Origin             Length             Attributes
rom              0x00000000         0x00040000         xr
ram              0x1fff8000         0x00010000         xrw
*default*        0x00000000         0xffffffff

Linker script and memory map

LOAD c:/program files (x86)/cypress/psoc creator/4.2/psoc creator/import/gnu/arm/5.4.1/bin/../lib/gcc/arm-none-eabi/5.4.1/armv7-m/crti.o
LOAD c:/program files (x86)/cypress/psoc creator/4.2/psoc creator/import/gnu/arm/5.4.1/bin/../lib/gcc/arm-none-eabi/5.4.1/armv7-m/crtbegin.o
LOAD c:/program files (x86)/cypress/psoc creator/4.2/psoc creator/import/gnu/arm/5.4.1/bin/../lib/gcc/arm-none-eabi/5.4.1/../../../../arm-none-eabi/lib/armv7-m/crt0.o
START GROUP
LOAD .\CortexM3\ARM_GCC_541\Debug\Beep.o
LOAD .\CortexM3\ARM_GCC_541\Debug\Gyro.o
LOAD .\CortexM3\ARM_GCC_541\Debug\IR.o
LOAD .\CortexM3\ARM_GCC_541\Debug\Magnet.o
LOAD .\CortexM3\ARM_GCC_541\Debug\Motor.o
LOAD .\CortexM3\ARM_GCC_541\Debug\Nunchuk.o
LOAD .\CortexM3\ARM_GCC_541\Debug\Ultra.o
LOAD .\CortexM3\ARM_GCC_541\Debug\Retarget.o
LOAD .\CortexM3\ARM_GCC_541\Debug\I2C_Common.o
LOAD .\CortexM3\ARM_GCC_541\Debug\LSM303D.o
LOAD .\CortexM3\ARM_GCC_541\Debug\debug_uart.o
LOAD .\CortexM3\ARM_GCC_541\Debug\esp8266_socket.o
LOAD .\CortexM3\ARM_GCC_541\Debug\rtos_main.o
LOAD .\CortexM3\ARM_GCC_541\Debug\serial.o
LOAD .\CortexM3\ARM_GCC_541\Debug\mqtt_sender.o
LOAD .\CortexM3\ARM_GCC_541\Debug\serial1.o
LOAD .\CortexM3\ARM_GCC_541\Debug\Reflectance.o
LOAD .\CortexM3\ARM_GCC_541\Debug\simulator.o
LOAD .\CortexM3\ARM_GCC_541\Debug\library.o
LOAD .\CortexM3\ARM_GCC_541\Debug\MQTTClient.o
LOAD .\CortexM3\ARM_GCC_541\Debug\MQTTFreeRTOS.o
LOAD .\CortexM3\ARM_GCC_541\Debug\MQTTConnectClient.o
LOAD .\CortexM3\ARM_GCC_541\Debug\MQTTConnectServer.o
LOAD .\CortexM3\ARM_GCC_541\Debug\MQTTDeserializePublish.o
LOAD .\CortexM3\ARM_GCC_541\Debug\MQTTFormat.o
LOAD .\CortexM3\ARM_GCC_541\Debug\MQTTPacket.o
LOAD .\CortexM3\ARM_GCC_541\Debug\MQTTSerializePublish.o
LOAD .\CortexM3\ARM_GCC_541\Debug\MQTTSubscribeClient.o
LOAD .\CortexM3\ARM_GCC_541\Debug\MQTTSubscribeServer.o
LOAD .\CortexM3\ARM_GCC_541\Debug\MQTTUnsubscribeClient.o
LOAD .\CortexM3\ARM_GCC_541\Debug\MQTTUnsubscribeServer.o
LOAD .\CortexM3\ARM_GCC_541\Debug\croutine.o
LOAD .\CortexM3\ARM_GCC_541\Debug\event_groups.o
LOAD .\CortexM3\ARM_GCC_541\Debug\list.o
LOAD .\CortexM3\ARM_GCC_541\Debug\queue.o
LOAD .\CortexM3\ARM_GCC_541\Debug\stream_buffer.o
LOAD .\CortexM3\ARM_GCC_541\Debug\tasks.o
LOAD .\CortexM3\ARM_GCC_541\Debug\timers.o
LOAD .\CortexM3\ARM_GCC_541\Debug\port.o
LOAD .\CortexM3\ARM_GCC_541\Debug\heap_2.o
LOAD .\CortexM3\ARM_GCC_541\Debug\main.o
LOAD .\CortexM3\ARM_GCC_541\Debug\cyfitter_cfg.o
LOAD .\CortexM3\ARM_GCC_541\Debug\cymetadata.o
LOAD .\CortexM3\ARM_GCC_541\Debug\Cm3Start.o
LOAD .\CortexM3\ARM_GCC_541\Debug\ZumoBot.a
LOAD C:\Program Files (x86)\Cypress\PSoC Creator\4.2\PSoC Creator\psoc\content\cycomponentlibrary\CyComponentLibrary.cylib\CortexM3\ARM_GCC_541\Debug\CyComponentLibrary.a
LOAD c:/program files (x86)/cypress/psoc creator/4.2/psoc creator/import/gnu/arm/5.4.1/bin/../lib/gcc/arm-none-eabi/5.4.1/../../../../arm-none-eabi/lib/armv7-m\libm.a
END GROUP
START GROUP
LOAD c:/program files (x86)/cypress/psoc creator/4.2/psoc creator/import/gnu/arm/5.4.1/bin/../lib/gcc/arm-none-eabi/5.4.1/armv7-m\libgcc.a
LOAD c:/program files (x86)/cypress/psoc creator/4.2/psoc creator/import/gnu/arm/5.4.1/bin/../lib/gcc/arm-none-eabi/5.4.1/../../../../arm-none-eabi/lib/armv7-m\libg.a
LOAD c:/program files (x86)/cypress/psoc creator/4.2/psoc creator/import/gnu/arm/5.4.1/bin/../lib/gcc/arm-none-eabi/5.4.1/../../../../arm-none-eabi/lib/armv7-m\libc.a
END GROUP
LOAD c:/program files (x86)/cypress/psoc creator/4.2/psoc creator/import/gnu/arm/5.4.1/bin/../lib/gcc/arm-none-eabi/5.4.1/armv7-m/crtend.o
LOAD c:/program files (x86)/cypress/psoc creator/4.2/psoc creator/import/gnu/arm/5.4.1/bin/../lib/gcc/arm-none-eabi/5.4.1/armv7-m/crtn.o
START GROUP
LOAD c:/program files (x86)/cypress/psoc creator/4.2/psoc creator/import/gnu/arm/5.4.1/bin/../lib/gcc/arm-none-eabi/5.4.1/armv7-m\libgcc.a
LOAD c:/program files (x86)/cypress/psoc creator/4.2/psoc creator/import/gnu/arm/5.4.1/bin/../lib/gcc/arm-none-eabi/5.4.1/../../../../arm-none-eabi/lib/armv7-m\libc.a
LOAD c:/program files (x86)/cypress/psoc creator/4.2/psoc creator/import/gnu/arm/5.4.1/bin/../lib/gcc/arm-none-eabi/5.4.1/../../../../arm-none-eabi/lib/armv7-m\libnosys.a
END GROUP
                0x00000000                CY_APPL_ORIGIN = 0x0
                0x00000100                CY_FLASH_ROW_SIZE = 0x100
                0x00000020                CY_ECC_ROW_SIZE = 0x20
                0x00000000                CY_EE_IN_BTLDR = 0x0
                0x00000000                CY_APPL_LOADABLE = 0x0
                0x00000800                CY_EE_SIZE = 0x800
                0x00000001                CY_APPL_NUM = 0x1
                0x00000001                CY_APPL_MAX = 0x1
                0x00000040                CY_METADATA_SIZE = 0x40
                0x00000000                CY_APPL_LOADABLE = 0x0
                0x00000000                CY_CHECKSUM_EXCLUDE_SIZE = ALIGN (0x0, CY_FLASH_ROW_SIZE)
                [!provide]                PROVIDE (__cy_heap_start, _end)
                0x00000001                PROVIDE (__cy_region_num, ((__cy_regions_end - __cy_regions) / 0x10))
                0x20008000                PROVIDE (__cy_stack, (ORIGIN (ram) + LENGTH (ram)))
                [!provide]                PROVIDE (__cy_heap_end, (__cy_stack - 0x800))

.cybootloader   0x00000000        0x0
 *(.cybootloader)
                0x00000000                appl1_start = CY_APPL_ORIGIN?CY_APPL_ORIGIN:ALIGN (CY_FLASH_ROW_SIZE)
                0x0001ff00                appl2_start = (appl1_start + ALIGN ((((LENGTH (rom) - appl1_start) - (0x2 * CY_FLASH_ROW_SIZE)) / 0x2), CY_FLASH_ROW_SIZE))
                0x00000000                appl_start = (CY_APPL_NUM == 0x1)?appl1_start:appl2_start
                0x00000000                ecc_offset = ((appl_start / CY_FLASH_ROW_SIZE) * CY_ECC_ROW_SIZE)
                0x00000000                ee_offset = (CY_APPL_LOADABLE && ! (CY_EE_IN_BTLDR))?((CY_EE_SIZE / CY_APPL_MAX) * (CY_APPL_NUM - 0x1)):0x0
                0x00000800                ee_size = (CY_APPL_LOADABLE && ! (CY_EE_IN_BTLDR))?(CY_EE_SIZE / CY_APPL_MAX):CY_EE_SIZE
                [!provide]                PROVIDE (CY_ECC_OFFSET, ecc_offset)

.text           0x00000000     0x9648
 CREATE_OBJECT_SYMBOLS
                0x00000000                PROVIDE (__cy_interrupt_vector, RomVectors)
 *(.romvectors)
 .romvectors    0x00000000       0x10 .\CortexM3\ARM_GCC_541\Debug\Cm3Start.o
                0x00000000                RomVectors
                0x00000001                ASSERT ((. != __cy_interrupt_vector), No interrupt vector)
                0x00000001                ASSERT (CY_APPL_ORIGIN?(SIZEOF (.cybootloader) <= CY_APPL_ORIGIN):0x1, Wrong image location)
                0x00000010                PROVIDE (__cy_reset, Reset)
 *(.text.Reset)
 .text.Reset    0x00000010       0x18 .\CortexM3\ARM_GCC_541\Debug\Cm3Start.o
                0x00000010                Reset
                0x00000001                ASSERT ((. != __cy_reset), No reset code)
 *(.dma_init)
                0x00000001                ASSERT ((((appl_start + .) <= 0x10000) || 0x1), DMA Init must be within the first 64k of flash)
 *(.text .text.* .gnu.linkonce.t.*)
 .text          0x00000028       0x5c c:/program files (x86)/cypress/psoc creator/4.2/psoc creator/import/gnu/arm/5.4.1/bin/../lib/gcc/arm-none-eabi/5.4.1/armv7-m/crtbegin.o
 .text.start_zmain
                0x00000084       0x18 .\CortexM3\ARM_GCC_541\Debug\rtos_main.o
 .text.prvHardwareSetup
                0x0000009c       0x2c .\CortexM3\ARM_GCC_541\Debug\rtos_main.o
 .text.main     0x000000c8       0x78 .\CortexM3\ARM_GCC_541\Debug\rtos_main.o
                0x000000c8                main
 .text.vApplicationStackOverflowHook
                0x00000140       0x14 .\CortexM3\ARM_GCC_541\Debug\rtos_main.o
                0x00000140                vApplicationStackOverflowHook
 .text.vApplicationMallocFailedHook
                0x00000154       0x14 .\CortexM3\ARM_GCC_541\Debug\rtos_main.o
                0x00000154                vApplicationMallocFailedHook
 .text.free_buffer
                0x00000168       0x20 .\CortexM3\ARM_GCC_541\Debug\mqtt_sender.o
 .text.MQTTSendTaskInit
                0x00000188       0x24 .\CortexM3\ARM_GCC_541\Debug\mqtt_sender.o
                0x00000188                MQTTSendTaskInit
 .text.MQTTSendTask
                0x000001ac       0x94 .\CortexM3\ARM_GCC_541\Debug\mqtt_sender.o
                0x000001ac                MQTTSendTask
 .text.send_mqtt
                0x00000240       0x4c .\CortexM3\ARM_GCC_541\Debug\mqtt_sender.o
                0x00000240                send_mqtt
 .text.print_mqtt
                0x0000028c       0x30 .\CortexM3\ARM_GCC_541\Debug\mqtt_sender.o
                0x0000028c                print_mqtt
 .text.vUart1RxISR
                0x000002bc       0x5c .\CortexM3\ARM_GCC_541\Debug\serial1.o
                0x000002bc                vUart1RxISR
 .text.vUart1TxISR
                0x00000318       0x70 .\CortexM3\ARM_GCC_541\Debug\serial1.o
                0x00000318                vUart1TxISR
 .text.vSerial1PortInitMinimal
                0x00000388       0x58 .\CortexM3\ARM_GCC_541\Debug\serial1.o
                0x00000388                vSerial1PortInitMinimal
 .text.xSerial1GetChar
                0x000003e0       0x20 .\CortexM3\ARM_GCC_541\Debug\serial1.o
                0x000003e0                xSerial1GetChar
 .text.xSerial1PutChar
                0x00000400       0x3c .\CortexM3\ARM_GCC_541\Debug\serial1.o
                0x00000400                xSerial1PutChar
 .text.send     0x0000043c       0x40 .\CortexM3\ARM_GCC_541\Debug\simulator.o
 .text.SimulatorTaskInit
                0x0000047c       0x18 .\CortexM3\ARM_GCC_541\Debug\simulator.o
                0x0000047c                SimulatorTaskInit
 .text.RetargetInit
                0x00000494       0x14 .\CortexM3\ARM_GCC_541\Debug\simulator.o
                0x00000494                RetargetInit
 .text._write   0x000004a8       0x58 .\CortexM3\ARM_GCC_541\Debug\simulator.o
                0x000004a8                _write
 .text._read    0x00000500        0x4 .\CortexM3\ARM_GCC_541\Debug\simulator.o
                0x00000500                _read
 .text.SimulatorTask
                0x00000504      0x178 .\CortexM3\ARM_GCC_541\Debug\simulator.o
                0x00000504                SimulatorTask
 .text.vListInitialise
                0x0000067c       0x18 .\CortexM3\ARM_GCC_541\Debug\list.o
                0x0000067c                vListInitialise
 .text.vListInitialiseItem
                0x00000694        0x8 .\CortexM3\ARM_GCC_541\Debug\list.o
                0x00000694                vListInitialiseItem
 .text.vListInsertEnd
                0x0000069c       0x18 .\CortexM3\ARM_GCC_541\Debug\list.o
                0x0000069c                vListInsertEnd
 .text.vListInsert
                0x000006b4       0x34 .\CortexM3\ARM_GCC_541\Debug\list.o
                0x000006b4                vListInsert
 .text.uxListRemove
                0x000006e8       0x28 .\CortexM3\ARM_GCC_541\Debug\list.o
                0x000006e8                uxListRemove
 .text.prvGetDisinheritPriorityAfterTimeout
                0x00000710       0x14 .\CortexM3\ARM_GCC_541\Debug\queue.o
 .text.prvIsQueueFull
                0x00000724       0x20 .\CortexM3\ARM_GCC_541\Debug\queue.o
 .text.prvIsQueueEmpty
                0x00000744       0x1c .\CortexM3\ARM_GCC_541\Debug\queue.o
 .text.prvCopyDataToQueue
                0x00000760       0x78 .\CortexM3\ARM_GCC_541\Debug\queue.o
 .text.prvCopyDataFromQueue
                0x000007d8       0x24 .\CortexM3\ARM_GCC_541\Debug\queue.o
 .text.prvUnlockQueue
                0x000007fc       0x68 .\CortexM3\ARM_GCC_541\Debug\queue.o
 .text.xQueueGenericReset
                0x00000864       0x6c .\CortexM3\ARM_GCC_541\Debug\queue.o
                0x00000864                xQueueGenericReset
 .text.prvInitialiseNewQueue
                0x000008d0       0x24 .\CortexM3\ARM_GCC_541\Debug\queue.o
 .text.xQueueGenericCreate
                0x000008f4       0x34 .\CortexM3\ARM_GCC_541\Debug\queue.o
                0x000008f4                xQueueGenericCreate
 .text.xQueueGenericSend
                0x00000928      0x108 .\CortexM3\ARM_GCC_541\Debug\queue.o
                0x00000928                xQueueGenericSend
 .text.prvInitialiseMutex
                0x00000a30       0x18 .\CortexM3\ARM_GCC_541\Debug\queue.o
 .text.xQueueCreateMutex
                0x00000a48       0x18 .\CortexM3\ARM_GCC_541\Debug\queue.o
                0x00000a48                xQueueCreateMutex
 .text.xQueueGenericSendFromISR
                0x00000a60       0x70 .\CortexM3\ARM_GCC_541\Debug\queue.o
                0x00000a60                xQueueGenericSendFromISR
 .text.xQueueReceive
                0x00000ad0       0xf8 .\CortexM3\ARM_GCC_541\Debug\queue.o
                0x00000ad0                xQueueReceive
 .text.xQueueSemaphoreTake
                0x00000bc8      0x128 .\CortexM3\ARM_GCC_541\Debug\queue.o
                0x00000bc8                xQueueSemaphoreTake
 .text.xQueueReceiveFromISR
                0x00000cf0       0x74 .\CortexM3\ARM_GCC_541\Debug\queue.o
                0x00000cf0                xQueueReceiveFromISR
 .text.prvResetNextTaskUnblockTime
                0x00000d64       0x2c .\CortexM3\ARM_GCC_541\Debug\tasks.o
 .text.prvInitialiseNewTask
                0x00000d90      0x100 .\CortexM3\ARM_GCC_541\Debug\tasks.o
 .text.prvInitialiseTaskLists
                0x00000e90       0x58 .\CortexM3\ARM_GCC_541\Debug\tasks.o
 .text.prvAddNewTaskToReadyList
                0x00000ee8       0xac .\CortexM3\ARM_GCC_541\Debug\tasks.o
 .text.prvDeleteTCB
                0x00000f94       0x18 .\CortexM3\ARM_GCC_541\Debug\tasks.o
 .text.prvCheckTasksWaitingTermination
                0x00000fac       0x44 .\CortexM3\ARM_GCC_541\Debug\tasks.o
 .text.prvIdleTask
                0x00000ff0        0x8 .\CortexM3\ARM_GCC_541\Debug\tasks.o
 .text.prvAddCurrentTaskToDelayedList
                0x00000ff8       0x84 .\CortexM3\ARM_GCC_541\Debug\tasks.o
 .text.xTaskCreate
                0x0000107c       0x64 .\CortexM3\ARM_GCC_541\Debug\tasks.o
                0x0000107c                xTaskCreate
 .text.vTaskStartScheduler
                0x000010e0       0x6c .\CortexM3\ARM_GCC_541\Debug\tasks.o
                0x000010e0                vTaskStartScheduler
 .text.vTaskSuspendAll
                0x0000114c       0x14 .\CortexM3\ARM_GCC_541\Debug\tasks.o
                0x0000114c                vTaskSuspendAll
 .text.xTaskGetTickCount
                0x00001160        0xc .\CortexM3\ARM_GCC_541\Debug\tasks.o
                0x00001160                xTaskGetTickCount
 .text.xTaskIncrementTick
                0x0000116c      0x108 .\CortexM3\ARM_GCC_541\Debug\tasks.o
                0x0000116c                xTaskIncrementTick
 .text.xTaskResumeAll
                0x00001274       0xd8 .\CortexM3\ARM_GCC_541\Debug\tasks.o
                0x00001274                xTaskResumeAll
 .text.vTaskDelayUntil
                0x0000134c       0x6c .\CortexM3\ARM_GCC_541\Debug\tasks.o
                0x0000134c                vTaskDelayUntil
 .text.vTaskDelay
                0x000013b8       0x34 .\CortexM3\ARM_GCC_541\Debug\tasks.o
                0x000013b8                vTaskDelay
 .text.vTaskSwitchContext
                0x000013ec       0xd4 .\CortexM3\ARM_GCC_541\Debug\tasks.o
                0x000013ec                vTaskSwitchContext
 .text.vTaskSuspend
                0x000014c0       0xc0 .\CortexM3\ARM_GCC_541\Debug\tasks.o
                0x000014c0                vTaskSuspend
 .text.vTaskPlaceOnEventList
                0x00001580       0x20 .\CortexM3\ARM_GCC_541\Debug\tasks.o
                0x00001580                vTaskPlaceOnEventList
 .text.xTaskRemoveFromEventList
                0x000015a0       0x74 .\CortexM3\ARM_GCC_541\Debug\tasks.o
                0x000015a0                xTaskRemoveFromEventList
 .text.vTaskInternalSetTimeOutState
                0x00001614       0x14 .\CortexM3\ARM_GCC_541\Debug\tasks.o
                0x00001614                vTaskInternalSetTimeOutState
 .text.xTaskCheckForTimeOut
                0x00001628       0x58 .\CortexM3\ARM_GCC_541\Debug\tasks.o
                0x00001628                xTaskCheckForTimeOut
 .text.vTaskMissedYield
                0x00001680       0x10 .\CortexM3\ARM_GCC_541\Debug\tasks.o
                0x00001680                vTaskMissedYield
 .text.xTaskPriorityInherit
                0x00001690       0xd0 .\CortexM3\ARM_GCC_541\Debug\tasks.o
                0x00001690                xTaskPriorityInherit
 .text.xTaskPriorityDisinherit
                0x00001760       0x88 .\CortexM3\ARM_GCC_541\Debug\tasks.o
                0x00001760                xTaskPriorityDisinherit
 .text.vTaskPriorityDisinheritAfterTimeout
                0x000017e8       0xa0 .\CortexM3\ARM_GCC_541\Debug\tasks.o
                0x000017e8                vTaskPriorityDisinheritAfterTimeout
 .text.pvTaskIncrementMutexHeldCount
                0x00001888       0x20 .\CortexM3\ARM_GCC_541\Debug\tasks.o
                0x00001888                pvTaskIncrementMutexHeldCount
 .text.prvTaskExitError
                0x000018a8       0x20 .\CortexM3\ARM_GCC_541\Debug\port.o
 .text.prvPortStartFirstTask
                0x000018c8       0x20 .\CortexM3\ARM_GCC_541\Debug\port.o
 .text.pxPortInitialiseStack
                0x000018e8       0x24 .\CortexM3\ARM_GCC_541\Debug\port.o
                0x000018e8                pxPortInitialiseStack
 *fill*         0x0000190c        0x4 
 .text.vPortSVCHandler
                0x00001910       0x24 .\CortexM3\ARM_GCC_541\Debug\port.o
                0x00001910                vPortSVCHandler
 .text.vPortEnterCritical
                0x00001934       0x20 .\CortexM3\ARM_GCC_541\Debug\port.o
                0x00001934                vPortEnterCritical
 .text.vPortExitCritical
                0x00001954       0x14 .\CortexM3\ARM_GCC_541\Debug\port.o
                0x00001954                vPortExitCritical
 *fill*         0x00001968        0x8 
 .text.xPortPendSVHandler
                0x00001970       0x44 .\CortexM3\ARM_GCC_541\Debug\port.o
                0x00001970                xPortPendSVHandler
 .text.xPortSysTickHandler
                0x000019b4       0x2c .\CortexM3\ARM_GCC_541\Debug\port.o
                0x000019b4                xPortSysTickHandler
 .text.vPortSetupTimerInterrupt
                0x000019e0       0x24 .\CortexM3\ARM_GCC_541\Debug\port.o
                0x000019e0                vPortSetupTimerInterrupt
 .text.xPortStartScheduler
                0x00001a04       0x38 .\CortexM3\ARM_GCC_541\Debug\port.o
                0x00001a04                xPortStartScheduler
 .text.prvHeapInit
                0x00001a3c       0x30 .\CortexM3\ARM_GCC_541\Debug\heap_2.o
 .text.pvPortMalloc
                0x00001a6c       0xb4 .\CortexM3\ARM_GCC_541\Debug\heap_2.o
                0x00001a6c                pvPortMalloc
 .text.vPortFree
                0x00001b20       0x44 .\CortexM3\ARM_GCC_541\Debug\heap_2.o
                0x00001b20                vPortFree
 .text.zmain    0x00001b64       0x58 .\CortexM3\ARM_GCC_541\Debug\main.o
                0x00001b64                zmain
 .text.CyClockStartupError
                0x00001bbc        0x4 .\CortexM3\ARM_GCC_541\Debug\cyfitter_cfg.o
 .text.cfg_write_bytes32
                0x00001bc0       0x34 .\CortexM3\ARM_GCC_541\Debug\cyfitter_cfg.o
 .text.CYMEMZERO
                0x00001bf4        0xc .\CortexM3\ARM_GCC_541\Debug\cyfitter_cfg.o
 .text.AnalogSetDefault
                0x00001c00       0x80 .\CortexM3\ARM_GCC_541\Debug\cyfitter_cfg.o
 .text.CYCONFIGCPY
                0x00001c80        0x8 .\CortexM3\ARM_GCC_541\Debug\cyfitter_cfg.o
 .text.ClockSetup
                0x00001c88      0x16c .\CortexM3\ARM_GCC_541\Debug\cyfitter_cfg.o
 .text.cyfitter_cfg
                0x00001df4      0x148 .\CortexM3\ARM_GCC_541\Debug\cyfitter_cfg.o
                0x00001df4                cyfitter_cfg
 .text.IntDefaultHandler
                0x00001f3c       0x10 .\CortexM3\ARM_GCC_541\Debug\Cm3Start.o
                0x00001f3c                IntDefaultHandler
 .text._sbrk    0x00001f4c       0x30 .\CortexM3\ARM_GCC_541\Debug\Cm3Start.o
                0x00001f4c                _sbrk
 .text.Start_c  0x00001f7c       0x4c .\CortexM3\ARM_GCC_541\Debug\Cm3Start.o
                0x00001f7c                Start_c
 .text.initialize_psoc
                0x00001fc8       0x68 .\CortexM3\ARM_GCC_541\Debug\Cm3Start.o
                0x00001fc8                initialize_psoc
 .text.UART_1_Init
                0x00002030       0x24 .\CortexM3\ARM_GCC_541\Debug\ZumoBot.a(UART_1.o)
                0x00002030                UART_1_Init
 .text.UART_1_Enable
                0x00002054       0x38 .\CortexM3\ARM_GCC_541\Debug\ZumoBot.a(UART_1.o)
                0x00002054                UART_1_Enable
 .text.UART_1_Start
                0x0000208c       0x1c .\CortexM3\ARM_GCC_541\Debug\ZumoBot.a(UART_1.o)
                0x0000208c                UART_1_Start
 .text.UART_1_ReadRxData
                0x000020a8        0xc .\CortexM3\ARM_GCC_541\Debug\ZumoBot.a(UART_1.o)
                0x000020a8                UART_1_ReadRxData
 .text.UART_1_ReadRxStatus
                0x000020b4       0x10 .\CortexM3\ARM_GCC_541\Debug\ZumoBot.a(UART_1.o)
                0x000020b4                UART_1_ReadRxStatus
 .text.UART_1_SetTxInterruptMode
                0x000020c4        0xc .\CortexM3\ARM_GCC_541\Debug\ZumoBot.a(UART_1.o)
                0x000020c4                UART_1_SetTxInterruptMode
 .text.UART_1_ReadTxStatus
                0x000020d0        0xc .\CortexM3\ARM_GCC_541\Debug\ZumoBot.a(UART_1.o)
                0x000020d0                UART_1_ReadTxStatus
 .text.UART_1_PutChar
                0x000020dc       0x18 .\CortexM3\ARM_GCC_541\Debug\ZumoBot.a(UART_1.o)
                0x000020dc                UART_1_PutChar
 .text.SW1_Read
                0x000020f4       0x10 .\CortexM3\ARM_GCC_541\Debug\ZumoBot.a(SW1.o)
                0x000020f4                SW1_Read
 .text.UART_2_Init
                0x00002104       0x28 .\CortexM3\ARM_GCC_541\Debug\ZumoBot.a(UART_2.o)
                0x00002104                UART_2_Init
 .text.UART_2_Enable
                0x0000212c       0x38 .\CortexM3\ARM_GCC_541\Debug\ZumoBot.a(UART_2.o)
                0x0000212c                UART_2_Enable
 .text.UART_2_Start
                0x00002164       0x1c .\CortexM3\ARM_GCC_541\Debug\ZumoBot.a(UART_2.o)
                0x00002164                UART_2_Start
 .text.StatisticsCounter_Enable
                0x00002180       0x10 .\CortexM3\ARM_GCC_541\Debug\ZumoBot.a(StatisticsCounter.o)
                0x00002180                StatisticsCounter_Enable
 .text.StatisticsCounter_SetInterruptMode
                0x00002190        0xc .\CortexM3\ARM_GCC_541\Debug\ZumoBot.a(StatisticsCounter.o)
                0x00002190                StatisticsCounter_SetInterruptMode
 .text.StatisticsCounter_ReadStatusRegister
                0x0000219c        0xc .\CortexM3\ARM_GCC_541\Debug\ZumoBot.a(StatisticsCounter.o)
                0x0000219c                StatisticsCounter_ReadStatusRegister
 .text.StatisticsCounter_WriteCounter
                0x000021a8        0xc .\CortexM3\ARM_GCC_541\Debug\ZumoBot.a(StatisticsCounter.o)
                0x000021a8                StatisticsCounter_WriteCounter
 .text.StatisticsCounter_ReadCounter
                0x000021b4       0x14 .\CortexM3\ARM_GCC_541\Debug\ZumoBot.a(StatisticsCounter.o)
                0x000021b4                StatisticsCounter_ReadCounter
 .text.StatisticsCounter_ReadCapture
                0x000021c8        0xc .\CortexM3\ARM_GCC_541\Debug\ZumoBot.a(StatisticsCounter.o)
                0x000021c8                StatisticsCounter_ReadCapture
 .text.StatisticsCounter_WritePeriod
                0x000021d4        0xc .\CortexM3\ARM_GCC_541\Debug\ZumoBot.a(StatisticsCounter.o)
                0x000021d4                StatisticsCounter_WritePeriod
 .text.StatisticsCounter_WriteCompare
                0x000021e0        0xc .\CortexM3\ARM_GCC_541\Debug\ZumoBot.a(StatisticsCounter.o)
                0x000021e0                StatisticsCounter_WriteCompare
 .text.StatisticsCounter_ClearFIFO
                0x000021ec       0x14 .\CortexM3\ARM_GCC_541\Debug\ZumoBot.a(StatisticsCounter.o)
                0x000021ec                StatisticsCounter_ClearFIFO
 .text.StatisticsCounter_Init
                0x00002200       0x54 .\CortexM3\ARM_GCC_541\Debug\ZumoBot.a(StatisticsCounter.o)
                0x00002200                StatisticsCounter_Init
 .text.StatisticsCounter_Start
                0x00002254       0x1c .\CortexM3\ARM_GCC_541\Debug\ZumoBot.a(StatisticsCounter.o)
                0x00002254                StatisticsCounter_Start
 .text.isr_U1_TX_SetVector
                0x00002270        0xc .\CortexM3\ARM_GCC_541\Debug\ZumoBot.a(isr_U1_TX.o)
                0x00002270                isr_U1_TX_SetVector
 .text.isr_U1_TX_SetPriority
                0x0000227c       0x10 .\CortexM3\ARM_GCC_541\Debug\ZumoBot.a(isr_U1_TX.o)
                0x0000227c                isr_U1_TX_SetPriority
 .text.isr_U1_TX_Enable
                0x0000228c        0xc .\CortexM3\ARM_GCC_541\Debug\ZumoBot.a(isr_U1_TX.o)
                0x0000228c                isr_U1_TX_Enable
 .text.isr_U1_TX_Disable
                0x00002298        0xc .\CortexM3\ARM_GCC_541\Debug\ZumoBot.a(isr_U1_TX.o)
                0x00002298                isr_U1_TX_Disable
 .text.isr_U1_TX_StartEx
                0x000022a4       0x1c .\CortexM3\ARM_GCC_541\Debug\ZumoBot.a(isr_U1_TX.o)
                0x000022a4                isr_U1_TX_StartEx
 .text.isr_U1_TX_ClearPending
                0x000022c0        0xc .\CortexM3\ARM_GCC_541\Debug\ZumoBot.a(isr_U1_TX.o)
                0x000022c0                isr_U1_TX_ClearPending
 .text.isr_U1_RX_SetVector
                0x000022cc        0xc .\CortexM3\ARM_GCC_541\Debug\ZumoBot.a(isr_U1_RX.o)
                0x000022cc                isr_U1_RX_SetVector
 .text.isr_U1_RX_SetPriority
                0x000022d8       0x10 .\CortexM3\ARM_GCC_541\Debug\ZumoBot.a(isr_U1_RX.o)
                0x000022d8                isr_U1_RX_SetPriority
 .text.isr_U1_RX_Enable
                0x000022e8        0xc .\CortexM3\ARM_GCC_541\Debug\ZumoBot.a(isr_U1_RX.o)
                0x000022e8                isr_U1_RX_Enable
 .text.isr_U1_RX_Disable
                0x000022f4        0xc .\CortexM3\ARM_GCC_541\Debug\ZumoBot.a(isr_U1_RX.o)
                0x000022f4                isr_U1_RX_Disable
 .text.isr_U1_RX_StartEx
                0x00002300       0x1c .\CortexM3\ARM_GCC_541\Debug\ZumoBot.a(isr_U1_RX.o)
                0x00002300                isr_U1_RX_StartEx
 .text.isr_U1_RX_ClearPending
                0x0000231c        0xc .\CortexM3\ARM_GCC_541\Debug\ZumoBot.a(isr_U1_RX.o)
                0x0000231c                isr_U1_RX_ClearPending
 .text.UART_1_IntClock_Start
                0x00002328       0x1c .\CortexM3\ARM_GCC_541\Debug\ZumoBot.a(UART_1_IntClock.o)
                0x00002328                UART_1_IntClock_Start
 .text.UART_2_IntClock_Start
                0x00002344       0x1c .\CortexM3\ARM_GCC_541\Debug\ZumoBot.a(UART_2_IntClock.o)
                0x00002344                UART_2_IntClock_Start
 .text.CyDelayUs
                0x00002360       0x14 .\CortexM3\ARM_GCC_541\Debug\ZumoBot.a(CyLib.o)
                0x00002360                CyDelayUs
 *fill*         0x00002374        0x4 
 .text          0x00002378       0x20 .\CortexM3\ARM_GCC_541\Debug\ZumoBot.a(CyBootAsmGnu.o)
                0x00002378                CyDelayCycles
                0x00002388                CyEnterCriticalSection
                0x00002390                CyExitCriticalSection
 .text          0x00002398      0x370 c:/program files (x86)/cypress/psoc creator/4.2/psoc creator/import/gnu/arm/5.4.1/bin/../lib/gcc/arm-none-eabi/5.4.1/armv7-m\libgcc.a(_arm_addsubdf3.o)
                0x00002398                __aeabi_drsub
                0x000023a0                __aeabi_dsub
                0x000023a0                __subdf3
                0x000023a4                __aeabi_dadd
                0x000023a4                __adddf3
                0x0000261c                __floatunsidf
                0x0000261c                __aeabi_ui2d
                0x0000263c                __floatsidf
                0x0000263c                __aeabi_i2d
                0x00002660                __aeabi_f2d
                0x00002660                __extendsfdf2
                0x0000269c                __floatundidf
                0x0000269c                __aeabi_ul2d
                0x000026ac                __floatdidf
                0x000026ac                __aeabi_l2d
 .text          0x00002708      0x424 c:/program files (x86)/cypress/psoc creator/4.2/psoc creator/import/gnu/arm/5.4.1/bin/../lib/gcc/arm-none-eabi/5.4.1/armv7-m\libgcc.a(_arm_muldivdf3.o)
                0x00002708                __aeabi_dmul
                0x00002708                __muldf3
                0x0000295c                __divdf3
                0x0000295c                __aeabi_ddiv
 .text          0x00002b2c      0x110 c:/program files (x86)/cypress/psoc creator/4.2/psoc creator/import/gnu/arm/5.4.1/bin/../lib/gcc/arm-none-eabi/5.4.1/armv7-m\libgcc.a(_arm_cmpdf2.o)
                0x00002b2c                __gtdf2
                0x00002b2c                __gedf2
                0x00002b34                __ltdf2
                0x00002b34                __ledf2
                0x00002b3c                __nedf2
                0x00002b3c                __eqdf2
                0x00002b3c                __cmpdf2
                0x00002bb8                __aeabi_cdrcmple
                0x00002bc8                __aeabi_cdcmpeq
                0x00002bc8                __aeabi_cdcmple
                0x00002bd8                __aeabi_dcmpeq
                0x00002bec                __aeabi_dcmplt
                0x00002c00                __aeabi_dcmple
                0x00002c14                __aeabi_dcmpge
                0x00002c28                __aeabi_dcmpgt
 .text.__errno  0x00002c3c        0xc c:/program files (x86)/cypress/psoc creator/4.2/psoc creator/import/gnu/arm/5.4.1/bin/../lib/gcc/arm-none-eabi/5.4.1/../../../../arm-none-eabi/lib/armv7-m\libg.a(lib_a-errno.o)
                0x00002c3c                __errno
 .text.fputc    0x00002c48       0x28 c:/program files (x86)/cypress/psoc creator/4.2/psoc creator/import/gnu/arm/5.4.1/bin/../lib/gcc/arm-none-eabi/5.4.1/../../../../arm-none-eabi/lib/armv7-m\libg.a(lib_a-fputc.o)
                0x00002c48                fputc
 .text._fputs_r
                0x00002c70       0x50 c:/program files (x86)/cypress/psoc creator/4.2/psoc creator/import/gnu/arm/5.4.1/bin/../lib/gcc/arm-none-eabi/5.4.1/../../../../arm-none-eabi/lib/armv7-m\libg.a(lib_a-fputs.o)
                0x00002c70                _fputs_r
 .text.fputs    0x00002cc0       0x10 c:/program files (x86)/cypress/psoc creator/4.2/psoc creator/import/gnu/arm/5.4.1/bin/../lib/gcc/arm-none-eabi/5.4.1/../../../../arm-none-eabi/lib/armv7-m\libg.a(lib_a-fputs.o)
                0x00002cc0                fputs
 .text.__sfvwrite_r
                0x00002cd0      0x308 c:/program files (x86)/cypress/psoc creator/4.2/psoc creator/import/gnu/arm/5.4.1/bin/../lib/gcc/arm-none-eabi/5.4.1/../../../../arm-none-eabi/lib/armv7-m\libg.a(lib_a-fvwrite.o)
                0x00002cd0                __sfvwrite_r
 .text._fwrite_r
                0x00002fd8       0x64 c:/program files (x86)/cypress/psoc creator/4.2/psoc creator/import/gnu/arm/5.4.1/bin/../lib/gcc/arm-none-eabi/5.4.1/../../../../arm-none-eabi/lib/armv7-m\libg.a(lib_a-fwrite.o)
                0x00002fd8                _fwrite_r
 .text.fwrite   0x0000303c       0x20 c:/program files (x86)/cypress/psoc creator/4.2/psoc creator/import/gnu/arm/5.4.1/bin/../lib/gcc/arm-none-eabi/5.4.1/../../../../arm-none-eabi/lib/armv7-m\libg.a(lib_a-fwrite.o)
                0x0000303c                fwrite
 .text.__libc_init_array
                0x0000305c       0x50 c:/program files (x86)/cypress/psoc creator/4.2/psoc creator/import/gnu/arm/5.4.1/bin/../lib/gcc/arm-none-eabi/5.4.1/../../../../arm-none-eabi/lib/armv7-m\libg.a(lib_a-init.o)
                0x0000305c                __libc_init_array
 .text._malloc_r
                0x000030ac      0x558 c:/program files (x86)/cypress/psoc creator/4.2/psoc creator/import/gnu/arm/5.4.1/bin/../lib/gcc/arm-none-eabi/5.4.1/../../../../arm-none-eabi/lib/armv7-m\libg.a(lib_a-mallocr.o)
                0x000030ac                _malloc_r
 .text.memchr   0x00003604       0x8c c:/program files (x86)/cypress/psoc creator/4.2/psoc creator/import/gnu/arm/5.4.1/bin/../lib/gcc/arm-none-eabi/5.4.1/../../../../arm-none-eabi/lib/armv7-m\libg.a(lib_a-memchr-stub.o)
                0x00003604                memchr
 .text          0x00003690       0xec c:/program files (x86)/cypress/psoc creator/4.2/psoc creator/import/gnu/arm/5.4.1/bin/../lib/gcc/arm-none-eabi/5.4.1/../../../../arm-none-eabi/lib/armv7-m\libg.a(lib_a-memcpy.o)
                0x00003690                memcpy
 .text.memmove  0x0000377c       0xc8 c:/program files (x86)/cypress/psoc creator/4.2/psoc creator/import/gnu/arm/5.4.1/bin/../lib/gcc/arm-none-eabi/5.4.1/../../../../arm-none-eabi/lib/armv7-m\libg.a(lib_a-memmove.o)
                0x0000377c                memmove
 .text.memset   0x00003844       0x9c c:/program files (x86)/cypress/psoc creator/4.2/psoc creator/import/gnu/arm/5.4.1/bin/../lib/gcc/arm-none-eabi/5.4.1/../../../../arm-none-eabi/lib/armv7-m\libg.a(lib_a-memset.o)
                0x00003844                memset
 .text.__malloc_lock
                0x000038e0        0x4 c:/program files (x86)/cypress/psoc creator/4.2/psoc creator/import/gnu/arm/5.4.1/bin/../lib/gcc/arm-none-eabi/5.4.1/../../../../arm-none-eabi/lib/armv7-m\libg.a(lib_a-mlock.o)
                0x000038e0                __malloc_lock
 .text.__malloc_unlock
                0x000038e4        0x4 c:/program files (x86)/cypress/psoc creator/4.2/psoc creator/import/gnu/arm/5.4.1/bin/../lib/gcc/arm-none-eabi/5.4.1/../../../../arm-none-eabi/lib/armv7-m\libg.a(lib_a-mlock.o)
                0x000038e4                __malloc_unlock
 .text.printf   0x000038e8       0x28 c:/program files (x86)/cypress/psoc creator/4.2/psoc creator/import/gnu/arm/5.4.1/bin/../lib/gcc/arm-none-eabi/5.4.1/../../../../arm-none-eabi/lib/armv7-m\libg.a(lib_a-printf.o)
                0x000038e8                printf
 .text._putc_r  0x00003910       0x44 c:/program files (x86)/cypress/psoc creator/4.2/psoc creator/import/gnu/arm/5.4.1/bin/../lib/gcc/arm-none-eabi/5.4.1/../../../../arm-none-eabi/lib/armv7-m\libg.a(lib_a-putc.o)
                0x00003910                _putc_r
 .text._puts_r  0x00003954       0x68 c:/program files (x86)/cypress/psoc creator/4.2/psoc creator/import/gnu/arm/5.4.1/bin/../lib/gcc/arm-none-eabi/5.4.1/../../../../arm-none-eabi/lib/armv7-m\libg.a(lib_a-puts.o)
                0x00003954                _puts_r
 .text.puts     0x000039bc       0x10 c:/program files (x86)/cypress/psoc creator/4.2/psoc creator/import/gnu/arm/5.4.1/bin/../lib/gcc/arm-none-eabi/5.4.1/../../../../arm-none-eabi/lib/armv7-m\libg.a(lib_a-puts.o)
                0x000039bc                puts
 .text._realloc_r
                0x000039cc      0x3d4 c:/program files (x86)/cypress/psoc creator/4.2/psoc creator/import/gnu/arm/5.4.1/bin/../lib/gcc/arm-none-eabi/5.4.1/../../../../arm-none-eabi/lib/armv7-m\libg.a(lib_a-reallocr.o)
                0x000039cc                _realloc_r
 .text.cleanup_glue
                0x00003da0       0x1c c:/program files (x86)/cypress/psoc creator/4.2/psoc creator/import/gnu/arm/5.4.1/bin/../lib/gcc/arm-none-eabi/5.4.1/../../../../arm-none-eabi/lib/armv7-m\libg.a(lib_a-reent.o)
                0x00003da0                cleanup_glue
 .text._reclaim_reent
                0x00003dbc       0x88 c:/program files (x86)/cypress/psoc creator/4.2/psoc creator/import/gnu/arm/5.4.1/bin/../lib/gcc/arm-none-eabi/5.4.1/../../../../arm-none-eabi/lib/armv7-m\libg.a(lib_a-reent.o)
                0x00003dbc                _reclaim_reent
 .text._sbrk_r  0x00003e44       0x24 c:/program files (x86)/cypress/psoc creator/4.2/psoc creator/import/gnu/arm/5.4.1/bin/../lib/gcc/arm-none-eabi/5.4.1/../../../../arm-none-eabi/lib/armv7-m\libg.a(lib_a-sbrkr.o)
                0x00003e44                _sbrk_r
 .text.strlen   0x00003e68       0x5c c:/program files (x86)/cypress/psoc creator/4.2/psoc creator/import/gnu/arm/5.4.1/bin/../lib/gcc/arm-none-eabi/5.4.1/../../../../arm-none-eabi/lib/armv7-m\libg.a(lib_a-strlen-stub.o)
                0x00003e68                strlen
 .text.strncpy  0x00003ec4       0x68 c:/program files (x86)/cypress/psoc creator/4.2/psoc creator/import/gnu/arm/5.4.1/bin/../lib/gcc/arm-none-eabi/5.4.1/../../../../arm-none-eabi/lib/armv7-m\libg.a(lib_a-strncpy.o)
                0x00003ec4                strncpy
 .text._svfprintf_r
                0x00003f2c     0x175c c:/program files (x86)/cypress/psoc creator/4.2/psoc creator/import/gnu/arm/5.4.1/bin/../lib/gcc/arm-none-eabi/5.4.1/../../../../arm-none-eabi/lib/armv7-m\libg.a(lib_a-svfprintf.o)
                0x00003f2c                _svfprintf_r
 .text._vfprintf_r
                0x00005688     0x1788 c:/program files (x86)/cypress/psoc creator/4.2/psoc creator/import/gnu/arm/5.4.1/bin/../lib/gcc/arm-none-eabi/5.4.1/../../../../arm-none-eabi/lib/armv7-m\libg.a(lib_a-vfprintf.o)
                0x00005688                _vfprintf_r
 .text.__sbprintf
                0x00006e10       0x6c c:/program files (x86)/cypress/psoc creator/4.2/psoc creator/import/gnu/arm/5.4.1/bin/../lib/gcc/arm-none-eabi/5.4.1/../../../../arm-none-eabi/lib/armv7-m\libg.a(lib_a-vfprintf.o)
 .text._vsnprintf_r
                0x00006e7c       0x70 c:/program files (x86)/cypress/psoc creator/4.2/psoc creator/import/gnu/arm/5.4.1/bin/../lib/gcc/arm-none-eabi/5.4.1/../../../../arm-none-eabi/lib/armv7-m\libg.a(lib_a-vsnprintf.o)
                0x00006e7c                _vsnprintf_r
 .text.vsnprintf
                0x00006eec       0x20 c:/program files (x86)/cypress/psoc creator/4.2/psoc creator/import/gnu/arm/5.4.1/bin/../lib/gcc/arm-none-eabi/5.4.1/../../../../arm-none-eabi/lib/armv7-m\libg.a(lib_a-vsnprintf.o)
                0x00006eec                vsnprintf
 .text.__swbuf_r
                0x00006f0c       0xac c:/program files (x86)/cypress/psoc creator/4.2/psoc creator/import/gnu/arm/5.4.1/bin/../lib/gcc/arm-none-eabi/5.4.1/../../../../arm-none-eabi/lib/armv7-m\libg.a(lib_a-wbuf.o)
                0x00006f0c                __swbuf_r
 .text.__swsetup_r
                0x00006fb8       0xc8 c:/program files (x86)/cypress/psoc creator/4.2/psoc creator/import/gnu/arm/5.4.1/bin/../lib/gcc/arm-none-eabi/5.4.1/../../../../arm-none-eabi/lib/armv7-m\libg.a(lib_a-wsetup.o)
                0x00006fb8                __swsetup_r
 .text.startup.register_fini
                0x00007080       0x14 c:/program files (x86)/cypress/psoc creator/4.2/psoc creator/import/gnu/arm/5.4.1/bin/../lib/gcc/arm-none-eabi/5.4.1/../../../../arm-none-eabi/lib/armv7-m\libg.a(lib_a-__call_atexit.o)
 .text.atexit   0x00007094        0xc c:/program files (x86)/cypress/psoc creator/4.2/psoc creator/import/gnu/arm/5.4.1/bin/../lib/gcc/arm-none-eabi/5.4.1/../../../../arm-none-eabi/lib/armv7-m\libg.a(lib_a-atexit.o)
                0x00007094                atexit
 .text.quorem   0x000070a0      0x12c c:/program files (x86)/cypress/psoc creator/4.2/psoc creator/import/gnu/arm/5.4.1/bin/../lib/gcc/arm-none-eabi/5.4.1/../../../../arm-none-eabi/lib/armv7-m\libg.a(lib_a-dtoa.o)
 *fill*         0x000071cc        0x4 
 .text._dtoa_r  0x000071d0      0xe4c c:/program files (x86)/cypress/psoc creator/4.2/psoc creator/import/gnu/arm/5.4.1/bin/../lib/gcc/arm-none-eabi/5.4.1/../../../../arm-none-eabi/lib/armv7-m\libg.a(lib_a-dtoa.o)
                0x000071d0                _dtoa_r
 .text.__sflush_r
                0x0000801c      0x148 c:/program files (x86)/cypress/psoc creator/4.2/psoc creator/import/gnu/arm/5.4.1/bin/../lib/gcc/arm-none-eabi/5.4.1/../../../../arm-none-eabi/lib/armv7-m\libg.a(lib_a-fflush.o)
                0x0000801c                __sflush_r
 .text._fflush_r
                0x00008164       0x2c c:/program files (x86)/cypress/psoc creator/4.2/psoc creator/import/gnu/arm/5.4.1/bin/../lib/gcc/arm-none-eabi/5.4.1/../../../../arm-none-eabi/lib/armv7-m\libg.a(lib_a-fflush.o)
                0x00008164                _fflush_r
 .text._cleanup_r
                0x00008190        0xc c:/program files (x86)/cypress/psoc creator/4.2/psoc creator/import/gnu/arm/5.4.1/bin/../lib/gcc/arm-none-eabi/5.4.1/../../../../arm-none-eabi/lib/armv7-m\libg.a(lib_a-findfp.o)
                0x00008190                _cleanup_r
 .text.__sinit.part.1
                0x0000819c       0xf0 c:/program files (x86)/cypress/psoc creator/4.2/psoc creator/import/gnu/arm/5.4.1/bin/../lib/gcc/arm-none-eabi/5.4.1/../../../../arm-none-eabi/lib/armv7-m\libg.a(lib_a-findfp.o)
 .text.__sinit  0x0000828c        0xc c:/program files (x86)/cypress/psoc creator/4.2/psoc creator/import/gnu/arm/5.4.1/bin/../lib/gcc/arm-none-eabi/5.4.1/../../../../arm-none-eabi/lib/armv7-m\libg.a(lib_a-findfp.o)
                0x0000828c                __sinit
 .text.__sfp_lock_acquire
                0x00008298        0x4 c:/program files (x86)/cypress/psoc creator/4.2/psoc creator/import/gnu/arm/5.4.1/bin/../lib/gcc/arm-none-eabi/5.4.1/../../../../arm-none-eabi/lib/armv7-m\libg.a(lib_a-findfp.o)
                0x00008298                __sfp_lock_acquire
 .text.__sfp_lock_release
                0x0000829c        0x4 c:/program files (x86)/cypress/psoc creator/4.2/psoc creator/import/gnu/arm/5.4.1/bin/../lib/gcc/arm-none-eabi/5.4.1/../../../../arm-none-eabi/lib/armv7-m\libg.a(lib_a-findfp.o)
                0x0000829c                __sfp_lock_release
 .text.__libc_fini_array
                0x000082a0       0x28 c:/program files (x86)/cypress/psoc creator/4.2/psoc creator/import/gnu/arm/5.4.1/bin/../lib/gcc/arm-none-eabi/5.4.1/../../../../arm-none-eabi/lib/armv7-m\libg.a(lib_a-fini.o)
                0x000082a0                __libc_fini_array
 .text._malloc_trim_r
                0x000082c8       0x9c c:/program files (x86)/cypress/psoc creator/4.2/psoc creator/import/gnu/arm/5.4.1/bin/../lib/gcc/arm-none-eabi/5.4.1/../../../../arm-none-eabi/lib/armv7-m\libg.a(lib_a-freer.o)
                0x000082c8                _malloc_trim_r
 .text._free_r  0x00008364      0x1d0 c:/program files (x86)/cypress/psoc creator/4.2/psoc creator/import/gnu/arm/5.4.1/bin/../lib/gcc/arm-none-eabi/5.4.1/../../../../arm-none-eabi/lib/armv7-m\libg.a(lib_a-freer.o)
                0x00008364                _free_r
 .text._fwalk_reent
                0x00008534       0x50 c:/program files (x86)/cypress/psoc creator/4.2/psoc creator/import/gnu/arm/5.4.1/bin/../lib/gcc/arm-none-eabi/5.4.1/../../../../arm-none-eabi/lib/armv7-m\libg.a(lib_a-fwalk.o)
                0x00008534                _fwalk_reent
 .text.__locale_charset
                0x00008584        0x8 c:/program files (x86)/cypress/psoc creator/4.2/psoc creator/import/gnu/arm/5.4.1/bin/../lib/gcc/arm-none-eabi/5.4.1/../../../../arm-none-eabi/lib/armv7-m\libg.a(lib_a-locale.o)
                0x00008584                __locale_charset
 .text.__locale_mb_cur_max
                0x0000858c        0xc c:/program files (x86)/cypress/psoc creator/4.2/psoc creator/import/gnu/arm/5.4.1/bin/../lib/gcc/arm-none-eabi/5.4.1/../../../../arm-none-eabi/lib/armv7-m\libg.a(lib_a-locale.o)
                0x0000858c                __locale_mb_cur_max
 .text._localeconv_r
                0x00008598        0x8 c:/program files (x86)/cypress/psoc creator/4.2/psoc creator/import/gnu/arm/5.4.1/bin/../lib/gcc/arm-none-eabi/5.4.1/../../../../arm-none-eabi/lib/armv7-m\libg.a(lib_a-locale.o)
                0x00008598                _localeconv_r
 .text.__swhatbuf_r
                0x000085a0       0x60 c:/program files (x86)/cypress/psoc creator/4.2/psoc creator/import/gnu/arm/5.4.1/bin/../lib/gcc/arm-none-eabi/5.4.1/../../../../arm-none-eabi/lib/armv7-m\libg.a(lib_a-makebuf.o)
                0x000085a0                __swhatbuf_r
 .text.__smakebuf_r
                0x00008600       0x88 c:/program files (x86)/cypress/psoc creator/4.2/psoc creator/import/gnu/arm/5.4.1/bin/../lib/gcc/arm-none-eabi/5.4.1/../../../../arm-none-eabi/lib/armv7-m\libg.a(lib_a-makebuf.o)
                0x00008600                __smakebuf_r
 .text._Balloc  0x00008688       0x50 c:/program files (x86)/cypress/psoc creator/4.2/psoc creator/import/gnu/arm/5.4.1/bin/../lib/gcc/arm-none-eabi/5.4.1/../../../../arm-none-eabi/lib/armv7-m\libg.a(lib_a-mprec.o)
                0x00008688                _Balloc
 .text._Bfree   0x000086d8       0x14 c:/program files (x86)/cypress/psoc creator/4.2/psoc creator/import/gnu/arm/5.4.1/bin/../lib/gcc/arm-none-eabi/5.4.1/../../../../arm-none-eabi/lib/armv7-m\libg.a(lib_a-mprec.o)
                0x000086d8                _Bfree
 .text.__multadd
                0x000086ec       0x80 c:/program files (x86)/cypress/psoc creator/4.2/psoc creator/import/gnu/arm/5.4.1/bin/../lib/gcc/arm-none-eabi/5.4.1/../../../../arm-none-eabi/lib/armv7-m\libg.a(lib_a-mprec.o)
                0x000086ec                __multadd
 .text.__hi0bits
                0x0000876c       0x40 c:/program files (x86)/cypress/psoc creator/4.2/psoc creator/import/gnu/arm/5.4.1/bin/../lib/gcc/arm-none-eabi/5.4.1/../../../../arm-none-eabi/lib/armv7-m\libg.a(lib_a-mprec.o)
                0x0000876c                __hi0bits
 .text.__lo0bits
                0x000087ac       0x5c c:/program files (x86)/cypress/psoc creator/4.2/psoc creator/import/gnu/arm/5.4.1/bin/../lib/gcc/arm-none-eabi/5.4.1/../../../../arm-none-eabi/lib/armv7-m\libg.a(lib_a-mprec.o)
                0x000087ac                __lo0bits
 .text.__i2b    0x00008808       0x14 c:/program files (x86)/cypress/psoc creator/4.2/psoc creator/import/gnu/arm/5.4.1/bin/../lib/gcc/arm-none-eabi/5.4.1/../../../../arm-none-eabi/lib/armv7-m\libg.a(lib_a-mprec.o)
                0x00008808                __i2b
 .text.__multiply
                0x0000881c      0x13c c:/program files (x86)/cypress/psoc creator/4.2/psoc creator/import/gnu/arm/5.4.1/bin/../lib/gcc/arm-none-eabi/5.4.1/../../../../arm-none-eabi/lib/armv7-m\libg.a(lib_a-mprec.o)
                0x0000881c                __multiply
 .text.__pow5mult
                0x00008958       0xa0 c:/program files (x86)/cypress/psoc creator/4.2/psoc creator/import/gnu/arm/5.4.1/bin/../lib/gcc/arm-none-eabi/5.4.1/../../../../arm-none-eabi/lib/armv7-m\libg.a(lib_a-mprec.o)
                0x00008958                __pow5mult
 .text.__lshift
                0x000089f8       0xac c:/program files (x86)/cypress/psoc creator/4.2/psoc creator/import/gnu/arm/5.4.1/bin/../lib/gcc/arm-none-eabi/5.4.1/../../../../arm-none-eabi/lib/armv7-m\libg.a(lib_a-mprec.o)
                0x000089f8                __lshift
 .text.__mcmp   0x00008aa4       0x40 c:/program files (x86)/cypress/psoc creator/4.2/psoc creator/import/gnu/arm/5.4.1/bin/../lib/gcc/arm-none-eabi/5.4.1/../../../../arm-none-eabi/lib/armv7-m\libg.a(lib_a-mprec.o)
                0x00008aa4                __mcmp
 .text.__mdiff  0x00008ae4      0x128 c:/program files (x86)/cypress/psoc creator/4.2/psoc creator/import/gnu/arm/5.4.1/bin/../lib/gcc/arm-none-eabi/5.4.1/../../../../arm-none-eabi/lib/armv7-m\libg.a(lib_a-mprec.o)
                0x00008ae4                __mdiff
 .text.__d2b    0x00008c0c       0xa8 c:/program files (x86)/cypress/psoc creator/4.2/psoc creator/import/gnu/arm/5.4.1/bin/../lib/gcc/arm-none-eabi/5.4.1/../../../../arm-none-eabi/lib/armv7-m\libg.a(lib_a-mprec.o)
                0x00008c0c                __d2b
 .text.__sread  0x00008cb4       0x24 c:/program files (x86)/cypress/psoc creator/4.2/psoc creator/import/gnu/arm/5.4.1/bin/../lib/gcc/arm-none-eabi/5.4.1/../../../../arm-none-eabi/lib/armv7-m\libg.a(lib_a-stdio.o)
                0x00008cb4                __sread
 .text.__swrite
                0x00008cd8       0x3c c:/program files (x86)/cypress/psoc creator/4.2/psoc creator/import/gnu/arm/5.4.1/bin/../lib/gcc/arm-none-eabi/5.4.1/../../../../arm-none-eabi/lib/armv7-m\libg.a(lib_a-stdio.o)
                0x00008cd8                __swrite
 .text.__sseek  0x00008d14       0x20 c:/program files (x86)/cypress/psoc creator/4.2/psoc creator/import/gnu/arm/5.4.1/bin/../lib/gcc/arm-none-eabi/5.4.1/../../../../arm-none-eabi/lib/armv7-m\libg.a(lib_a-stdio.o)
                0x00008d14                __sseek
 .text.__sclose
                0x00008d34        0x8 c:/program files (x86)/cypress/psoc creator/4.2/psoc creator/import/gnu/arm/5.4.1/bin/../lib/gcc/arm-none-eabi/5.4.1/../../../../arm-none-eabi/lib/armv7-m\libg.a(lib_a-stdio.o)
                0x00008d34                __sclose
 .text.__ssprint_r
                0x00008d3c      0x100 c:/program files (x86)/cypress/psoc creator/4.2/psoc creator/import/gnu/arm/5.4.1/bin/../lib/gcc/arm-none-eabi/5.4.1/../../../../arm-none-eabi/lib/armv7-m\libg.a(lib_a-svfiprintf.o)
                0x00008d3c                __ssprint_r
 .text.__sprint_r.part.0
                0x00008e3c       0x78 c:/program files (x86)/cypress/psoc creator/4.2/psoc creator/import/gnu/arm/5.4.1/bin/../lib/gcc/arm-none-eabi/5.4.1/../../../../arm-none-eabi/lib/armv7-m\libg.a(lib_a-vfiprintf.o)
 .text.__sprint_r
                0x00008eb4       0x14 c:/program files (x86)/cypress/psoc creator/4.2/psoc creator/import/gnu/arm/5.4.1/bin/../lib/gcc/arm-none-eabi/5.4.1/../../../../arm-none-eabi/lib/armv7-m\libg.a(lib_a-vfiprintf.o)
                0x00008eb4                __sprint_r
 .text._write_r
                0x00008ec8       0x2c c:/program files (x86)/cypress/psoc creator/4.2/psoc creator/import/gnu/arm/5.4.1/bin/../lib/gcc/arm-none-eabi/5.4.1/../../../../arm-none-eabi/lib/armv7-m\libg.a(lib_a-writer.o)
                0x00008ec8                _write_r
 .text.__register_exitproc
                0x00008ef4       0xa4 c:/program files (x86)/cypress/psoc creator/4.2/psoc creator/import/gnu/arm/5.4.1/bin/../lib/gcc/arm-none-eabi/5.4.1/../../../../arm-none-eabi/lib/armv7-m\libg.a(lib_a-__atexit.o)
                0x00008ef4                __register_exitproc
 .text._calloc_r
                0x00008f98       0x60 c:/program files (x86)/cypress/psoc creator/4.2/psoc creator/import/gnu/arm/5.4.1/bin/../lib/gcc/arm-none-eabi/5.4.1/../../../../arm-none-eabi/lib/armv7-m\libg.a(lib_a-callocr.o)
                0x00008f98                _calloc_r
 .text._close_r
                0x00008ff8       0x24 c:/program files (x86)/cypress/psoc creator/4.2/psoc creator/import/gnu/arm/5.4.1/bin/../lib/gcc/arm-none-eabi/5.4.1/../../../../arm-none-eabi/lib/armv7-m\libg.a(lib_a-closer.o)
                0x00008ff8                _close_r
 .text._fclose_r
                0x0000901c       0x84 c:/program files (x86)/cypress/psoc creator/4.2/psoc creator/import/gnu/arm/5.4.1/bin/../lib/gcc/arm-none-eabi/5.4.1/../../../../arm-none-eabi/lib/armv7-m\libg.a(lib_a-fclose.o)
                0x0000901c                _fclose_r
 .text.__fputwc
                0x000090a0       0x94 c:/program files (x86)/cypress/psoc creator/4.2/psoc creator/import/gnu/arm/5.4.1/bin/../lib/gcc/arm-none-eabi/5.4.1/../../../../arm-none-eabi/lib/armv7-m\libg.a(lib_a-fputwc.o)
                0x000090a0                __fputwc
 .text._fputwc_r
                0x00009134       0x24 c:/program files (x86)/cypress/psoc creator/4.2/psoc creator/import/gnu/arm/5.4.1/bin/../lib/gcc/arm-none-eabi/5.4.1/../../../../arm-none-eabi/lib/armv7-m\libg.a(lib_a-fputwc.o)
                0x00009134                _fputwc_r
 .text._fstat_r
                0x00009158       0x28 c:/program files (x86)/cypress/psoc creator/4.2/psoc creator/import/gnu/arm/5.4.1/bin/../lib/gcc/arm-none-eabi/5.4.1/../../../../arm-none-eabi/lib/armv7-m\libg.a(lib_a-fstatr.o)
                0x00009158                _fstat_r
 .text._isatty_r
                0x00009180       0x24 c:/program files (x86)/cypress/psoc creator/4.2/psoc creator/import/gnu/arm/5.4.1/bin/../lib/gcc/arm-none-eabi/5.4.1/../../../../arm-none-eabi/lib/armv7-m\libg.a(lib_a-isattyr.o)
                0x00009180                _isatty_r
 .text._lseek_r
                0x000091a4       0x2c c:/program files (x86)/cypress/psoc creator/4.2/psoc creator/import/gnu/arm/5.4.1/bin/../lib/gcc/arm-none-eabi/5.4.1/../../../../arm-none-eabi/lib/armv7-m\libg.a(lib_a-lseekr.o)
                0x000091a4                _lseek_r
 .text._read_r  0x000091d0       0x2c c:/program files (x86)/cypress/psoc creator/4.2/psoc creator/import/gnu/arm/5.4.1/bin/../lib/gcc/arm-none-eabi/5.4.1/../../../../arm-none-eabi/lib/armv7-m\libg.a(lib_a-readr.o)
                0x000091d0                _read_r
 .text._wcrtomb_r
                0x000091fc       0x54 c:/program files (x86)/cypress/psoc creator/4.2/psoc creator/import/gnu/arm/5.4.1/bin/../lib/gcc/arm-none-eabi/5.4.1/../../../../arm-none-eabi/lib/armv7-m\libg.a(lib_a-wcrtomb.o)
                0x000091fc                _wcrtomb_r
 .text.__ascii_wctomb
                0x00009250       0x1c c:/program files (x86)/cypress/psoc creator/4.2/psoc creator/import/gnu/arm/5.4.1/bin/../lib/gcc/arm-none-eabi/5.4.1/../../../../arm-none-eabi/lib/armv7-m\libg.a(lib_a-wctomb_r.o)
                0x00009250                __ascii_wctomb
 .text          0x0000926c       0x2c c:/program files (x86)/cypress/psoc creator/4.2/psoc creator/import/gnu/arm/5.4.1/bin/../lib/gcc/arm-none-eabi/5.4.1/armv7-m\libgcc.a(_arm_unorddf2.o)
                0x0000926c                __unorddf2
                0x0000926c                __aeabi_dcmpun
 .text          0x00009298       0x50 c:/program files (x86)/cypress/psoc creator/4.2/psoc creator/import/gnu/arm/5.4.1/bin/../lib/gcc/arm-none-eabi/5.4.1/armv7-m\libgcc.a(_arm_fixdfsi.o)
                0x00009298                __aeabi_d2iz
                0x00009298                __fixdfsi
 .text          0x000092e8       0x30 c:/program files (x86)/cypress/psoc creator/4.2/psoc creator/import/gnu/arm/5.4.1/bin/../lib/gcc/arm-none-eabi/5.4.1/armv7-m\libgcc.a(_aeabi_uldivmod.o)
                0x000092e8                __aeabi_uldivmod
 .text          0x00009318      0x2ec c:/program files (x86)/cypress/psoc creator/4.2/psoc creator/import/gnu/arm/5.4.1/bin/../lib/gcc/arm-none-eabi/5.4.1/armv7-m\libgcc.a(_udivmoddi4.o)
                0x00009318                __udivmoddi4
 .text          0x00009604        0x4 c:/program files (x86)/cypress/psoc creator/4.2/psoc creator/import/gnu/arm/5.4.1/bin/../lib/gcc/arm-none-eabi/5.4.1/armv7-m\libgcc.a(_dvmd_tls.o)
                0x00009604                __aeabi_idiv0
                0x00009604                __aeabi_ldiv0
 .text._close   0x00009608       0x10 c:/program files (x86)/cypress/psoc creator/4.2/psoc creator/import/gnu/arm/5.4.1/bin/../lib/gcc/arm-none-eabi/5.4.1/../../../../arm-none-eabi/lib/armv7-m\libnosys.a(close.o)
                0x00009608                _close
 .text._fstat   0x00009618       0x10 c:/program files (x86)/cypress/psoc creator/4.2/psoc creator/import/gnu/arm/5.4.1/bin/../lib/gcc/arm-none-eabi/5.4.1/../../../../arm-none-eabi/lib/armv7-m\libnosys.a(fstat.o)
                0x00009618                _fstat
 .text._isatty  0x00009628       0x10 c:/program files (x86)/cypress/psoc creator/4.2/psoc creator/import/gnu/arm/5.4.1/bin/../lib/gcc/arm-none-eabi/5.4.1/../../../../arm-none-eabi/lib/armv7-m\libnosys.a(isatty.o)
                0x00009628                _isatty
 .text._lseek   0x00009638       0x10 c:/program files (x86)/cypress/psoc creator/4.2/psoc creator/import/gnu/arm/5.4.1/bin/../lib/gcc/arm-none-eabi/5.4.1/../../../../arm-none-eabi/lib/armv7-m\libnosys.a(lseek.o)
                0x00009638                _lseek
 *(.plt)
 *(.gnu.warning)
 *(.glue_7t)
 .glue_7t       0x00009648        0x0 linker stubs
 *(.glue_7)
 .glue_7        0x00009648        0x0 linker stubs
 *(.vfp11_veneer)
 .vfp11_veneer  0x00009648        0x0 linker stubs
 *(.bootloader)
 *(.ARM.extab* .gnu.linkonce.armextab.*)
 *(.gcc_except_table)

.v4_bx          0x00009648        0x0
 .v4_bx         0x00009648        0x0 linker stubs

.iplt           0x00009648        0x0
 .iplt          0x00009648        0x0 c:/program files (x86)/cypress/psoc creator/4.2/psoc creator/import/gnu/arm/5.4.1/bin/../lib/gcc/arm-none-eabi/5.4.1/armv7-m/crtbegin.o

.eh_frame_hdr
 *(.eh_frame_hdr)

.eh_frame       0x00009648        0x4
 *(.eh_frame)
 .eh_frame      0x00009648        0x0 c:/program files (x86)/cypress/psoc creator/4.2/psoc creator/import/gnu/arm/5.4.1/bin/../lib/gcc/arm-none-eabi/5.4.1/armv7-m/crtbegin.o
 .eh_frame      0x00009648        0x4 c:/program files (x86)/cypress/psoc creator/4.2/psoc creator/import/gnu/arm/5.4.1/bin/../lib/gcc/arm-none-eabi/5.4.1/armv7-m/crtend.o
                [!provide]                PROVIDE (__exidx_start, .)

.ARM.exidx      0x0000964c        0x8
 *(.ARM.exidx* .gnu.linkonce.armexidx.*)
 .ARM.exidx     0x0000964c        0x8 c:/program files (x86)/cypress/psoc creator/4.2/psoc creator/import/gnu/arm/5.4.1/bin/../lib/gcc/arm-none-eabi/5.4.1/armv7-m\libgcc.a(_udivmoddi4.o)
                0x00009654                __exidx_end = .

.rodata         0x00009658      0x330
 *(.rodata .rodata.* .gnu.linkonce.r.*)
 .rodata.str1.4
                0x00009658       0x3a .\CortexM3\ARM_GCC_541\Debug\rtos_main.o
 *fill*         0x00009692        0x2 
 .rodata.str1.4
                0x00009694        0x6 .\CortexM3\ARM_GCC_541\Debug\mqtt_sender.o
 *fill*         0x0000969a        0x2 
 .rodata        0x0000969c        0xd .\CortexM3\ARM_GCC_541\Debug\simulator.o
 *fill*         0x000096a9        0x3 
 .rodata.str1.4
                0x000096ac       0x34 .\CortexM3\ARM_GCC_541\Debug\tasks.o
 .rodata.str1.4
                0x000096e0       0x62 .\CortexM3\ARM_GCC_541\Debug\main.o
 *fill*         0x00009742        0x2 
 .rodata        0x00009744       0x60 .\CortexM3\ARM_GCC_541\Debug\cyfitter_cfg.o
 .rodata.str1.4
                0x000097a4        0x2 c:/program files (x86)/cypress/psoc creator/4.2/psoc creator/import/gnu/arm/5.4.1/bin/../lib/gcc/arm-none-eabi/5.4.1/../../../../arm-none-eabi/lib/armv7-m\libg.a(lib_a-impure.o)
 .rodata._global_impure_ptr
                0x000097a4        0x4 c:/program files (x86)/cypress/psoc creator/4.2/psoc creator/import/gnu/arm/5.4.1/bin/../lib/gcc/arm-none-eabi/5.4.1/../../../../arm-none-eabi/lib/armv7-m\libg.a(lib_a-impure.o)
                0x000097a4                _global_impure_ptr
 .rodata.str1.4
                0x000097a8        0x2 c:/program files (x86)/cypress/psoc creator/4.2/psoc creator/import/gnu/arm/5.4.1/bin/../lib/gcc/arm-none-eabi/5.4.1/../../../../arm-none-eabi/lib/armv7-m\libg.a(lib_a-puts.o)
 *fill*         0x000097aa        0x2 
 .rodata.blanks.7055
                0x000097ac       0x10 c:/program files (x86)/cypress/psoc creator/4.2/psoc creator/import/gnu/arm/5.4.1/bin/../lib/gcc/arm-none-eabi/5.4.1/../../../../arm-none-eabi/lib/armv7-m\libg.a(lib_a-svfprintf.o)
 .rodata.str1.4
                0x000097bc       0x42 c:/program files (x86)/cypress/psoc creator/4.2/psoc creator/import/gnu/arm/5.4.1/bin/../lib/gcc/arm-none-eabi/5.4.1/../../../../arm-none-eabi/lib/armv7-m\libg.a(lib_a-svfprintf.o)
 *fill*         0x000097fe        0x2 
 .rodata.zeroes.7056
                0x00009800       0x10 c:/program files (x86)/cypress/psoc creator/4.2/psoc creator/import/gnu/arm/5.4.1/bin/../lib/gcc/arm-none-eabi/5.4.1/../../../../arm-none-eabi/lib/armv7-m\libg.a(lib_a-svfprintf.o)
 .rodata.blanks.7070
                0x00009810       0x10 c:/program files (x86)/cypress/psoc creator/4.2/psoc creator/import/gnu/arm/5.4.1/bin/../lib/gcc/arm-none-eabi/5.4.1/../../../../arm-none-eabi/lib/armv7-m\libg.a(lib_a-vfprintf.o)
 .rodata.str1.4
                0x00009820       0x42 c:/program files (x86)/cypress/psoc creator/4.2/psoc creator/import/gnu/arm/5.4.1/bin/../lib/gcc/arm-none-eabi/5.4.1/../../../../arm-none-eabi/lib/armv7-m\libg.a(lib_a-vfprintf.o)
 .rodata.zeroes.7071
                0x00009820       0x10 c:/program files (x86)/cypress/psoc creator/4.2/psoc creator/import/gnu/arm/5.4.1/bin/../lib/gcc/arm-none-eabi/5.4.1/../../../../arm-none-eabi/lib/armv7-m\libg.a(lib_a-vfprintf.o)
 .rodata.str1.4
                0x00009830       0x10 c:/program files (x86)/cypress/psoc creator/4.2/psoc creator/import/gnu/arm/5.4.1/bin/../lib/gcc/arm-none-eabi/5.4.1/../../../../arm-none-eabi/lib/armv7-m\libg.a(lib_a-dtoa.o)
                                 0x12 (size before relaxing)
 .rodata.str1.4
                0x00009840        0xc c:/program files (x86)/cypress/psoc creator/4.2/psoc creator/import/gnu/arm/5.4.1/bin/../lib/gcc/arm-none-eabi/5.4.1/../../../../arm-none-eabi/lib/armv7-m\libg.a(lib_a-locale.o)
                                 0x12 (size before relaxing)
 *fill*         0x0000984c        0x4 
 .rodata.__mprec_tens
                0x00009850       0xc8 c:/program files (x86)/cypress/psoc creator/4.2/psoc creator/import/gnu/arm/5.4.1/bin/../lib/gcc/arm-none-eabi/5.4.1/../../../../arm-none-eabi/lib/armv7-m\libg.a(lib_a-mprec.o)
                0x00009850                __mprec_tens
 .rodata.__mprec_bigtens
                0x00009918       0x28 c:/program files (x86)/cypress/psoc creator/4.2/psoc creator/import/gnu/arm/5.4.1/bin/../lib/gcc/arm-none-eabi/5.4.1/../../../../arm-none-eabi/lib/armv7-m\libg.a(lib_a-mprec.o)
                0x00009918                __mprec_bigtens
 .rodata.p05.5396
                0x00009940        0xc c:/program files (x86)/cypress/psoc creator/4.2/psoc creator/import/gnu/arm/5.4.1/bin/../lib/gcc/arm-none-eabi/5.4.1/../../../../arm-none-eabi/lib/armv7-m\libg.a(lib_a-mprec.o)
                0x0000994c                . = ALIGN (0x4)
 *(.init)
 .init          0x0000994c        0x4 c:/program files (x86)/cypress/psoc creator/4.2/psoc creator/import/gnu/arm/5.4.1/bin/../lib/gcc/arm-none-eabi/5.4.1/armv7-m/crti.o
                0x0000994c                _init
 .init          0x00009950        0x8 c:/program files (x86)/cypress/psoc creator/4.2/psoc creator/import/gnu/arm/5.4.1/bin/../lib/gcc/arm-none-eabi/5.4.1/armv7-m/crtn.o
                0x00009958                . = ALIGN (0x4)
                0x00009958                __preinit_array_start = .
 *(.preinit_array)
                0x00009958                __preinit_array_end = .
                0x00009958                . = ALIGN (0x4)
                0x00009958                __init_array_start = .
 *(SORT(.init_array.*))
 .init_array.00000
                0x00009958        0x4 c:/program files (x86)/cypress/psoc creator/4.2/psoc creator/import/gnu/arm/5.4.1/bin/../lib/gcc/arm-none-eabi/5.4.1/../../../../arm-none-eabi/lib/armv7-m\libg.a(lib_a-__call_atexit.o)
 *(.init_array)
 .init_array    0x0000995c        0x4 c:/program files (x86)/cypress/psoc creator/4.2/psoc creator/import/gnu/arm/5.4.1/bin/../lib/gcc/arm-none-eabi/5.4.1/armv7-m/crtbegin.o
 .init_array    0x00009960        0x4 .\CortexM3\ARM_GCC_541\Debug\Cm3Start.o
                0x00009964                __init_array_end = .
                0x00009964                . = ALIGN (0x4)
 *(.fini)
 .fini          0x00009964        0x4 c:/program files (x86)/cypress/psoc creator/4.2/psoc creator/import/gnu/arm/5.4.1/bin/../lib/gcc/arm-none-eabi/5.4.1/armv7-m/crti.o
                0x00009964                _fini
 .fini          0x00009968        0x8 c:/program files (x86)/cypress/psoc creator/4.2/psoc creator/import/gnu/arm/5.4.1/bin/../lib/gcc/arm-none-eabi/5.4.1/armv7-m/crtn.o
                0x00009970                . = ALIGN (0x4)
                0x00009970                __fini_array_start = .
 *(.fini_array)
 .fini_array    0x00009970        0x4 c:/program files (x86)/cypress/psoc creator/4.2/psoc creator/import/gnu/arm/5.4.1/bin/../lib/gcc/arm-none-eabi/5.4.1/armv7-m/crtbegin.o
 *(SORT(.fini_array.*))
                0x00009974                __fini_array_end = .
                0x00009974                . = ALIGN (0x4)
 *crtbegin.o(.ctors)
 *(EXCLUDE_FILE(*crtend.o) .ctors)
 *(SORT(.ctors.*))
 *crtend.o(.ctors)
                0x00009974                . = ALIGN (0x4)
 *crtbegin.o(.dtors)
 *(EXCLUDE_FILE(*crtend.o) .dtors)
 *(SORT(.dtors.*))
 *crtend.o(.dtors)
                0x00009974                . = ALIGN (0x4)
                0x00009974                __cy_regions = .
                0x00009974        0x4 LONG 0x9988 __cy_region_init_ram
                0x00009978        0x4 LONG 0x1fff80c8 __cy_region_start_data
                0x0000997c        0x4 LONG 0x8c0 __cy_region_init_size_ram
                0x00009980        0x4 LONG 0x9bb8 __cy_region_zero_size_ram
                0x00009984                __cy_regions_end = .
                0x00009988                . = ALIGN (0x8)
 *fill*         0x00009984        0x4 
                0x00009988                _etext = .

.cy_checksum_exclude
                0x00009988        0x0
 *(.cy_checksum_exclude)

.ramvectors     0x1fff8000       0xc0
                0x1fff8000                __cy_region_start_ram = .
 *(.ramvectors)
 .ramvectors    0x1fff8000       0xc0 .\CortexM3\ARM_GCC_541\Debug\Cm3Start.o
                0x1fff8000                CyRamVectors

.noinit         0x1fff80c0        0x1
 *(.noinit)
 .noinit        0x1fff80c0        0x1 .\CortexM3\ARM_GCC_541\Debug\ZumoBot.a(CyLib.o)
                0x1fff80c0                CyResetStatus

.data           0x1fff80c8      0x8c0 load address 0x00009988
                0x1fff80c8                __cy_region_start_data = .
 *(.jcr)
 .jcr           0x1fff80c8        0x0 c:/program files (x86)/cypress/psoc creator/4.2/psoc creator/import/gnu/arm/5.4.1/bin/../lib/gcc/arm-none-eabi/5.4.1/armv7-m/crtbegin.o
 .jcr           0x1fff80c8        0x4 c:/program files (x86)/cypress/psoc creator/4.2/psoc creator/import/gnu/arm/5.4.1/bin/../lib/gcc/arm-none-eabi/5.4.1/armv7-m/crtend.o
 *(.got.plt)
 *(.got)
 *(.shdata)
 *(.data .data.* .gnu.linkonce.d.*)
 .data          0x1fff80cc        0x4 .\CortexM3\ARM_GCC_541\Debug\port.o
 .data          0x1fff80d0        0x4 .\CortexM3\ARM_GCC_541\Debug\heap_2.o
 .data          0x1fff80d4        0x4 .\CortexM3\ARM_GCC_541\Debug\Cm3Start.o
 .data          0x1fff80d8       0x10 .\CortexM3\ARM_GCC_541\Debug\ZumoBot.a(CyLib.o)
                0x1fff80d8                cydelay_32k_ms
                0x1fff80dc                cydelay_freq_khz
                0x1fff80e0                cydelay_freq_mhz
                0x1fff80e4                cydelay_freq_hz
 .data.impure_data
                0x1fff80e8      0x428 c:/program files (x86)/cypress/psoc creator/4.2/psoc creator/import/gnu/arm/5.4.1/bin/../lib/gcc/arm-none-eabi/5.4.1/../../../../arm-none-eabi/lib/armv7-m\libg.a(lib_a-impure.o)
 .data._impure_ptr
                0x1fff8510        0x4 c:/program files (x86)/cypress/psoc creator/4.2/psoc creator/import/gnu/arm/5.4.1/bin/../lib/gcc/arm-none-eabi/5.4.1/../../../../arm-none-eabi/lib/armv7-m\libg.a(lib_a-impure.o)
                0x1fff8510                _impure_ptr
 .data.__malloc_av_
                0x1fff8514      0x408 c:/program files (x86)/cypress/psoc creator/4.2/psoc creator/import/gnu/arm/5.4.1/bin/../lib/gcc/arm-none-eabi/5.4.1/../../../../arm-none-eabi/lib/armv7-m\libg.a(lib_a-mallocr.o)
                0x1fff8514                __malloc_av_
 .data.__malloc_trim_threshold
                0x1fff891c        0x4 c:/program files (x86)/cypress/psoc creator/4.2/psoc creator/import/gnu/arm/5.4.1/bin/../lib/gcc/arm-none-eabi/5.4.1/../../../../arm-none-eabi/lib/armv7-m\libg.a(lib_a-mallocr.o)
                0x1fff891c                __malloc_trim_threshold
 .data.__malloc_sbrk_base
                0x1fff8920        0x4 c:/program files (x86)/cypress/psoc creator/4.2/psoc creator/import/gnu/arm/5.4.1/bin/../lib/gcc/arm-none-eabi/5.4.1/../../../../arm-none-eabi/lib/armv7-m\libg.a(lib_a-mallocr.o)
                0x1fff8920                __malloc_sbrk_base
 .data.lconv    0x1fff8924       0x38 c:/program files (x86)/cypress/psoc creator/4.2/psoc creator/import/gnu/arm/5.4.1/bin/../lib/gcc/arm-none-eabi/5.4.1/../../../../arm-none-eabi/lib/armv7-m\libg.a(lib_a-locale.o)
 .data.lc_ctype_charset
                0x1fff895c       0x20 c:/program files (x86)/cypress/psoc creator/4.2/psoc creator/import/gnu/arm/5.4.1/bin/../lib/gcc/arm-none-eabi/5.4.1/../../../../arm-none-eabi/lib/armv7-m\libg.a(lib_a-locale.o)
 .data.__mb_cur_max
                0x1fff897c        0x4 c:/program files (x86)/cypress/psoc creator/4.2/psoc creator/import/gnu/arm/5.4.1/bin/../lib/gcc/arm-none-eabi/5.4.1/../../../../arm-none-eabi/lib/armv7-m\libg.a(lib_a-locale.o)
                0x1fff897c                __mb_cur_max
 .data.__wctomb
                0x1fff8980        0x4 c:/program files (x86)/cypress/psoc creator/4.2/psoc creator/import/gnu/arm/5.4.1/bin/../lib/gcc/arm-none-eabi/5.4.1/../../../../arm-none-eabi/lib/armv7-m\libg.a(lib_a-wctomb_r.o)
                0x1fff8980                __wctomb
                0x1fff8988                . = ALIGN (0x8)
 *fill*         0x1fff8984        0x4 
 *(.ram)
                0x1fff8988                _edata = .

.igot.plt       0x1fff8988        0x0 load address 0x0000a248
 .igot.plt      0x1fff8988        0x0 c:/program files (x86)/cypress/psoc creator/4.2/psoc creator/import/gnu/arm/5.4.1/bin/../lib/gcc/arm-none-eabi/5.4.1/armv7-m/crtbegin.o

.bss            0x1fff8988     0x9bb8 load address 0x0000a248
                0x1fff8988                PROVIDE (__bss_start__, .)
 *(.shbss)
 *(.bss .bss.* .gnu.linkonce.b.*)
 .bss           0x1fff8988       0x1c c:/program files (x86)/cypress/psoc creator/4.2/psoc creator/import/gnu/arm/5.4.1/bin/../lib/gcc/arm-none-eabi/5.4.1/armv7-m/crtbegin.o
 .bss           0x1fff89a4      0xa08 .\CortexM3\ARM_GCC_541\Debug\mqtt_sender.o
 .bss           0x1fff93ac        0x8 .\CortexM3\ARM_GCC_541\Debug\serial1.o
 .bss           0x1fff93b4       0x2c .\CortexM3\ARM_GCC_541\Debug\simulator.o
 .bss           0x1fff93e0      0x108 .\CortexM3\ARM_GCC_541\Debug\tasks.o
                0x1fff94b8                pxCurrentTCB
 .bss           0x1fff94e8     0x9014 .\CortexM3\ARM_GCC_541\Debug\heap_2.o
 .bss           0x200024fc        0x2 .\CortexM3\ARM_GCC_541\Debug\ZumoBot.a(UART_1.o)
                0x200024fc                UART_1_initVar
 .bss           0x200024fe        0x2 .\CortexM3\ARM_GCC_541\Debug\ZumoBot.a(UART_2.o)
                0x200024fe                UART_2_initVar
 .bss           0x20002500        0x1 .\CortexM3\ARM_GCC_541\Debug\ZumoBot.a(StatisticsCounter.o)
                0x20002500                StatisticsCounter_initVar
 *fill*         0x20002501        0x3 
 .bss.__malloc_max_total_mem
                0x20002504        0x4 c:/program files (x86)/cypress/psoc creator/4.2/psoc creator/import/gnu/arm/5.4.1/bin/../lib/gcc/arm-none-eabi/5.4.1/../../../../arm-none-eabi/lib/armv7-m\libg.a(lib_a-mallocr.o)
                0x20002504                __malloc_max_total_mem
 .bss.__malloc_max_sbrked_mem
                0x20002508        0x4 c:/program files (x86)/cypress/psoc creator/4.2/psoc creator/import/gnu/arm/5.4.1/bin/../lib/gcc/arm-none-eabi/5.4.1/../../../../arm-none-eabi/lib/armv7-m\libg.a(lib_a-mallocr.o)
                0x20002508                __malloc_max_sbrked_mem
 .bss.__malloc_top_pad
                0x2000250c        0x4 c:/program files (x86)/cypress/psoc creator/4.2/psoc creator/import/gnu/arm/5.4.1/bin/../lib/gcc/arm-none-eabi/5.4.1/../../../../arm-none-eabi/lib/armv7-m\libg.a(lib_a-mallocr.o)
                0x2000250c                __malloc_top_pad
 .bss.__malloc_current_mallinfo
                0x20002510       0x28 c:/program files (x86)/cypress/psoc creator/4.2/psoc creator/import/gnu/arm/5.4.1/bin/../lib/gcc/arm-none-eabi/5.4.1/../../../../arm-none-eabi/lib/armv7-m\libg.a(lib_a-mallocr.o)
                0x20002510                __malloc_current_mallinfo
 *(COMMON)
 COMMON         0x20002538        0x4 c:/program files (x86)/cypress/psoc creator/4.2/psoc creator/import/gnu/arm/5.4.1/bin/../lib/gcc/arm-none-eabi/5.4.1/../../../../arm-none-eabi/lib/armv7-m\libg.a(lib_a-reent.o)
                0x20002538                errno
                0x20002540                . = ALIGN (0x8)
 *fill*         0x2000253c        0x4 
 *(.ram.b)
                0x20002540                _end = .
                0x20002540                __end = .
                0x20002540                PROVIDE (end, .)
                0x20002540                PROVIDE (__bss_end__, .)
                0x00009988                __cy_region_init_ram = LOADADDR (.data)
                0x000008c0                __cy_region_init_size_ram = (_edata - ADDR (.data))
                0x00009bb8                __cy_region_zero_size_ram = (_end - _edata)

.heap           0x20002540     0x2000 load address 0x0000a248
                0x20002540                . = _end
                0x20004540                . = (. + 0x2000)
 *fill*         0x20002540     0x2000 
                0x20004540                __cy_heap_limit = .

.stack          0x20007800      0x800
                0x20007800                __cy_stack_limit = .
                0x20008000                . = (. + 0x800)
 *fill*         0x20007800      0x800 
                0x00000001                ASSERT ((__cy_stack_limit >= __cy_heap_limit), region RAM overflowed with stack)
                0x00000000                cy_checksum_exclude_size = (CY_APPL_LOADABLE == 0x1)?SIZEOF (.cy_checksum_exclude):0x0
                0x00000001                ASSERT ((cy_checksum_exclude_size <= CY_CHECKSUM_EXCLUDE_SIZE), CY_BOOT: Section .cy_checksum_exclude size exceedes specified limit.)

.cyloadermeta
 *(.cyloadermeta)

.cyloadablemeta
 *(.cyloadablemeta)

.cyconfigecc    0x80000000     0x1220
 *(.cyconfigecc)
 .cyconfigecc   0x80000000     0x1220 .\CortexM3\ARM_GCC_541\Debug\cymetadata.o
                0x80000000                cy_meta_configecc

.cycustnvl      0x90000000        0x4
 *(.cycustnvl)
 .cycustnvl     0x90000000        0x4 .\CortexM3\ARM_GCC_541\Debug\cymetadata.o
                0x90000000                cy_meta_custnvl

.cywolatch      0x90100000        0x4
 *(.cywolatch)
 .cywolatch     0x90100000        0x4 .\CortexM3\ARM_GCC_541\Debug\cymetadata.o
                0x90100000                cy_meta_wonvl

.cyeeprom       0x90200000        0x0
 *(.cyeeprom)
                0x00000001                ASSERT ((. <= ((0x90200000 + ee_offset) + ee_size)), .cyeeprom data will not fit in EEPROM)

.cyflashprotect
                0x90400000      0x100
 *(.cyflashprotect)
 .cyflashprotect
                0x90400000      0x100 .\CortexM3\ARM_GCC_541\Debug\cymetadata.o
                0x90400000                cy_meta_flashprotect

.cymeta         0x90500000        0xc
 *(.cymeta)
 .cymeta        0x90500000        0xc .\CortexM3\ARM_GCC_541\Debug\cymetadata.o
                0x90500000                cy_metadata

.rel.dyn        0x0000a248        0x0 load address 0x9050000c
 .rel.iplt      0x0000a248        0x0 c:/program files (x86)/cypress/psoc creator/4.2/psoc creator/import/gnu/arm/5.4.1/bin/../lib/gcc/arm-none-eabi/5.4.1/armv7-m/crtbegin.o

.stab           0x00000000       0x6c
 *(.stab)
 .stab          0x00000000       0x24 c:/program files (x86)/cypress/psoc creator/4.2/psoc creator/import/gnu/arm/5.4.1/bin/../lib/gcc/arm-none-eabi/5.4.1/../../../../arm-none-eabi/lib/armv7-m\libnosys.a(close.o)
 .stab          0x00000024       0x18 c:/program files (x86)/cypress/psoc creator/4.2/psoc creator/import/gnu/arm/5.4.1/bin/../lib/gcc/arm-none-eabi/5.4.1/../../../../arm-none-eabi/lib/armv7-m\libnosys.a(fstat.o)
                                 0x24 (size before relaxing)
 .stab          0x0000003c       0x18 c:/program files (x86)/cypress/psoc creator/4.2/psoc creator/import/gnu/arm/5.4.1/bin/../lib/gcc/arm-none-eabi/5.4.1/../../../../arm-none-eabi/lib/armv7-m\libnosys.a(isatty.o)
                                 0x24 (size before relaxing)
 .stab          0x00000054       0x18 c:/program files (x86)/cypress/psoc creator/4.2/psoc creator/import/gnu/arm/5.4.1/bin/../lib/gcc/arm-none-eabi/5.4.1/../../../../arm-none-eabi/lib/armv7-m\libnosys.a(lseek.o)
                                 0x24 (size before relaxing)

.stabstr        0x00000000       0xe3
 *(.stabstr)
 .stabstr       0x00000000       0xe3 c:/program files (x86)/cypress/psoc creator/4.2/psoc creator/import/gnu/arm/5.4.1/bin/../lib/gcc/arm-none-eabi/5.4.1/../../../../arm-none-eabi/lib/armv7-m\libnosys.a(close.o)

.debug
 *(.debug)

.line
 *(.line)

.debug_srcinfo
 *(.debug_srcinfo)

.debug_sfnames
 *(.debug_sfnames)

.debug_aranges  0x00000000     0x1b40
 *(.debug_aranges)
 .debug_aranges
                0x00000000       0x20 .\CortexM3\ARM_GCC_541\Debug\Beep.o
 .debug_aranges
                0x00000020       0x40 .\CortexM3\ARM_GCC_541\Debug\Gyro.o
 .debug_aranges
                0x00000060       0x20 .\CortexM3\ARM_GCC_541\Debug\Magnet.o
 .debug_aranges
                0x00000080       0x30 .\CortexM3\ARM_GCC_541\Debug\Motor.o
 .debug_aranges
                0x000000b0       0x30 .\CortexM3\ARM_GCC_541\Debug\Nunchuk.o
 .debug_aranges
                0x000000e0       0x30 .\CortexM3\ARM_GCC_541\Debug\I2C_Common.o
 .debug_aranges
                0x00000110       0x28 .\CortexM3\ARM_GCC_541\Debug\LSM303D.o
 .debug_aranges
                0x00000138       0x88 .\CortexM3\ARM_GCC_541\Debug\debug_uart.o
 .debug_aranges
                0x000001c0      0x130 .\CortexM3\ARM_GCC_541\Debug\esp8266_socket.o
 .debug_aranges
                0x000002f0       0x40 .\CortexM3\ARM_GCC_541\Debug\rtos_main.o
 .debug_aranges
                0x00000330       0x58 .\CortexM3\ARM_GCC_541\Debug\serial.o
 .debug_aranges
                0x00000388       0x40 .\CortexM3\ARM_GCC_541\Debug\mqtt_sender.o
 .debug_aranges
                0x000003c8       0x48 .\CortexM3\ARM_GCC_541\Debug\serial1.o
 .debug_aranges
                0x00000410       0x18 .\CortexM3\ARM_GCC_541\Debug\Reflectance.o
 .debug_aranges
                0x00000428       0xa8 .\CortexM3\ARM_GCC_541\Debug\simulator.o
 .debug_aranges
                0x000004d0       0x58 .\CortexM3\ARM_GCC_541\Debug\library.o
 .debug_aranges
                0x00000528       0xe0 .\CortexM3\ARM_GCC_541\Debug\MQTTClient.o
 .debug_aranges
                0x00000608       0x88 .\CortexM3\ARM_GCC_541\Debug\MQTTFreeRTOS.o
 .debug_aranges
                0x00000690       0x48 .\CortexM3\ARM_GCC_541\Debug\MQTTConnectClient.o
 .debug_aranges
                0x000006d8       0x30 .\CortexM3\ARM_GCC_541\Debug\MQTTConnectServer.o
 .debug_aranges
                0x00000708       0x28 .\CortexM3\ARM_GCC_541\Debug\MQTTDeserializePublish.o
 .debug_aranges
                0x00000730       0x58 .\CortexM3\ARM_GCC_541\Debug\MQTTFormat.o
 .debug_aranges
                0x00000788       0xa8 .\CortexM3\ARM_GCC_541\Debug\MQTTPacket.o
 .debug_aranges
                0x00000830       0x48 .\CortexM3\ARM_GCC_541\Debug\MQTTSerializePublish.o
 .debug_aranges
                0x00000878       0x30 .\CortexM3\ARM_GCC_541\Debug\MQTTSubscribeClient.o
 .debug_aranges
                0x000008a8       0x28 .\CortexM3\ARM_GCC_541\Debug\MQTTSubscribeServer.o
 .debug_aranges
                0x000008d0       0x30 .\CortexM3\ARM_GCC_541\Debug\MQTTUnsubscribeClient.o
 .debug_aranges
                0x00000900       0x28 .\CortexM3\ARM_GCC_541\Debug\MQTTUnsubscribeServer.o
 .debug_aranges
                0x00000928       0x18 .\CortexM3\ARM_GCC_541\Debug\croutine.o
 .debug_aranges
                0x00000940       0x78 .\CortexM3\ARM_GCC_541\Debug\event_groups.o
 .debug_aranges
                0x000009b8       0x40 .\CortexM3\ARM_GCC_541\Debug\list.o
 .debug_aranges
                0x000009f8      0x128 .\CortexM3\ARM_GCC_541\Debug\queue.o
 .debug_aranges
                0x00000b20       0xd0 .\CortexM3\ARM_GCC_541\Debug\stream_buffer.o
 .debug_aranges
                0x00000bf0      0x1f8 .\CortexM3\ARM_GCC_541\Debug\tasks.o
 .debug_aranges
                0x00000de8       0x18 .\CortexM3\ARM_GCC_541\Debug\timers.o
 .debug_aranges
                0x00000e00       0x70 .\CortexM3\ARM_GCC_541\Debug\port.o
 .debug_aranges
                0x00000e70       0x40 .\CortexM3\ARM_GCC_541\Debug\heap_2.o
 .debug_aranges
                0x00000eb0       0x20 .\CortexM3\ARM_GCC_541\Debug\main.o
 .debug_aranges
                0x00000ed0       0x58 .\CortexM3\ARM_GCC_541\Debug\cyfitter_cfg.o
 .debug_aranges
                0x00000f28       0x18 .\CortexM3\ARM_GCC_541\Debug\cymetadata.o
 .debug_aranges
                0x00000f40       0x48 .\CortexM3\ARM_GCC_541\Debug\Cm3Start.o
 .debug_aranges
                0x00000f88       0x38 .\CortexM3\ARM_GCC_541\Debug\ZumoBot.a(I2C.o)
 .debug_aranges
                0x00000fc0       0x20 .\CortexM3\ARM_GCC_541\Debug\ZumoBot.a(I2C_INT.o)
 .debug_aranges
                0x00000fe0       0x38 .\CortexM3\ARM_GCC_541\Debug\ZumoBot.a(I2C_PM.o)
 .debug_aranges
                0x00001018       0x80 .\CortexM3\ARM_GCC_541\Debug\ZumoBot.a(I2C_MASTER.o)
 .debug_aranges
                0x00001098       0xf0 .\CortexM3\ARM_GCC_541\Debug\ZumoBot.a(UART_1.o)
 .debug_aranges
                0x00001188       0x80 .\CortexM3\ARM_GCC_541\Debug\ZumoBot.a(Buzzer_PWM.o)
 .debug_aranges
                0x00001208       0x38 .\CortexM3\ARM_GCC_541\Debug\ZumoBot.a(SW1.o)
 .debug_aranges
                0x00001240       0xf0 .\CortexM3\ARM_GCC_541\Debug\ZumoBot.a(UART_2.o)
 .debug_aranges
                0x00001330       0x80 .\CortexM3\ARM_GCC_541\Debug\ZumoBot.a(isr_U2_TX.o)
 .debug_aranges
                0x000013b0       0x80 .\CortexM3\ARM_GCC_541\Debug\ZumoBot.a(isr_U2_RX.o)
 .debug_aranges
                0x00001430       0x98 .\CortexM3\ARM_GCC_541\Debug\ZumoBot.a(StatisticsCounter.o)
 .debug_aranges
                0x000014c8       0x38 .\CortexM3\ARM_GCC_541\Debug\ZumoBot.a(RST_E.o)
 .debug_aranges
                0x00001500       0x80 .\CortexM3\ARM_GCC_541\Debug\ZumoBot.a(isr_U1_TX.o)
 .debug_aranges
                0x00001580       0x80 .\CortexM3\ARM_GCC_541\Debug\ZumoBot.a(isr_U1_RX.o)
 .debug_aranges
                0x00001600       0x70 .\CortexM3\ARM_GCC_541\Debug\ZumoBot.a(UART_1_IntClock.o)
 .debug_aranges
                0x00001670       0x70 .\CortexM3\ARM_GCC_541\Debug\ZumoBot.a(UART_2_IntClock.o)
 .debug_aranges
                0x000016e0      0x2a0 .\CortexM3\ARM_GCC_541\Debug\ZumoBot.a(CyLib.o)
 .debug_aranges
                0x00001980       0x98 .\CortexM3\ARM_GCC_541\Debug\ZumoBot.a(cyPm.o)
 .debug_aranges
                0x00001a18       0x20 .\CortexM3\ARM_GCC_541\Debug\ZumoBot.a(CyBootAsmGnu.o)
 .debug_aranges
                0x00001a38       0x88 .\CortexM3\ARM_GCC_541\Debug\ZumoBot.a(CyFlash.o)
 .debug_aranges
                0x00001ac0       0x80 .\CortexM3\ARM_GCC_541\Debug\ZumoBot.a(CySpc.o)

.debug_pubnames
 *(.debug_pubnames)

.debug_info     0x00000000    0x1993a
 *(.debug_info .gnu.linkonce.wi.*)
 .debug_info    0x00000000      0x195 .\CortexM3\ARM_GCC_541\Debug\Beep.o
 .debug_info    0x00000195      0x3d5 .\CortexM3\ARM_GCC_541\Debug\Gyro.o
 .debug_info    0x0000056a      0x146 .\CortexM3\ARM_GCC_541\Debug\Magnet.o
 .debug_info    0x000006b0      0x1d8 .\CortexM3\ARM_GCC_541\Debug\Motor.o
 .debug_info    0x00000888      0x2b5 .\CortexM3\ARM_GCC_541\Debug\Nunchuk.o
 .debug_info    0x00000b3d      0x298 .\CortexM3\ARM_GCC_541\Debug\I2C_Common.o
 .debug_info    0x00000dd5      0x151 .\CortexM3\ARM_GCC_541\Debug\LSM303D.o
 .debug_info    0x00000f26      0x8a0 .\CortexM3\ARM_GCC_541\Debug\debug_uart.o
 .debug_info    0x000017c6     0x1bd1 .\CortexM3\ARM_GCC_541\Debug\esp8266_socket.o
 .debug_info    0x00003397      0x3c3 .\CortexM3\ARM_GCC_541\Debug\rtos_main.o
 .debug_info    0x0000375a      0x64a .\CortexM3\ARM_GCC_541\Debug\serial.o
 .debug_info    0x00003da4      0xd0a .\CortexM3\ARM_GCC_541\Debug\mqtt_sender.o
 .debug_info    0x00004aae      0x4f4 .\CortexM3\ARM_GCC_541\Debug\serial1.o
 .debug_info    0x00004fa2       0xae .\CortexM3\ARM_GCC_541\Debug\Reflectance.o
 .debug_info    0x00005050      0x8e7 .\CortexM3\ARM_GCC_541\Debug\simulator.o
 .debug_info    0x00005937      0x75d .\CortexM3\ARM_GCC_541\Debug\library.o
 .debug_info    0x00006094     0x1cfb .\CortexM3\ARM_GCC_541\Debug\MQTTClient.o
 .debug_info    0x00007d8f      0x87b .\CortexM3\ARM_GCC_541\Debug\MQTTFreeRTOS.o
 .debug_info    0x0000860a      0x8ad .\CortexM3\ARM_GCC_541\Debug\MQTTConnectClient.o
 .debug_info    0x00008eb7      0x766 .\CortexM3\ARM_GCC_541\Debug\MQTTConnectServer.o
 .debug_info    0x0000961d      0x434 .\CortexM3\ARM_GCC_541\Debug\MQTTDeserializePublish.o
 .debug_info    0x00009a51      0x79d .\CortexM3\ARM_GCC_541\Debug\MQTTFormat.o
 .debug_info    0x0000a1ee      0x9ad .\CortexM3\ARM_GCC_541\Debug\MQTTPacket.o
 .debug_info    0x0000ab9b      0x636 .\CortexM3\ARM_GCC_541\Debug\MQTTSerializePublish.o
 .debug_info    0x0000b1d1      0x528 .\CortexM3\ARM_GCC_541\Debug\MQTTSubscribeClient.o
 .debug_info    0x0000b6f9      0x47d .\CortexM3\ARM_GCC_541\Debug\MQTTSubscribeServer.o
 .debug_info    0x0000bb76      0x479 .\CortexM3\ARM_GCC_541\Debug\MQTTUnsubscribeClient.o
 .debug_info    0x0000bfef      0x41c .\CortexM3\ARM_GCC_541\Debug\MQTTUnsubscribeServer.o
 .debug_info    0x0000c40b       0xae .\CortexM3\ARM_GCC_541\Debug\croutine.o
 .debug_info    0x0000c4b9      0x99a .\CortexM3\ARM_GCC_541\Debug\event_groups.o
 .debug_info    0x0000ce53      0x2df .\CortexM3\ARM_GCC_541\Debug\list.o
 .debug_info    0x0000d132     0x1951 .\CortexM3\ARM_GCC_541\Debug\queue.o
 .debug_info    0x0000ea83     0x1236 .\CortexM3\ARM_GCC_541\Debug\stream_buffer.o
 .debug_info    0x0000fcb9     0x2f3d .\CortexM3\ARM_GCC_541\Debug\tasks.o
 .debug_info    0x00012bf6       0xae .\CortexM3\ARM_GCC_541\Debug\timers.o
 .debug_info    0x00012ca4      0x363 .\CortexM3\ARM_GCC_541\Debug\port.o
 .debug_info    0x00013007      0x38c .\CortexM3\ARM_GCC_541\Debug\heap_2.o
 .debug_info    0x00013393      0x1c5 .\CortexM3\ARM_GCC_541\Debug\main.o
 .debug_info    0x00013558      0x69a .\CortexM3\ARM_GCC_541\Debug\cyfitter_cfg.o
 .debug_info    0x00013bf2      0x139 .\CortexM3\ARM_GCC_541\Debug\cymetadata.o
 .debug_info    0x00013d2b      0x3bb .\CortexM3\ARM_GCC_541\Debug\Cm3Start.o
 .debug_info    0x000140e6      0x2ad .\CortexM3\ARM_GCC_541\Debug\ZumoBot.a(I2C.o)
 .debug_info    0x00014393      0x184 .\CortexM3\ARM_GCC_541\Debug\ZumoBot.a(I2C_INT.o)
 .debug_info    0x00014517      0x207 .\CortexM3\ARM_GCC_541\Debug\ZumoBot.a(I2C_PM.o)
 .debug_info    0x0001471e      0x407 .\CortexM3\ARM_GCC_541\Debug\ZumoBot.a(I2C_MASTER.o)
 .debug_info    0x00014b25      0x60c .\CortexM3\ARM_GCC_541\Debug\ZumoBot.a(UART_1.o)
 .debug_info    0x00015131      0x279 .\CortexM3\ARM_GCC_541\Debug\ZumoBot.a(Buzzer_PWM.o)
 .debug_info    0x000153aa      0x11f .\CortexM3\ARM_GCC_541\Debug\ZumoBot.a(SW1.o)
 .debug_info    0x000154c9      0x60c .\CortexM3\ARM_GCC_541\Debug\ZumoBot.a(UART_2.o)
 .debug_info    0x00015ad5      0x2d2 .\CortexM3\ARM_GCC_541\Debug\ZumoBot.a(isr_U2_TX.o)
 .debug_info    0x00015da7      0x2d2 .\CortexM3\ARM_GCC_541\Debug\ZumoBot.a(isr_U2_RX.o)
 .debug_info    0x00016079      0x343 .\CortexM3\ARM_GCC_541\Debug\ZumoBot.a(StatisticsCounter.o)
 .debug_info    0x000163bc      0x11f .\CortexM3\ARM_GCC_541\Debug\ZumoBot.a(RST_E.o)
 .debug_info    0x000164db      0x2d2 .\CortexM3\ARM_GCC_541\Debug\ZumoBot.a(isr_U1_TX.o)
 .debug_info    0x000167ad      0x2d2 .\CortexM3\ARM_GCC_541\Debug\ZumoBot.a(isr_U1_RX.o)
 .debug_info    0x00016a7f      0x283 .\CortexM3\ARM_GCC_541\Debug\ZumoBot.a(UART_1_IntClock.o)
 .debug_info    0x00016d02      0x283 .\CortexM3\ARM_GCC_541\Debug\ZumoBot.a(UART_2_IntClock.o)
 .debug_info    0x00016f85     0x1374 .\CortexM3\ARM_GCC_541\Debug\ZumoBot.a(CyLib.o)
 .debug_info    0x000182f9      0xa2a .\CortexM3\ARM_GCC_541\Debug\ZumoBot.a(cyPm.o)
 .debug_info    0x00018d23       0x7a .\CortexM3\ARM_GCC_541\Debug\ZumoBot.a(CyBootAsmGnu.o)
 .debug_info    0x00018d9d      0x64d .\CortexM3\ARM_GCC_541\Debug\ZumoBot.a(CyFlash.o)
 .debug_info    0x000193ea      0x550 .\CortexM3\ARM_GCC_541\Debug\ZumoBot.a(CySpc.o)

.debug_abbrev   0x00000000     0x5de2
 *(.debug_abbrev)
 .debug_abbrev  0x00000000       0xda .\CortexM3\ARM_GCC_541\Debug\Beep.o
 .debug_abbrev  0x000000da      0x169 .\CortexM3\ARM_GCC_541\Debug\Gyro.o
 .debug_abbrev  0x00000243       0xcb .\CortexM3\ARM_GCC_541\Debug\Magnet.o
 .debug_abbrev  0x0000030e       0xad .\CortexM3\ARM_GCC_541\Debug\Motor.o
 .debug_abbrev  0x000003bb       0xf5 .\CortexM3\ARM_GCC_541\Debug\Nunchuk.o
 .debug_abbrev  0x000004b0       0xf3 .\CortexM3\ARM_GCC_541\Debug\I2C_Common.o
 .debug_abbrev  0x000005a3       0xb9 .\CortexM3\ARM_GCC_541\Debug\LSM303D.o
 .debug_abbrev  0x0000065c      0x26a .\CortexM3\ARM_GCC_541\Debug\debug_uart.o
 .debug_abbrev  0x000008c6      0x3cb .\CortexM3\ARM_GCC_541\Debug\esp8266_socket.o
 .debug_abbrev  0x00000c91      0x1b6 .\CortexM3\ARM_GCC_541\Debug\rtos_main.o
 .debug_abbrev  0x00000e47      0x127 .\CortexM3\ARM_GCC_541\Debug\serial.o
 .debug_abbrev  0x00000f6e      0x2bc .\CortexM3\ARM_GCC_541\Debug\mqtt_sender.o
 .debug_abbrev  0x0000122a      0x127 .\CortexM3\ARM_GCC_541\Debug\serial1.o
 .debug_abbrev  0x00001351       0x4b .\CortexM3\ARM_GCC_541\Debug\Reflectance.o
 .debug_abbrev  0x0000139c      0x29c .\CortexM3\ARM_GCC_541\Debug\simulator.o
 .debug_abbrev  0x00001638      0x169 .\CortexM3\ARM_GCC_541\Debug\library.o
 .debug_abbrev  0x000017a1      0x39b .\CortexM3\ARM_GCC_541\Debug\MQTTClient.o
 .debug_abbrev  0x00001b3c      0x1a7 .\CortexM3\ARM_GCC_541\Debug\MQTTFreeRTOS.o
 .debug_abbrev  0x00001ce3      0x1c1 .\CortexM3\ARM_GCC_541\Debug\MQTTConnectClient.o
 .debug_abbrev  0x00001ea4      0x1b6 .\CortexM3\ARM_GCC_541\Debug\MQTTConnectServer.o
 .debug_abbrev  0x0000205a      0x190 .\CortexM3\ARM_GCC_541\Debug\MQTTDeserializePublish.o
 .debug_abbrev  0x000021ea      0x131 .\CortexM3\ARM_GCC_541\Debug\MQTTFormat.o
 .debug_abbrev  0x0000231b      0x2f3 .\CortexM3\ARM_GCC_541\Debug\MQTTPacket.o
 .debug_abbrev  0x0000260e      0x1a2 .\CortexM3\ARM_GCC_541\Debug\MQTTSerializePublish.o
 .debug_abbrev  0x000027b0      0x1c0 .\CortexM3\ARM_GCC_541\Debug\MQTTSubscribeClient.o
 .debug_abbrev  0x00002970      0x1b5 .\CortexM3\ARM_GCC_541\Debug\MQTTSubscribeServer.o
 .debug_abbrev  0x00002b25      0x1a4 .\CortexM3\ARM_GCC_541\Debug\MQTTUnsubscribeClient.o
 .debug_abbrev  0x00002cc9      0x1b5 .\CortexM3\ARM_GCC_541\Debug\MQTTUnsubscribeServer.o
 .debug_abbrev  0x00002e7e       0x4b .\CortexM3\ARM_GCC_541\Debug\croutine.o
 .debug_abbrev  0x00002ec9      0x226 .\CortexM3\ARM_GCC_541\Debug\event_groups.o
 .debug_abbrev  0x000030ef       0xf6 .\CortexM3\ARM_GCC_541\Debug\list.o
 .debug_abbrev  0x000031e5      0x2ce .\CortexM3\ARM_GCC_541\Debug\queue.o
 .debug_abbrev  0x000034b3      0x25d .\CortexM3\ARM_GCC_541\Debug\stream_buffer.o
 .debug_abbrev  0x00003710      0x3d8 .\CortexM3\ARM_GCC_541\Debug\tasks.o
 .debug_abbrev  0x00003ae8       0x4b .\CortexM3\ARM_GCC_541\Debug\timers.o
 .debug_abbrev  0x00003b33      0x1db .\CortexM3\ARM_GCC_541\Debug\port.o
 .debug_abbrev  0x00003d0e      0x1b9 .\CortexM3\ARM_GCC_541\Debug\heap_2.o
 .debug_abbrev  0x00003ec7       0xdb .\CortexM3\ARM_GCC_541\Debug\main.o
 .debug_abbrev  0x00003fa2      0x20d .\CortexM3\ARM_GCC_541\Debug\cyfitter_cfg.o
 .debug_abbrev  0x000041af       0x77 .\CortexM3\ARM_GCC_541\Debug\cymetadata.o
 .debug_abbrev  0x00004226      0x1e8 .\CortexM3\ARM_GCC_541\Debug\Cm3Start.o
 .debug_abbrev  0x0000440e      0x10a .\CortexM3\ARM_GCC_541\Debug\ZumoBot.a(I2C.o)
 .debug_abbrev  0x00004518       0xb6 .\CortexM3\ARM_GCC_541\Debug\ZumoBot.a(I2C_INT.o)
 .debug_abbrev  0x000045ce       0xfe .\CortexM3\ARM_GCC_541\Debug\ZumoBot.a(I2C_PM.o)
 .debug_abbrev  0x000046cc      0x13c .\CortexM3\ARM_GCC_541\Debug\ZumoBot.a(I2C_MASTER.o)
 .debug_abbrev  0x00004808      0x175 .\CortexM3\ARM_GCC_541\Debug\ZumoBot.a(UART_1.o)
 .debug_abbrev  0x0000497d      0x12d .\CortexM3\ARM_GCC_541\Debug\ZumoBot.a(Buzzer_PWM.o)
 .debug_abbrev  0x00004aaa       0x90 .\CortexM3\ARM_GCC_541\Debug\ZumoBot.a(SW1.o)
 .debug_abbrev  0x00004b3a      0x175 .\CortexM3\ARM_GCC_541\Debug\ZumoBot.a(UART_2.o)
 .debug_abbrev  0x00004caf      0x173 .\CortexM3\ARM_GCC_541\Debug\ZumoBot.a(isr_U2_TX.o)
 .debug_abbrev  0x00004e22      0x173 .\CortexM3\ARM_GCC_541\Debug\ZumoBot.a(isr_U2_RX.o)
 .debug_abbrev  0x00004f95      0x117 .\CortexM3\ARM_GCC_541\Debug\ZumoBot.a(StatisticsCounter.o)
 .debug_abbrev  0x000050ac       0x90 .\CortexM3\ARM_GCC_541\Debug\ZumoBot.a(RST_E.o)
 .debug_abbrev  0x0000513c      0x173 .\CortexM3\ARM_GCC_541\Debug\ZumoBot.a(isr_U1_TX.o)
 .debug_abbrev  0x000052af      0x173 .\CortexM3\ARM_GCC_541\Debug\ZumoBot.a(isr_U1_RX.o)
 .debug_abbrev  0x00005422      0x139 .\CortexM3\ARM_GCC_541\Debug\ZumoBot.a(UART_1_IntClock.o)
 .debug_abbrev  0x0000555b      0x139 .\CortexM3\ARM_GCC_541\Debug\ZumoBot.a(UART_2_IntClock.o)
 .debug_abbrev  0x00005694      0x254 .\CortexM3\ARM_GCC_541\Debug\ZumoBot.a(CyLib.o)
 .debug_abbrev  0x000058e8      0x1ab .\CortexM3\ARM_GCC_541\Debug\ZumoBot.a(cyPm.o)
 .debug_abbrev  0x00005a93       0x14 .\CortexM3\ARM_GCC_541\Debug\ZumoBot.a(CyBootAsmGnu.o)
 .debug_abbrev  0x00005aa7      0x1a7 .\CortexM3\ARM_GCC_541\Debug\ZumoBot.a(CyFlash.o)
 .debug_abbrev  0x00005c4e      0x194 .\CortexM3\ARM_GCC_541\Debug\ZumoBot.a(CySpc.o)

.debug_line     0x00000000     0x98bf
 *(.debug_line)
 .debug_line    0x00000000      0x1ac .\CortexM3\ARM_GCC_541\Debug\Beep.o
 .debug_line    0x000001ac      0x244 .\CortexM3\ARM_GCC_541\Debug\Gyro.o
 .debug_line    0x000003f0        0x0 .\CortexM3\ARM_GCC_541\Debug\IR.o
 .debug_line    0x000003f0      0x1ff .\CortexM3\ARM_GCC_541\Debug\Magnet.o
 .debug_line    0x000005ef      0x1a3 .\CortexM3\ARM_GCC_541\Debug\Motor.o
 .debug_line    0x00000792      0x1db .\CortexM3\ARM_GCC_541\Debug\Nunchuk.o
 .debug_line    0x0000096d        0x0 .\CortexM3\ARM_GCC_541\Debug\Ultra.o
 .debug_line    0x0000096d        0x0 .\CortexM3\ARM_GCC_541\Debug\Retarget.o
 .debug_line    0x0000096d      0x1aa .\CortexM3\ARM_GCC_541\Debug\I2C_Common.o
 .debug_line    0x00000b17      0x187 .\CortexM3\ARM_GCC_541\Debug\LSM303D.o
 .debug_line    0x00000c9e      0x42e .\CortexM3\ARM_GCC_541\Debug\debug_uart.o