Archive member included to satisfy reference by file (symbol)

.\CortexM3\ARM_GCC_541\Debug\ZumoBot.a(I2C.o)
                              .\CortexM3\ARM_GCC_541\Debug\Nunchuk.o (I2C_Start)
.\CortexM3\ARM_GCC_541\Debug\ZumoBot.a(I2C_INT.o)
                              .\CortexM3\ARM_GCC_541\Debug\ZumoBot.a(I2C.o) (I2C_ISR)
.\CortexM3\ARM_GCC_541\Debug\ZumoBot.a(I2C_PM.o)
                              .\CortexM3\ARM_GCC_541\Debug\ZumoBot.a(I2C.o) (I2C_backup)
.\CortexM3\ARM_GCC_541\Debug\ZumoBot.a(I2C_MASTER.o)
                              .\CortexM3\ARM_GCC_541\Debug\Nunchuk.o (I2C_MasterWriteBuf)
.\CortexM3\ARM_GCC_541\Debug\ZumoBot.a(UART_1.o)
                              .\CortexM3\ARM_GCC_541\Debug\rtos_main.o (UART_1_Start)
.\CortexM3\ARM_GCC_541\Debug\ZumoBot.a(Buzzer_PWM.o)
                              .\CortexM3\ARM_GCC_541\Debug\Beep.o (Buzzer_PWM_Stop)
.\CortexM3\ARM_GCC_541\Debug\ZumoBot.a(SW1.o)
                              .\CortexM3\ARM_GCC_541\Debug\main.o (SW1_Read)
.\CortexM3\ARM_GCC_541\Debug\ZumoBot.a(UART_2.o)
                              .\CortexM3\ARM_GCC_541\Debug\rtos_main.o (UART_2_Start)
.\CortexM3\ARM_GCC_541\Debug\ZumoBot.a(isr_U2_TX.o)
                              .\CortexM3\ARM_GCC_541\Debug\serial.o (isr_U2_TX_StartEx)
.\CortexM3\ARM_GCC_541\Debug\ZumoBot.a(isr_U2_RX.o)
                              .\CortexM3\ARM_GCC_541\Debug\serial.o (isr_U2_RX_StartEx)
.\CortexM3\ARM_GCC_541\Debug\ZumoBot.a(StatisticsCounter.o)
                              .\CortexM3\ARM_GCC_541\Debug\tasks.o (StatisticsCounter_ReadCounter)
.\CortexM3\ARM_GCC_541\Debug\ZumoBot.a(RST_E.o)
                              .\CortexM3\ARM_GCC_541\Debug\esp8266_socket.o (RST_E_Write)
.\CortexM3\ARM_GCC_541\Debug\ZumoBot.a(isr_U1_TX.o)
                              .\CortexM3\ARM_GCC_541\Debug\serial1.o (isr_U1_TX_StartEx)
.\CortexM3\ARM_GCC_541\Debug\ZumoBot.a(isr_U1_RX.o)
                              .\CortexM3\ARM_GCC_541\Debug\serial1.o (isr_U1_RX_StartEx)
.\CortexM3\ARM_GCC_541\Debug\ZumoBot.a(UART_1_IntClock.o)
                              .\CortexM3\ARM_GCC_541\Debug\ZumoBot.a(UART_1.o) (UART_1_IntClock_Start)
.\CortexM3\ARM_GCC_541\Debug\ZumoBot.a(UART_2_IntClock.o)
                              .\CortexM3\ARM_GCC_541\Debug\ZumoBot.a(UART_2.o) (UART_2_IntClock_Start)
.\CortexM3\ARM_GCC_541\Debug\ZumoBot.a(CyLib.o)
                              .\CortexM3\ARM_GCC_541\Debug\Cm3Start.o (CyHalt)
.\CortexM3\ARM_GCC_541\Debug\ZumoBot.a(cyPm.o)
                              .\CortexM3\ARM_GCC_541\Debug\ZumoBot.a(CyLib.o) (CyPmReadStatus)
.\CortexM3\ARM_GCC_541\Debug\ZumoBot.a(CyBootAsmGnu.o)
                              .\CortexM3\ARM_GCC_541\Debug\cyfitter_cfg.o (CyDelayCycles)
.\CortexM3\ARM_GCC_541\Debug\ZumoBot.a(CyFlash.o)
                              .\CortexM3\ARM_GCC_541\Debug\ZumoBot.a(cyPm.o) (CyFlash_SetWaitCycles)
.\CortexM3\ARM_GCC_541\Debug\ZumoBot.a(CySpc.o)
                              .\CortexM3\ARM_GCC_541\Debug\ZumoBot.a(CyFlash.o) (CySpcStart)
c:/program files (x86)/cypress/psoc creator/4.2/psoc creator/import/gnu/arm/5.4.1/bin/../lib/gcc/arm-none-eabi/5.4.1/../../../../arm-none-eabi/lib/armv7-m\libm.a(lib_a-w_atan2.o)
                              .\CortexM3\ARM_GCC_541\Debug\Magnet.o (atan2)
c:/program files (x86)/cypress/psoc creator/4.2/psoc creator/import/gnu/arm/5.4.1/bin/../lib/gcc/arm-none-eabi/5.4.1/../../../../arm-none-eabi/lib/armv7-m\libm.a(lib_a-e_atan2.o)
                              c:/program files (x86)/cypress/psoc creator/4.2/psoc creator/import/gnu/arm/5.4.1/bin/../lib/gcc/arm-none-eabi/5.4.1/../../../../arm-none-eabi/lib/armv7-m\libm.a(lib_a-w_atan2.o) (__ieee754_atan2)
c:/program files (x86)/cypress/psoc creator/4.2/psoc creator/import/gnu/arm/5.4.1/bin/../lib/gcc/arm-none-eabi/5.4.1/../../../../arm-none-eabi/lib/armv7-m\libm.a(lib_a-s_atan.o)
                              c:/program files (x86)/cypress/psoc creator/4.2/psoc creator/import/gnu/arm/5.4.1/bin/../lib/gcc/arm-none-eabi/5.4.1/../../../../arm-none-eabi/lib/armv7-m\libm.a(lib_a-e_atan2.o) (atan)
c:/program files (x86)/cypress/psoc creator/4.2/psoc creator/import/gnu/arm/5.4.1/bin/../lib/gcc/arm-none-eabi/5.4.1/../../../../arm-none-eabi/lib/armv7-m\libm.a(lib_a-s_fabs.o)
                              c:/program files (x86)/cypress/psoc creator/4.2/psoc creator/import/gnu/arm/5.4.1/bin/../lib/gcc/arm-none-eabi/5.4.1/../../../../arm-none-eabi/lib/armv7-m\libm.a(lib_a-e_atan2.o) (fabs)
c:/program files (x86)/cypress/psoc creator/4.2/psoc creator/import/gnu/arm/5.4.1/bin/../lib/gcc/arm-none-eabi/5.4.1/armv7-m\libgcc.a(_arm_addsubdf3.o)
                              c:/program files (x86)/cypress/psoc creator/4.2/psoc creator/import/gnu/arm/5.4.1/bin/../lib/gcc/arm-none-eabi/5.4.1/../../../../arm-none-eabi/lib/armv7-m\libm.a(lib_a-e_atan2.o) (__aeabi_dsub)
[...]
Memory Configuration

Name             Origin             Length             Attributes
rom              0x00000000         0x00040000         xr
ram              0x1fff8000         0x00010000         xrw
*default*        0x00000000         0xffffffff

Linker script and memory map

LOAD c:/program files (x86)/cypress/psoc creator/4.2/psoc creator/import/gnu/arm/5.4.1/bin/../lib/gcc/arm-none-eabi/5.4.1/armv7-m/crti.o
LOAD c:/program files (x86)/cypress/psoc creator/4.2/psoc creator/import/gnu/arm/5.4.1/bin/../lib/gcc/arm-none-eabi/5.4.1/armv7-m/crtbegin.o
LOAD c:/program files (x86)/cypress/psoc creator/4.2/psoc creator/import/gnu/arm/5.4.1/bin/../lib/gcc/arm-none-eabi/5.4.1/../../../../arm-none-eabi/lib/armv7-m/crt0.o
START GROUP
LOAD .\CortexM3\ARM_GCC_541\Debug\Beep.o
LOAD .\CortexM3\ARM_GCC_541\Debug\Gyro.o
LOAD .\CortexM3\ARM_GCC_541\Debug\IR.o
LOAD .\CortexM3\ARM_GCC_541\Debug\Magnet.o
LOAD .\CortexM3\ARM_GCC_541\Debug\Motor.o
LOAD .\CortexM3\ARM_GCC_541\Debug\Nunchuk.o
LOAD .\CortexM3\ARM_GCC_541\Debug\Ultra.o
LOAD .\CortexM3\ARM_GCC_541\Debug\Retarget.o
LOAD .\CortexM3\ARM_GCC_541\Debug\I2C_Common.o
LOAD .\CortexM3\ARM_GCC_541\Debug\LSM303D.o
LOAD .\CortexM3\ARM_GCC_541\Debug\debug_uart.o
LOAD .\CortexM3\ARM_GCC_541\Debug\esp8266_socket.o
LOAD .\CortexM3\ARM_GCC_541\Debug\rtos_main.o
LOAD .\CortexM3\ARM_GCC_541\Debug\serial.o
LOAD .\CortexM3\ARM_GCC_541\Debug\mqtt_sender.o
LOAD .\CortexM3\ARM_GCC_541\Debug\serial1.o
LOAD .\CortexM3\ARM_GCC_541\Debug\Reflectance.o
LOAD .\CortexM3\ARM_GCC_541\Debug\simulator.o
LOAD .\CortexM3\ARM_GCC_541\Debug\library.o
LOAD .\CortexM3\ARM_GCC_541\Debug\MQTTClient.o
LOAD .\CortexM3\ARM_GCC_541\Debug\MQTTFreeRTOS.o
LOAD .\CortexM3\ARM_GCC_541\Debug\MQTTConnectClient.o
LOAD .\CortexM3\ARM_GCC_541\Debug\MQTTConnectServer.o
LOAD .\CortexM3\ARM_GCC_541\Debug\MQTTDeserializePublish.o
LOAD .\CortexM3\ARM_GCC_541\Debug\MQTTFormat.o
LOAD .\CortexM3\ARM_GCC_541\Debug\MQTTPacket.o
LOAD .\CortexM3\ARM_GCC_541\Debug\MQTTSerializePublish.o
LOAD .\CortexM3\ARM_GCC_541\Debug\MQTTSubscribeClient.o
LOAD .\CortexM3\ARM_GCC_541\Debug\MQTTSubscribeServer.o
LOAD .\CortexM3\ARM_GCC_541\Debug\MQTTUnsubscribeClient.o
LOAD .\CortexM3\ARM_GCC_541\Debug\MQTTUnsubscribeServer.o
LOAD .\CortexM3\ARM_GCC_541\Debug\croutine.o
LOAD .\CortexM3\ARM_GCC_541\Debug\event_groups.o
LOAD .\CortexM3\ARM_GCC_541\Debug\list.o
LOAD .\CortexM3\ARM_GCC_541\Debug\queue.o
LOAD .\CortexM3\ARM_GCC_541\Debug\stream_buffer.o
LOAD .\CortexM3\ARM_GCC_541\Debug\tasks.o
LOAD .\CortexM3\ARM_GCC_541\Debug\timers.o
LOAD .\CortexM3\ARM_GCC_541\Debug\port.o
LOAD .\CortexM3\ARM_GCC_541\Debug\heap_2.o
LOAD .\CortexM3\ARM_GCC_541\Debug\main.o
LOAD .\CortexM3\ARM_GCC_541\Debug\cyfitter_cfg.o
LOAD .\CortexM3\ARM_GCC_541\Debug\cymetadata.o
LOAD .\CortexM3\ARM_GCC_541\Debug\Cm3Start.o
LOAD .\CortexM3\ARM_GCC_541\Debug\ZumoBot.a
LOAD C:\Program Files (x86)\Cypress\PSoC Creator\4.2\PSoC Creator\psoc\content\cycomponentlibrary\CyComponentLibrary.cylib\CortexM3\ARM_GCC_541\Debug\CyComponentLibrary.a
LOAD c:/program files (x86)/cypress/psoc creator/4.2/psoc creator/import/gnu/arm/5.4.1/bin/../lib/gcc/arm-none-eabi/5.4.1/../../../../arm-none-eabi/lib/armv7-m\libm.a
END GROUP
START GROUP
LOAD c:/program files (x86)/cypress/psoc creator/4.2/psoc creator/import/gnu/arm/5.4.1/bin/../lib/gcc/arm-none-eabi/5.4.1/armv7-m\libgcc.a
LOAD c:/program files (x86)/cypress/psoc creator/4.2/psoc creator/import/gnu/arm/5.4.1/bin/../lib/gcc/arm-none-eabi/5.4.1/../../../../arm-none-eabi/lib/armv7-m\libg.a
LOAD c:/program files (x86)/cypress/psoc creator/4.2/psoc creator/import/gnu/arm/5.4.1/bin/../lib/gcc/arm-none-eabi/5.4.1/../../../../arm-none-eabi/lib/armv7-m\libc.a
END GROUP
LOAD c:/program files (x86)/cypress/psoc creator/4.2/psoc creator/import/gnu/arm/5.4.1/bin/../lib/gcc/arm-none-eabi/5.4.1/armv7-m/crtend.o
LOAD c:/program files (x86)/cypress/psoc creator/4.2/psoc creator/import/gnu/arm/5.4.1/bin/../lib/gcc/arm-none-eabi/5.4.1/armv7-m/crtn.o
START GROUP
LOAD c:/program files (x86)/cypress/psoc creator/4.2/psoc creator/import/gnu/arm/5.4.1/bin/../lib/gcc/arm-none-eabi/5.4.1/armv7-m\libgcc.a
LOAD c:/program files (x86)/cypress/psoc creator/4.2/psoc creator/import/gnu/arm/5.4.1/bin/../lib/gcc/arm-none-eabi/5.4.1/../../../../arm-none-eabi/lib/armv7-m\libc.a
LOAD c:/program files (x86)/cypress/psoc creator/4.2/psoc creator/import/gnu/arm/5.4.1/bin/../lib/gcc/arm-none-eabi/5.4.1/../../../../arm-none-eabi/lib/armv7-m\libnosys.a
END GROUP
                0x00000000                CY_APPL_ORIGIN = 0x0
                0x00000100                CY_FLASH_ROW_SIZE = 0x100
                0x00000020                CY_ECC_ROW_SIZE = 0x20
                0x00000000                CY_EE_IN_BTLDR = 0x0
                0x00000000                CY_APPL_LOADABLE = 0x0
                0x00000800                CY_EE_SIZE = 0x800
                0x00000001                CY_APPL_NUM = 0x1
                0x00000001                CY_APPL_MAX = 0x1
                0x00000040                CY_METADATA_SIZE = 0x40
                0x00000000                CY_APPL_LOADABLE = 0x0
                0x00000000                CY_CHECKSUM_EXCLUDE_SIZE = ALIGN (0x0, CY_FLASH_ROW_SIZE)
                [!provide]                PROVIDE (__cy_heap_start, _end)
                0x00000001                PROVIDE (__cy_region_num, ((__cy_regions_end - __cy_regions) / 0x10))
                0x20008000                PROVIDE (__cy_stack, (ORIGIN (ram) + LENGTH (ram)))
                [!provide]                PROVIDE (__cy_heap_end, (__cy_stack - 0x800))

.cybootloader   0x00000000        0x0
 *(.cybootloader)
                0x00000000                appl1_start = CY_APPL_ORIGIN?CY_APPL_ORIGIN:ALIGN (CY_FLASH_ROW_SIZE)
                0x0001ff00                appl2_start = (appl1_start + ALIGN ((((LENGTH (rom) - appl1_start) - (0x2 * CY_FLASH_ROW_SIZE)) / 0x2), CY_FLASH_ROW_SIZE))
                0x00000000                appl_start = (CY_APPL_NUM == 0x1)?appl1_start:appl2_start
                0x00000000                ecc_offset = ((appl_start / CY_FLASH_ROW_SIZE) * CY_ECC_ROW_SIZE)
                0x00000000                ee_offset = (CY_APPL_LOADABLE && ! (CY_EE_IN_BTLDR))?((CY_EE_SIZE / CY_APPL_MAX) * (CY_APPL_NUM - 0x1)):0x0
                0x00000800                ee_size = (CY_APPL_LOADABLE && ! (CY_EE_IN_BTLDR))?(CY_EE_SIZE / CY_APPL_MAX):CY_EE_SIZE
                [!provide]                PROVIDE (CY_ECC_OFFSET, ecc_offset)

.text           0x00000000     0x7c20
 CREATE_OBJECT_SYMBOLS
                0x00000000                PROVIDE (__cy_interrupt_vector, RomVectors)
 *(.romvectors)
 .romvectors    0x00000000       0x10 .\CortexM3\ARM_GCC_541\Debug\Cm3Start.o
                0x00000000                RomVectors
                0x00000001                ASSERT ((. != __cy_interrupt_vector), No interrupt vector)
                0x00000001                ASSERT (CY_APPL_ORIGIN?(SIZEOF (.cybootloader) <= CY_APPL_ORIGIN):0x1, Wrong image location)
                0x00000010                PROVIDE (__cy_reset, Reset)
 *(.text.Reset)
 .text.Reset    0x00000010       0x18 .\CortexM3\ARM_GCC_541\Debug\Cm3Start.o
                0x00000010                Reset
                0x00000001                ASSERT ((. != __cy_reset), No reset code)
 *(.dma_init)
                0x00000001                ASSERT ((((appl_start + .) <= 0x10000) || 0x1), DMA Init must be within the first 64k of flash)
 *(.text .text.* .gnu.linkonce.t.*)
 .text          0x00000028       0x5c c:/program files (x86)/cypress/psoc creator/4.2/psoc creator/import/gnu/arm/5.4.1/bin/../lib/gcc/arm-none-eabi/5.4.1/armv7-m/crtbegin.o
 .text.motor_forward
                0x00000084       0x18 .\CortexM3\ARM_GCC_541\Debug\Motor.o
                0x00000084                motor_forward
 .text.motor_backward
                0x0000009c       0x18 .\CortexM3\ARM_GCC_541\Debug\Motor.o
                0x0000009c                motor_backward
 .text.start_zmain
                0x000000b4       0x18 .\CortexM3\ARM_GCC_541\Debug\rtos_main.o
 .text.prvHardwareSetup
                0x000000cc       0x2c .\CortexM3\ARM_GCC_541\Debug\rtos_main.o
 .text.main     0x000000f8       0x58 .\CortexM3\ARM_GCC_541\Debug\rtos_main.o
                0x000000f8                main
 .text.vApplicationStackOverflowHook
                0x00000150       0x14 .\CortexM3\ARM_GCC_541\Debug\rtos_main.o
                0x00000150                vApplicationStackOverflowHook
 .text.vApplicationMallocFailedHook
                0x00000164       0x14 .\CortexM3\ARM_GCC_541\Debug\rtos_main.o
                0x00000164                vApplicationMallocFailedHook
 .text.vUart1RxISR
                0x00000178       0x5c .\CortexM3\ARM_GCC_541\Debug\serial1.o
                0x00000178                vUart1RxISR
 .text.vUart1TxISR
                0x000001d4       0x70 .\CortexM3\ARM_GCC_541\Debug\serial1.o
                0x000001d4                vUart1TxISR
 .text.vSerial1PortInitMinimal
                0x00000244       0x58 .\CortexM3\ARM_GCC_541\Debug\serial1.o
                0x00000244                vSerial1PortInitMinimal
 .text.xSerial1GetChar
                0x0000029c       0x20 .\CortexM3\ARM_GCC_541\Debug\serial1.o
                0x0000029c                xSerial1GetChar
 .text.xSerial1PutChar
                0x000002bc       0x3c .\CortexM3\ARM_GCC_541\Debug\serial1.o
                0x000002bc                xSerial1PutChar
 .text.send     0x000002f8       0x40 .\CortexM3\ARM_GCC_541\Debug\simulator.o
 .text.SimulatorTaskInit
                0x00000338       0x18 .\CortexM3\ARM_GCC_541\Debug\simulator.o
                0x00000338                SimulatorTaskInit
 .text.SetMotors
                0x00000350       0x50 .\CortexM3\ARM_GCC_541\Debug\simulator.o
                0x00000350                SetMotors
 .text.motor_start
                0x000003a0        0xc .\CortexM3\ARM_GCC_541\Debug\simulator.o
                0x000003a0                motor_start
 .text.motor_stop
                0x000003ac       0x1c .\CortexM3\ARM_GCC_541\Debug\simulator.o
                0x000003ac                motor_stop
 .text.RetargetInit
                0x000003c8       0x14 .\CortexM3\ARM_GCC_541\Debug\simulator.o
                0x000003c8                RetargetInit
 .text._write   0x000003dc       0x58 .\CortexM3\ARM_GCC_541\Debug\simulator.o
                0x000003dc                _write
 .text._read    0x00000434        0x4 .\CortexM3\ARM_GCC_541\Debug\simulator.o
                0x00000434                _read
 .text.Ultra_Start
                0x00000438        0xc .\CortexM3\ARM_GCC_541\Debug\simulator.o
                0x00000438                Ultra_Start
 .text.Ultra_GetDistance
                0x00000444       0x1c .\CortexM3\ARM_GCC_541\Debug\simulator.o
                0x00000444                Ultra_GetDistance
 .text.SimulatorTask
                0x00000460      0x178 .\CortexM3\ARM_GCC_541\Debug\simulator.o
                0x00000460                SimulatorTask
 .text.motor_tank_turn
                0x000005d8       0x48 .\CortexM3\ARM_GCC_541\Debug\library.o
                0x000005d8                motor_tank_turn
 .text.vListInitialise
                0x00000620       0x18 .\CortexM3\ARM_GCC_541\Debug\list.o
                0x00000620                vListInitialise
 .text.vListInitialiseItem
                0x00000638        0x8 .\CortexM3\ARM_GCC_541\Debug\list.o
                0x00000638                vListInitialiseItem
 .text.vListInsertEnd
                0x00000640       0x18 .\CortexM3\ARM_GCC_541\Debug\list.o
                0x00000640                vListInsertEnd
 .text.vListInsert
                0x00000658       0x34 .\CortexM3\ARM_GCC_541\Debug\list.o
                0x00000658                vListInsert
 .text.uxListRemove
                0x0000068c       0x28 .\CortexM3\ARM_GCC_541\Debug\list.o
                0x0000068c                uxListRemove
 .text.prvGetDisinheritPriorityAfterTimeout
                0x000006b4       0x14 .\CortexM3\ARM_GCC_541\Debug\queue.o
 .text.prvIsQueueFull
                0x000006c8       0x20 .\CortexM3\ARM_GCC_541\Debug\queue.o
 .text.prvIsQueueEmpty
                0x000006e8       0x1c .\CortexM3\ARM_GCC_541\Debug\queue.o
 .text.prvCopyDataToQueue
                0x00000704       0x78 .\CortexM3\ARM_GCC_541\Debug\queue.o
 .text.prvCopyDataFromQueue
                0x0000077c       0x24 .\CortexM3\ARM_GCC_541\Debug\queue.o
 .text.prvUnlockQueue
                0x000007a0       0x68 .\CortexM3\ARM_GCC_541\Debug\queue.o
 .text.xQueueGenericReset
                0x00000808       0x6c .\CortexM3\ARM_GCC_541\Debug\queue.o
                0x00000808                xQueueGenericReset
 .text.prvInitialiseNewQueue
                0x00000874       0x24 .\CortexM3\ARM_GCC_541\Debug\queue.o
 .text.xQueueGenericCreate
                0x00000898       0x34 .\CortexM3\ARM_GCC_541\Debug\queue.o
                0x00000898                xQueueGenericCreate
 .text.xQueueGenericSend
                0x000008cc      0x108 .\CortexM3\ARM_GCC_541\Debug\queue.o
                0x000008cc                xQueueGenericSend
 .text.prvInitialiseMutex
                0x000009d4       0x18 .\CortexM3\ARM_GCC_541\Debug\queue.o
 .text.xQueueCreateMutex
                0x000009ec       0x18 .\CortexM3\ARM_GCC_541\Debug\queue.o
                0x000009ec                xQueueCreateMutex
 .text.xQueueGenericSendFromISR
                0x00000a04       0x70 .\CortexM3\ARM_GCC_541\Debug\queue.o
                0x00000a04                xQueueGenericSendFromISR
 .text.xQueueReceive
                0x00000a74       0xf8 .\CortexM3\ARM_GCC_541\Debug\queue.o
                0x00000a74                xQueueReceive
 .text.xQueueSemaphoreTake
                0x00000b6c      0x128 .\CortexM3\ARM_GCC_541\Debug\queue.o
                0x00000b6c                xQueueSemaphoreTake
 .text.xQueueReceiveFromISR
                0x00000c94       0x74 .\CortexM3\ARM_GCC_541\Debug\queue.o
                0x00000c94                xQueueReceiveFromISR
 .text.prvResetNextTaskUnblockTime
                0x00000d08       0x2c .\CortexM3\ARM_GCC_541\Debug\tasks.o
 .text.prvInitialiseNewTask
                0x00000d34      0x100 .\CortexM3\ARM_GCC_541\Debug\tasks.o
 .text.prvInitialiseTaskLists
                0x00000e34       0x58 .\CortexM3\ARM_GCC_541\Debug\tasks.o
 .text.prvAddNewTaskToReadyList
                0x00000e8c       0xac .\CortexM3\ARM_GCC_541\Debug\tasks.o
 .text.prvDeleteTCB
                0x00000f38       0x18 .\CortexM3\ARM_GCC_541\Debug\tasks.o
 .text.prvCheckTasksWaitingTermination
                0x00000f50       0x44 .\CortexM3\ARM_GCC_541\Debug\tasks.o
 .text.prvIdleTask
                0x00000f94        0x8 .\CortexM3\ARM_GCC_541\Debug\tasks.o
 .text.prvAddCurrentTaskToDelayedList
                0x00000f9c       0x84 .\CortexM3\ARM_GCC_541\Debug\tasks.o
 .text.xTaskCreate
                0x00001020       0x64 .\CortexM3\ARM_GCC_541\Debug\tasks.o
                0x00001020                xTaskCreate
 .text.vTaskStartScheduler
                0x00001084       0x6c .\CortexM3\ARM_GCC_541\Debug\tasks.o
                0x00001084                vTaskStartScheduler
 .text.vTaskSuspendAll
                0x000010f0       0x14 .\CortexM3\ARM_GCC_541\Debug\tasks.o
                0x000010f0                vTaskSuspendAll
 .text.xTaskGetTickCount
                0x00001104        0xc .\CortexM3\ARM_GCC_541\Debug\tasks.o
                0x00001104                xTaskGetTickCount
 .text.xTaskIncrementTick
                0x00001110      0x108 .\CortexM3\ARM_GCC_541\Debug\tasks.o
                0x00001110                xTaskIncrementTick
 .text.xTaskResumeAll
                0x00001218       0xd8 .\CortexM3\ARM_GCC_541\Debug\tasks.o
                0x00001218                xTaskResumeAll
 .text.vTaskDelayUntil
                0x000012f0       0x6c .\CortexM3\ARM_GCC_541\Debug\tasks.o
                0x000012f0                vTaskDelayUntil
 .text.vTaskDelay
                0x0000135c       0x34 .\CortexM3\ARM_GCC_541\Debug\tasks.o
                0x0000135c                vTaskDelay
 .text.vTaskSwitchContext
                0x00001390       0xd4 .\CortexM3\ARM_GCC_541\Debug\tasks.o
                0x00001390                vTaskSwitchContext
 .text.vTaskSuspend
                0x00001464       0xc0 .\CortexM3\ARM_GCC_541\Debug\tasks.o
                0x00001464                vTaskSuspend
 .text.vTaskPlaceOnEventList
                0x00001524       0x20 .\CortexM3\ARM_GCC_541\Debug\tasks.o
                0x00001524                vTaskPlaceOnEventList
 .text.xTaskRemoveFromEventList
                0x00001544       0x74 .\CortexM3\ARM_GCC_541\Debug\tasks.o
                0x00001544                xTaskRemoveFromEventList
 .text.vTaskInternalSetTimeOutState
                0x000015b8       0x14 .\CortexM3\ARM_GCC_541\Debug\tasks.o
                0x000015b8                vTaskInternalSetTimeOutState
 .text.xTaskCheckForTimeOut
                0x000015cc       0x58 .\CortexM3\ARM_GCC_541\Debug\tasks.o
                0x000015cc                xTaskCheckForTimeOut
 .text.vTaskMissedYield
                0x00001624       0x10 .\CortexM3\ARM_GCC_541\Debug\tasks.o
                0x00001624                vTaskMissedYield
 .text.xTaskPriorityInherit
                0x00001634       0xd0 .\CortexM3\ARM_GCC_541\Debug\tasks.o
                0x00001634                xTaskPriorityInherit
 .text.xTaskPriorityDisinherit
                0x00001704       0x88 .\CortexM3\ARM_GCC_541\Debug\tasks.o
                0x00001704                xTaskPriorityDisinherit
 .text.vTaskPriorityDisinheritAfterTimeout
                0x0000178c       0xa0 .\CortexM3\ARM_GCC_541\Debug\tasks.o
                0x0000178c                vTaskPriorityDisinheritAfterTimeout
 .text.pvTaskIncrementMutexHeldCount
                0x0000182c       0x20 .\CortexM3\ARM_GCC_541\Debug\tasks.o
                0x0000182c                pvTaskIncrementMutexHeldCount
 .text.prvTaskExitError
                0x0000184c       0x20 .\CortexM3\ARM_GCC_541\Debug\port.o
 .text.prvPortStartFirstTask
                0x0000186c       0x20 .\CortexM3\ARM_GCC_541\Debug\port.o
 .text.pxPortInitialiseStack
                0x0000188c       0x24 .\CortexM3\ARM_GCC_541\Debug\port.o
                0x0000188c                pxPortInitialiseStack
 .text.vPortSVCHandler
                0x000018b0       0x24 .\CortexM3\ARM_GCC_541\Debug\port.o
                0x000018b0                vPortSVCHandler
 .text.vPortEnterCritical
                0x000018d4       0x20 .\CortexM3\ARM_GCC_541\Debug\port.o
                0x000018d4                vPortEnterCritical
 .text.vPortExitCritical
                0x000018f4       0x14 .\CortexM3\ARM_GCC_541\Debug\port.o
                0x000018f4                vPortExitCritical
 *fill*         0x00001908        0x8 
 .text.xPortPendSVHandler
                0x00001910       0x44 .\CortexM3\ARM_GCC_541\Debug\port.o
                0x00001910                xPortPendSVHandler
 .text.xPortSysTickHandler
                0x00001954       0x2c .\CortexM3\ARM_GCC_541\Debug\port.o
                0x00001954                xPortSysTickHandler
 .text.vPortSetupTimerInterrupt
                0x00001980       0x24 .\CortexM3\ARM_GCC_541\Debug\port.o
                0x00001980                vPortSetupTimerInterrupt
 .text.xPortStartScheduler
                0x000019a4       0x38 .\CortexM3\ARM_GCC_541\Debug\port.o
                0x000019a4                xPortStartScheduler
 .text.prvHeapInit
                0x000019dc       0x30 .\CortexM3\ARM_GCC_541\Debug\heap_2.o
 .text.pvPortMalloc
                0x00001a0c       0xb4 .\CortexM3\ARM_GCC_541\Debug\heap_2.o
                0x00001a0c                pvPortMalloc
 .text.vPortFree
                0x00001ac0       0x44 .\CortexM3\ARM_GCC_541\Debug\heap_2.o
                0x00001ac0                vPortFree
 .text.zmain    0x00001b04       0x80 .\CortexM3\ARM_GCC_541\Debug\main.o
                0x00001b04                zmain
 .text.CyClockStartupError
                0x00001b84        0x4 .\CortexM3\ARM_GCC_541\Debug\cyfitter_cfg.o
 .text.cfg_write_bytes32
                0x00001b88       0x34 .\CortexM3\ARM_GCC_541\Debug\cyfitter_cfg.o
 .text.CYMEMZERO
                0x00001bbc        0xc .\CortexM3\ARM_GCC_541\Debug\cyfitter_cfg.o
 .text.AnalogSetDefault
                0x00001bc8       0x80 .\CortexM3\ARM_GCC_541\Debug\cyfitter_cfg.o
 .text.CYCONFIGCPY
                0x00001c48        0x8 .\CortexM3\ARM_GCC_541\Debug\cyfitter_cfg.o
 .text.ClockSetup
                0x00001c50      0x16c .\CortexM3\ARM_GCC_541\Debug\cyfitter_cfg.o
 .text.cyfitter_cfg
                0x00001dbc      0x148 .\CortexM3\ARM_GCC_541\Debug\cyfitter_cfg.o
                0x00001dbc                cyfitter_cfg
 .text.IntDefaultHandler
                0x00001f04       0x10 .\CortexM3\ARM_GCC_541\Debug\Cm3Start.o
                0x00001f04                IntDefaultHandler
 .text._sbrk    0x00001f14       0x30 .\CortexM3\ARM_GCC_541\Debug\Cm3Start.o
                0x00001f14                _sbrk
 .text.Start_c  0x00001f44       0x4c .\CortexM3\ARM_GCC_541\Debug\Cm3Start.o
                0x00001f44                Start_c
 .text.initialize_psoc
                0x00001f90       0x68 .\CortexM3\ARM_GCC_541\Debug\Cm3Start.o
                0x00001f90                initialize_psoc
 .text.UART_1_Init
                0x00001ff8       0x24 .\CortexM3\ARM_GCC_541\Debug\ZumoBot.a(UART_1.o)
                0x00001ff8                UART_1_Init
 .text.UART_1_Enable
                0x0000201c       0x38 .\CortexM3\ARM_GCC_541\Debug\ZumoBot.a(UART_1.o)
                0x0000201c                UART_1_Enable
 .text.UART_1_Start
                0x00002054       0x1c .\CortexM3\ARM_GCC_541\Debug\ZumoBot.a(UART_1.o)
                0x00002054                UART_1_Start
 .text.UART_1_ReadRxData
                0x00002070        0xc .\CortexM3\ARM_GCC_541\Debug\ZumoBot.a(UART_1.o)
                0x00002070                UART_1_ReadRxData
 .text.UART_1_ReadRxStatus
                0x0000207c       0x10 .\CortexM3\ARM_GCC_541\Debug\ZumoBot.a(UART_1.o)
                0x0000207c                UART_1_ReadRxStatus
 .text.UART_1_SetTxInterruptMode
                0x0000208c        0xc .\CortexM3\ARM_GCC_541\Debug\ZumoBot.a(UART_1.o)
                0x0000208c                UART_1_SetTxInterruptMode
 .text.UART_1_ReadTxStatus
                0x00002098        0xc .\CortexM3\ARM_GCC_541\Debug\ZumoBot.a(UART_1.o)
                0x00002098                UART_1_ReadTxStatus
 .text.UART_1_PutChar
                0x000020a4       0x18 .\CortexM3\ARM_GCC_541\Debug\ZumoBot.a(UART_1.o)
                0x000020a4                UART_1_PutChar
 .text.SW1_Read
                0x000020bc       0x10 .\CortexM3\ARM_GCC_541\Debug\ZumoBot.a(SW1.o)
                0x000020bc                SW1_Read
 .text.UART_2_Init
                0x000020cc       0x28 .\CortexM3\ARM_GCC_541\Debug\ZumoBot.a(UART_2.o)
                0x000020cc                UART_2_Init
 .text.UART_2_Enable
                0x000020f4       0x38 .\CortexM3\ARM_GCC_541\Debug\ZumoBot.a(UART_2.o)
                0x000020f4                UART_2_Enable
 .text.UART_2_Start
                0x0000212c       0x1c .\CortexM3\ARM_GCC_541\Debug\ZumoBot.a(UART_2.o)
                0x0000212c                UART_2_Start
 .text.StatisticsCounter_Enable
                0x00002148       0x10 .\CortexM3\ARM_GCC_541\Debug\ZumoBot.a(StatisticsCounter.o)
                0x00002148                StatisticsCounter_Enable
 .text.StatisticsCounter_SetInterruptMode
                0x00002158        0xc .\CortexM3\ARM_GCC_541\Debug\ZumoBot.a(StatisticsCounter.o)
                0x00002158                StatisticsCounter_SetInterruptMode
 .text.StatisticsCounter_ReadStatusRegister
                0x00002164        0xc .\CortexM3\ARM_GCC_541\Debug\ZumoBot.a(StatisticsCounter.o)
                0x00002164                StatisticsCounter_ReadStatusRegister
 .text.StatisticsCounter_WriteCounter
                0x00002170        0xc .\CortexM3\ARM_GCC_541\Debug\ZumoBot.a(StatisticsCounter.o)
                0x00002170                StatisticsCounter_WriteCounter
 .text.StatisticsCounter_ReadCounter
                0x0000217c       0x14 .\CortexM3\ARM_GCC_541\Debug\ZumoBot.a(StatisticsCounter.o)
                0x0000217c                StatisticsCounter_ReadCounter
 .text.StatisticsCounter_ReadCapture
                0x00002190        0xc .\CortexM3\ARM_GCC_541\Debug\ZumoBot.a(StatisticsCounter.o)
                0x00002190                StatisticsCounter_ReadCapture
 .text.StatisticsCounter_WritePeriod
                0x0000219c        0xc .\CortexM3\ARM_GCC_541\Debug\ZumoBot.a(StatisticsCounter.o)
                0x0000219c                StatisticsCounter_WritePeriod
 .text.StatisticsCounter_WriteCompare
                0x000021a8        0xc .\CortexM3\ARM_GCC_541\Debug\ZumoBot.a(StatisticsCounter.o)
                0x000021a8                StatisticsCounter_WriteCompare
 .text.StatisticsCounter_ClearFIFO
                0x000021b4       0x14 .\CortexM3\ARM_GCC_541\Debug\ZumoBot.a(StatisticsCounter.o)
                0x000021b4                StatisticsCounter_ClearFIFO
 .text.StatisticsCounter_Init
                0x000021c8       0x54 .\CortexM3\ARM_GCC_541\Debug\ZumoBot.a(StatisticsCounter.o)
                0x000021c8                StatisticsCounter_Init
 .text.StatisticsCounter_Start
                0x0000221c       0x1c .\CortexM3\ARM_GCC_541\Debug\ZumoBot.a(StatisticsCounter.o)
                0x0000221c                StatisticsCounter_Start
 .text.isr_U1_TX_SetVector
                0x00002238        0xc .\CortexM3\ARM_GCC_541\Debug\ZumoBot.a(isr_U1_TX.o)
                0x00002238                isr_U1_TX_SetVector
 .text.isr_U1_TX_SetPriority
                0x00002244       0x10 .\CortexM3\ARM_GCC_541\Debug\ZumoBot.a(isr_U1_TX.o)
                0x00002244                isr_U1_TX_SetPriority
 .text.isr_U1_TX_Enable
                0x00002254        0xc .\CortexM3\ARM_GCC_541\Debug\ZumoBot.a(isr_U1_TX.o)
                0x00002254                isr_U1_TX_Enable
 .text.isr_U1_TX_Disable
                0x00002260        0xc .\CortexM3\ARM_GCC_541\Debug\ZumoBot.a(isr_U1_TX.o)
                0x00002260                isr_U1_TX_Disable
 .text.isr_U1_TX_StartEx
                0x0000226c       0x1c .\CortexM3\ARM_GCC_541\Debug\ZumoBot.a(isr_U1_TX.o)
                0x0000226c                isr_U1_TX_StartEx
 .text.isr_U1_TX_ClearPending
                0x00002288        0xc .\CortexM3\ARM_GCC_541\Debug\ZumoBot.a(isr_U1_TX.o)
                0x00002288                isr_U1_TX_ClearPending
 .text.isr_U1_RX_SetVector
                0x00002294        0xc .\CortexM3\ARM_GCC_541\Debug\ZumoBot.a(isr_U1_RX.o)
                0x00002294                isr_U1_RX_SetVector
 .text.isr_U1_RX_SetPriority
                0x000022a0       0x10 .\CortexM3\ARM_GCC_541\Debug\ZumoBot.a(isr_U1_RX.o)
                0x000022a0                isr_U1_RX_SetPriority
 .text.isr_U1_RX_Enable
                0x000022b0        0xc .\CortexM3\ARM_GCC_541\Debug\ZumoBot.a(isr_U1_RX.o)
                0x000022b0                isr_U1_RX_Enable
 .text.isr_U1_RX_Disable
                0x000022bc        0xc .\CortexM3\ARM_GCC_541\Debug\ZumoBot.a(isr_U1_RX.o)
                0x000022bc                isr_U1_RX_Disable
 .text.isr_U1_RX_StartEx
                0x000022c8       0x1c .\CortexM3\ARM_GCC_541\Debug\ZumoBot.a(isr_U1_RX.o)
                0x000022c8                isr_U1_RX_StartEx
 .text.isr_U1_RX_ClearPending
                0x000022e4        0xc .\CortexM3\ARM_GCC_541\Debug\ZumoBot.a(isr_U1_RX.o)
                0x000022e4                isr_U1_RX_ClearPending
 .text.UART_1_IntClock_Start
                0x000022f0       0x1c .\CortexM3\ARM_GCC_541\Debug\ZumoBot.a(UART_1_IntClock.o)
                0x000022f0                UART_1_IntClock_Start
 .text.UART_2_IntClock_Start
                0x0000230c       0x1c .\CortexM3\ARM_GCC_541\Debug\ZumoBot.a(UART_2_IntClock.o)
                0x0000230c                UART_2_IntClock_Start
 .text.CyDelayUs
                0x00002328       0x14 .\CortexM3\ARM_GCC_541\Debug\ZumoBot.a(CyLib.o)
                0x00002328                CyDelayUs
 *fill*         0x0000233c        0x4 
 .text          0x00002340       0x20 .\CortexM3\ARM_GCC_541\Debug\ZumoBot.a(CyBootAsmGnu.o)
                0x00002340                CyDelayCycles
                0x00002350                CyEnterCriticalSection
                0x00002358                CyExitCriticalSection
 .text          0x00002360      0x370 c:/program files (x86)/cypress/psoc creator/4.2/psoc creator/import/gnu/arm/5.4.1/bin/../lib/gcc/arm-none-eabi/5.4.1/armv7-m\libgcc.a(_arm_addsubdf3.o)
                0x00002360                __aeabi_drsub
                0x00002368                __aeabi_dsub
                0x00002368                __subdf3
                0x0000236c                __aeabi_dadd
                0x0000236c                __adddf3
                0x000025e4                __floatunsidf
                0x000025e4                __aeabi_ui2d
                0x00002604                __floatsidf
                0x00002604                __aeabi_i2d
                0x00002628                __aeabi_f2d
                0x00002628                __extendsfdf2
                0x00002664                __floatundidf
                0x00002664                __aeabi_ul2d
                0x00002674                __floatdidf
                0x00002674                __aeabi_l2d
 .text          0x000026d0      0x424 c:/program files (x86)/cypress/psoc creator/4.2/psoc creator/import/gnu/arm/5.4.1/bin/../lib/gcc/arm-none-eabi/5.4.1/armv7-m\libgcc.a(_arm_muldivdf3.o)
                0x000026d0                __aeabi_dmul
                0x000026d0                __muldf3
                0x00002924                __divdf3
                0x00002924                __aeabi_ddiv
 .text          0x00002af4      0x110 c:/program files (x86)/cypress/psoc creator/4.2/psoc creator/import/gnu/arm/5.4.1/bin/../lib/gcc/arm-none-eabi/5.4.1/armv7-m\libgcc.a(_arm_cmpdf2.o)
                0x00002af4                __gtdf2
                0x00002af4                __gedf2
                0x00002afc                __ltdf2
                0x00002afc                __ledf2
                0x00002b04                __nedf2
                0x00002b04                __eqdf2
                0x00002b04                __cmpdf2
                0x00002b80                __aeabi_cdrcmple
                0x00002b90                __aeabi_cdcmpeq
                0x00002b90                __aeabi_cdcmple
                0x00002ba0                __aeabi_dcmpeq
                0x00002bb4                __aeabi_dcmplt
                0x00002bc8                __aeabi_dcmple
                0x00002bdc                __aeabi_dcmpge
                0x00002bf0                __aeabi_dcmpgt
 .text.__errno  0x00002c04        0xc c:/program files (x86)/cypress/psoc creator/4.2/psoc creator/import/gnu/arm/5.4.1/bin/../lib/gcc/arm-none-eabi/5.4.1/../../../../arm-none-eabi/lib/armv7-m\libg.a(lib_a-errno.o)
                0x00002c04                __errno
 .text.__sfvwrite_r
                0x00002c10      0x308 c:/program files (x86)/cypress/psoc creator/4.2/psoc creator/import/gnu/arm/5.4.1/bin/../lib/gcc/arm-none-eabi/5.4.1/../../../../arm-none-eabi/lib/armv7-m\libg.a(lib_a-fvwrite.o)
                0x00002c10                __sfvwrite_r
 .text.__libc_init_array
                0x00002f18       0x50 c:/program files (x86)/cypress/psoc creator/4.2/psoc creator/import/gnu/arm/5.4.1/bin/../lib/gcc/arm-none-eabi/5.4.1/../../../../arm-none-eabi/lib/armv7-m\libg.a(lib_a-init.o)
                0x00002f18                __libc_init_array
 .text._malloc_r
                0x00002f68      0x558 c:/program files (x86)/cypress/psoc creator/4.2/psoc creator/import/gnu/arm/5.4.1/bin/../lib/gcc/arm-none-eabi/5.4.1/../../../../arm-none-eabi/lib/armv7-m\libg.a(lib_a-mallocr.o)
                0x00002f68                _malloc_r
 .text.memchr   0x000034c0       0x8c c:/program files (x86)/cypress/psoc creator/4.2/psoc creator/import/gnu/arm/5.4.1/bin/../lib/gcc/arm-none-eabi/5.4.1/../../../../arm-none-eabi/lib/armv7-m\libg.a(lib_a-memchr-stub.o)
                0x000034c0                memchr
 .text          0x0000354c       0xec c:/program files (x86)/cypress/psoc creator/4.2/psoc creator/import/gnu/arm/5.4.1/bin/../lib/gcc/arm-none-eabi/5.4.1/../../../../arm-none-eabi/lib/armv7-m\libg.a(lib_a-memcpy.o)
                0x0000354c                memcpy
 .text.memmove  0x00003638       0xc8 c:/program files (x86)/cypress/psoc creator/4.2/psoc creator/import/gnu/arm/5.4.1/bin/../lib/gcc/arm-none-eabi/5.4.1/../../../../arm-none-eabi/lib/armv7-m\libg.a(lib_a-memmove.o)
                0x00003638                memmove
 .text.memset   0x00003700       0x9c c:/program files (x86)/cypress/psoc creator/4.2/psoc creator/import/gnu/arm/5.4.1/bin/../lib/gcc/arm-none-eabi/5.4.1/../../../../arm-none-eabi/lib/armv7-m\libg.a(lib_a-memset.o)
                0x00003700                memset
 .text.__malloc_lock
                0x0000379c        0x4 c:/program files (x86)/cypress/psoc creator/4.2/psoc creator/import/gnu/arm/5.4.1/bin/../lib/gcc/arm-none-eabi/5.4.1/../../../../arm-none-eabi/lib/armv7-m\libg.a(lib_a-mlock.o)
                0x0000379c                __malloc_lock
 .text.__malloc_unlock
                0x000037a0        0x4 c:/program files (x86)/cypress/psoc creator/4.2/psoc creator/import/gnu/arm/5.4.1/bin/../lib/gcc/arm-none-eabi/5.4.1/../../../../arm-none-eabi/lib/armv7-m\libg.a(lib_a-mlock.o)
                0x000037a0                __malloc_unlock
 .text.printf   0x000037a4       0x28 c:/program files (x86)/cypress/psoc creator/4.2/psoc creator/import/gnu/arm/5.4.1/bin/../lib/gcc/arm-none-eabi/5.4.1/../../../../arm-none-eabi/lib/armv7-m\libg.a(lib_a-printf.o)
                0x000037a4                printf
 .text._puts_r  0x000037cc       0x68 c:/program files (x86)/cypress/psoc creator/4.2/psoc creator/import/gnu/arm/5.4.1/bin/../lib/gcc/arm-none-eabi/5.4.1/../../../../arm-none-eabi/lib/armv7-m\libg.a(lib_a-puts.o)
                0x000037cc                _puts_r
 .text.puts     0x00003834       0x10 c:/program files (x86)/cypress/psoc creator/4.2/psoc creator/import/gnu/arm/5.4.1/bin/../lib/gcc/arm-none-eabi/5.4.1/../../../../arm-none-eabi/lib/armv7-m\libg.a(lib_a-puts.o)
                0x00003834                puts
 .text.srand    0x00003844       0x14 c:/program files (x86)/cypress/psoc creator/4.2/psoc creator/import/gnu/arm/5.4.1/bin/../lib/gcc/arm-none-eabi/5.4.1/../../../../arm-none-eabi/lib/armv7-m\libg.a(lib_a-rand.o)
                0x00003844                srand
 .text.rand     0x00003858       0x40 c:/program files (x86)/cypress/psoc creator/4.2/psoc creator/import/gnu/arm/5.4.1/bin/../lib/gcc/arm-none-eabi/5.4.1/../../../../arm-none-eabi/lib/armv7-m\libg.a(lib_a-rand.o)
                0x00003858                rand
 .text._realloc_r
                0x00003898      0x3d4 c:/program files (x86)/cypress/psoc creator/4.2/psoc creator/import/gnu/arm/5.4.1/bin/../lib/gcc/arm-none-eabi/5.4.1/../../../../arm-none-eabi/lib/armv7-m\libg.a(lib_a-reallocr.o)
                0x00003898                _realloc_r
 .text.cleanup_glue
                0x00003c6c       0x1c c:/program files (x86)/cypress/psoc creator/4.2/psoc creator/import/gnu/arm/5.4.1/bin/../lib/gcc/arm-none-eabi/5.4.1/../../../../arm-none-eabi/lib/armv7-m\libg.a(lib_a-reent.o)
                0x00003c6c                cleanup_glue
 .text._reclaim_reent
                0x00003c88       0x88 c:/program files (x86)/cypress/psoc creator/4.2/psoc creator/import/gnu/arm/5.4.1/bin/../lib/gcc/arm-none-eabi/5.4.1/../../../../arm-none-eabi/lib/armv7-m\libg.a(lib_a-reent.o)
                0x00003c88                _reclaim_reent
 .text._sbrk_r  0x00003d10       0x24 c:/program files (x86)/cypress/psoc creator/4.2/psoc creator/import/gnu/arm/5.4.1/bin/../lib/gcc/arm-none-eabi/5.4.1/../../../../arm-none-eabi/lib/armv7-m\libg.a(lib_a-sbrkr.o)
                0x00003d10                _sbrk_r
 .text.strlen   0x00003d34       0x5c c:/program files (x86)/cypress/psoc creator/4.2/psoc creator/import/gnu/arm/5.4.1/bin/../lib/gcc/arm-none-eabi/5.4.1/../../../../arm-none-eabi/lib/armv7-m\libg.a(lib_a-strlen-stub.o)
                0x00003d34                strlen
 .text.time     0x00003d90       0x28 c:/program files (x86)/cypress/psoc creator/4.2/psoc creator/import/gnu/arm/5.4.1/bin/../lib/gcc/arm-none-eabi/5.4.1/../../../../arm-none-eabi/lib/armv7-m\libg.a(lib_a-time.o)
                0x00003d90                time
 .text._vfprintf_r
                0x00003db8     0x1788 c:/program files (x86)/cypress/psoc creator/4.2/psoc creator/import/gnu/arm/5.4.1/bin/../lib/gcc/arm-none-eabi/5.4.1/../../../../arm-none-eabi/lib/armv7-m\libg.a(lib_a-vfprintf.o)
                0x00003db8                _vfprintf_r
 .text.__sbprintf
                0x00005540       0x6c c:/program files (x86)/cypress/psoc creator/4.2/psoc creator/import/gnu/arm/5.4.1/bin/../lib/gcc/arm-none-eabi/5.4.1/../../../../arm-none-eabi/lib/armv7-m\libg.a(lib_a-vfprintf.o)
 .text.__swbuf_r
                0x000055ac       0xac c:/program files (x86)/cypress/psoc creator/4.2/psoc creator/import/gnu/arm/5.4.1/bin/../lib/gcc/arm-none-eabi/5.4.1/../../../../arm-none-eabi/lib/armv7-m\libg.a(lib_a-wbuf.o)
                0x000055ac                __swbuf_r
 .text.__swsetup_r
                0x00005658       0xc8 c:/program files (x86)/cypress/psoc creator/4.2/psoc creator/import/gnu/arm/5.4.1/bin/../lib/gcc/arm-none-eabi/5.4.1/../../../../arm-none-eabi/lib/armv7-m\libg.a(lib_a-wsetup.o)
                0x00005658                __swsetup_r
 .text.startup.register_fini
                0x00005720       0x14 c:/program files (x86)/cypress/psoc creator/4.2/psoc creator/import/gnu/arm/5.4.1/bin/../lib/gcc/arm-none-eabi/5.4.1/../../../../arm-none-eabi/lib/armv7-m\libg.a(lib_a-__call_atexit.o)
 .text.atexit   0x00005734        0xc c:/program files (x86)/cypress/psoc creator/4.2/psoc creator/import/gnu/arm/5.4.1/bin/../lib/gcc/arm-none-eabi/5.4.1/../../../../arm-none-eabi/lib/armv7-m\libg.a(lib_a-atexit.o)
                0x00005734                atexit
 .text.quorem   0x00005740      0x12c c:/program files (x86)/cypress/psoc creator/4.2/psoc creator/import/gnu/arm/5.4.1/bin/../lib/gcc/arm-none-eabi/5.4.1/../../../../arm-none-eabi/lib/armv7-m\libg.a(lib_a-dtoa.o)
 *fill*         0x0000586c        0x4 
 .text._dtoa_r  0x00005870      0xe4c c:/program files (x86)/cypress/psoc creator/4.2/psoc creator/import/gnu/arm/5.4.1/bin/../lib/gcc/arm-none-eabi/5.4.1/../../../../arm-none-eabi/lib/armv7-m\libg.a(lib_a-dtoa.o)
                0x00005870                _dtoa_r
 .text.__sflush_r
                0x000066bc      0x148 c:/program files (x86)/cypress/psoc creator/4.2/psoc creator/import/gnu/arm/5.4.1/bin/../lib/gcc/arm-none-eabi/5.4.1/../../../../arm-none-eabi/lib/armv7-m\libg.a(lib_a-fflush.o)
                0x000066bc                __sflush_r
 .text._fflush_r
                0x00006804       0x2c c:/program files (x86)/cypress/psoc creator/4.2/psoc creator/import/gnu/arm/5.4.1/bin/../lib/gcc/arm-none-eabi/5.4.1/../../../../arm-none-eabi/lib/armv7-m\libg.a(lib_a-fflush.o)
                0x00006804                _fflush_r
 .text._cleanup_r
                0x00006830        0xc c:/program files (x86)/cypress/psoc creator/4.2/psoc creator/import/gnu/arm/5.4.1/bin/../lib/gcc/arm-none-eabi/5.4.1/../../../../arm-none-eabi/lib/armv7-m\libg.a(lib_a-findfp.o)
                0x00006830                _cleanup_r
 .text.__sinit.part.1
                0x0000683c       0xf0 c:/program files (x86)/cypress/psoc creator/4.2/psoc creator/import/gnu/arm/5.4.1/bin/../lib/gcc/arm-none-eabi/5.4.1/../../../../arm-none-eabi/lib/armv7-m\libg.a(lib_a-findfp.o)
 .text.__sinit  0x0000692c        0xc c:/program files (x86)/cypress/psoc creator/4.2/psoc creator/import/gnu/arm/5.4.1/bin/../lib/gcc/arm-none-eabi/5.4.1/../../../../arm-none-eabi/lib/armv7-m\libg.a(lib_a-findfp.o)
                0x0000692c                __sinit
 .text.__sfp_lock_acquire
                0x00006938        0x4 c:/program files (x86)/cypress/psoc creator/4.2/psoc creator/import/gnu/arm/5.4.1/bin/../lib/gcc/arm-none-eabi/5.4.1/../../../../arm-none-eabi/lib/armv7-m\libg.a(lib_a-findfp.o)
                0x00006938                __sfp_lock_acquire
 .text.__sfp_lock_release
                0x0000693c        0x4 c:/program files (x86)/cypress/psoc creator/4.2/psoc creator/import/gnu/arm/5.4.1/bin/../lib/gcc/arm-none-eabi/5.4.1/../../../../arm-none-eabi/lib/armv7-m\libg.a(lib_a-findfp.o)
                0x0000693c                __sfp_lock_release
 .text.__libc_fini_array
                0x00006940       0x28 c:/program files (x86)/cypress/psoc creator/4.2/psoc creator/import/gnu/arm/5.4.1/bin/../lib/gcc/arm-none-eabi/5.4.1/../../../../arm-none-eabi/lib/armv7-m\libg.a(lib_a-fini.o)
                0x00006940                __libc_fini_array
 .text._malloc_trim_r
                0x00006968       0x9c c:/program files (x86)/cypress/psoc creator/4.2/psoc creator/import/gnu/arm/5.4.1/bin/../lib/gcc/arm-none-eabi/5.4.1/../../../../arm-none-eabi/lib/armv7-m\libg.a(lib_a-freer.o)
                0x00006968                _malloc_trim_r
 .text._free_r  0x00006a04      0x1d0 c:/program files (x86)/cypress/psoc creator/4.2/psoc creator/import/gnu/arm/5.4.1/bin/../lib/gcc/arm-none-eabi/5.4.1/../../../../arm-none-eabi/lib/armv7-m\libg.a(lib_a-freer.o)
                0x00006a04                _free_r
 .text._fwalk_reent
                0x00006bd4       0x50 c:/program files (x86)/cypress/psoc creator/4.2/psoc creator/import/gnu/arm/5.4.1/bin/../lib/gcc/arm-none-eabi/5.4.1/../../../../arm-none-eabi/lib/armv7-m\libg.a(lib_a-fwalk.o)
                0x00006bd4                _fwalk_reent
 .text._gettimeofday_r
                0x00006c24       0x28 c:/program files (x86)/cypress/psoc creator/4.2/psoc creator/import/gnu/arm/5.4.1/bin/../lib/gcc/arm-none-eabi/5.4.1/../../../../arm-none-eabi/lib/armv7-m\libg.a(lib_a-gettimeofdayr.o)
                0x00006c24                _gettimeofday_r
 .text.__locale_charset
                0x00006c4c        0x8 c:/program files (x86)/cypress/psoc creator/4.2/psoc creator/import/gnu/arm/5.4.1/bin/../lib/gcc/arm-none-eabi/5.4.1/../../../../arm-none-eabi/lib/armv7-m\libg.a(lib_a-locale.o)
                0x00006c4c                __locale_charset
 .text.__locale_mb_cur_max
                0x00006c54        0xc c:/program files (x86)/cypress/psoc creator/4.2/psoc creator/import/gnu/arm/5.4.1/bin/../lib/gcc/arm-none-eabi/5.4.1/../../../../arm-none-eabi/lib/armv7-m\libg.a(lib_a-locale.o)
                0x00006c54                __locale_mb_cur_max
 .text._localeconv_r
                0x00006c60        0x8 c:/program files (x86)/cypress/psoc creator/4.2/psoc creator/import/gnu/arm/5.4.1/bin/../lib/gcc/arm-none-eabi/5.4.1/../../../../arm-none-eabi/lib/armv7-m\libg.a(lib_a-locale.o)
                0x00006c60                _localeconv_r
 .text.__swhatbuf_r
                0x00006c68       0x60 c:/program files (x86)/cypress/psoc creator/4.2/psoc creator/import/gnu/arm/5.4.1/bin/../lib/gcc/arm-none-eabi/5.4.1/../../../../arm-none-eabi/lib/armv7-m\libg.a(lib_a-makebuf.o)
                0x00006c68                __swhatbuf_r
 .text.__smakebuf_r
                0x00006cc8       0x88 c:/program files (x86)/cypress/psoc creator/4.2/psoc creator/import/gnu/arm/5.4.1/bin/../lib/gcc/arm-none-eabi/5.4.1/../../../../arm-none-eabi/lib/armv7-m\libg.a(lib_a-makebuf.o)
                0x00006cc8                __smakebuf_r
 .text._Balloc  0x00006d50       0x50 c:/program files (x86)/cypress/psoc creator/4.2/psoc creator/import/gnu/arm/5.4.1/bin/../lib/gcc/arm-none-eabi/5.4.1/../../../../arm-none-eabi/lib/armv7-m\libg.a(lib_a-mprec.o)
                0x00006d50                _Balloc
 .text._Bfree   0x00006da0       0x14 c:/program files (x86)/cypress/psoc creator/4.2/psoc creator/import/gnu/arm/5.4.1/bin/../lib/gcc/arm-none-eabi/5.4.1/../../../../arm-none-eabi/lib/armv7-m\libg.a(lib_a-mprec.o)
                0x00006da0                _Bfree
 .text.__multadd
                0x00006db4       0x80 c:/program files (x86)/cypress/psoc creator/4.2/psoc creator/import/gnu/arm/5.4.1/bin/../lib/gcc/arm-none-eabi/5.4.1/../../../../arm-none-eabi/lib/armv7-m\libg.a(lib_a-mprec.o)
                0x00006db4                __multadd
 .text.__hi0bits
                0x00006e34       0x40 c:/program files (x86)/cypress/psoc creator/4.2/psoc creator/import/gnu/arm/5.4.1/bin/../lib/gcc/arm-none-eabi/5.4.1/../../../../arm-none-eabi/lib/armv7-m\libg.a(lib_a-mprec.o)
                0x00006e34                __hi0bits
 .text.__lo0bits
                0x00006e74       0x5c c:/program files (x86)/cypress/psoc creator/4.2/psoc creator/import/gnu/arm/5.4.1/bin/../lib/gcc/arm-none-eabi/5.4.1/../../../../arm-none-eabi/lib/armv7-m\libg.a(lib_a-mprec.o)
                0x00006e74                __lo0bits
 .text.__i2b    0x00006ed0       0x14 c:/program files (x86)/cypress/psoc creator/4.2/psoc creator/import/gnu/arm/5.4.1/bin/../lib/gcc/arm-none-eabi/5.4.1/../../../../arm-none-eabi/lib/armv7-m\libg.a(lib_a-mprec.o)
                0x00006ed0                __i2b
 .text.__multiply
                0x00006ee4      0x13c c:/program files (x86)/cypress/psoc creator/4.2/psoc creator/import/gnu/arm/5.4.1/bin/../lib/gcc/arm-none-eabi/5.4.1/../../../../arm-none-eabi/lib/armv7-m\libg.a(lib_a-mprec.o)
                0x00006ee4                __multiply
 .text.__pow5mult
                0x00007020       0xa0 c:/program files (x86)/cypress/psoc creator/4.2/psoc creator/import/gnu/arm/5.4.1/bin/../lib/gcc/arm-none-eabi/5.4.1/../../../../arm-none-eabi/lib/armv7-m\libg.a(lib_a-mprec.o)
                0x00007020                __pow5mult
 .text.__lshift
                0x000070c0       0xac c:/program files (x86)/cypress/psoc creator/4.2/psoc creator/import/gnu/arm/5.4.1/bin/../lib/gcc/arm-none-eabi/5.4.1/../../../../arm-none-eabi/lib/armv7-m\libg.a(lib_a-mprec.o)
                0x000070c0                __lshift
 .text.__mcmp   0x0000716c       0x40 c:/program files (x86)/cypress/psoc creator/4.2/psoc creator/import/gnu/arm/5.4.1/bin/../lib/gcc/arm-none-eabi/5.4.1/../../../../arm-none-eabi/lib/armv7-m\libg.a(lib_a-mprec.o)
                0x0000716c                __mcmp
 .text.__mdiff  0x000071ac      0x128 c:/program files (x86)/cypress/psoc creator/4.2/psoc creator/import/gnu/arm/5.4.1/bin/../lib/gcc/arm-none-eabi/5.4.1/../../../../arm-none-eabi/lib/armv7-m\libg.a(lib_a-mprec.o)
                0x000071ac                __mdiff
 .text.__d2b    0x000072d4       0xa8 c:/program files (x86)/cypress/psoc creator/4.2/psoc creator/import/gnu/arm/5.4.1/bin/../lib/gcc/arm-none-eabi/5.4.1/../../../../arm-none-eabi/lib/armv7-m\libg.a(lib_a-mprec.o)
                0x000072d4                __d2b
 .text.__sread  0x0000737c       0x24 c:/program files (x86)/cypress/psoc creator/4.2/psoc creator/import/gnu/arm/5.4.1/bin/../lib/gcc/arm-none-eabi/5.4.1/../../../../arm-none-eabi/lib/armv7-m\libg.a(lib_a-stdio.o)
                0x0000737c                __sread
 .text.__swrite
                0x000073a0       0x3c c:/program files (x86)/cypress/psoc creator/4.2/psoc creator/import/gnu/arm/5.4.1/bin/../lib/gcc/arm-none-eabi/5.4.1/../../../../arm-none-eabi/lib/armv7-m\libg.a(lib_a-stdio.o)
                0x000073a0                __swrite
 .text.__sseek  0x000073dc       0x20 c:/program files (x86)/cypress/psoc creator/4.2/psoc creator/import/gnu/arm/5.4.1/bin/../lib/gcc/arm-none-eabi/5.4.1/../../../../arm-none-eabi/lib/armv7-m\libg.a(lib_a-stdio.o)
                0x000073dc                __sseek
 .text.__sclose
                0x000073fc        0x8 c:/program files (x86)/cypress/psoc creator/4.2/psoc creator/import/gnu/arm/5.4.1/bin/../lib/gcc/arm-none-eabi/5.4.1/../../../../arm-none-eabi/lib/armv7-m\libg.a(lib_a-stdio.o)
                0x000073fc                __sclose
 .text.__sprint_r.part.0
                0x00007404       0x78 c:/program files (x86)/cypress/psoc creator/4.2/psoc creator/import/gnu/arm/5.4.1/bin/../lib/gcc/arm-none-eabi/5.4.1/../../../../arm-none-eabi/lib/armv7-m\libg.a(lib_a-vfiprintf.o)
 .text.__sprint_r
                0x0000747c       0x14 c:/program files (x86)/cypress/psoc creator/4.2/psoc creator/import/gnu/arm/5.4.1/bin/../lib/gcc/arm-none-eabi/5.4.1/../../../../arm-none-eabi/lib/armv7-m\libg.a(lib_a-vfiprintf.o)
                0x0000747c                __sprint_r
 .text._write_r
                0x00007490       0x2c c:/program files (x86)/cypress/psoc creator/4.2/psoc creator/import/gnu/arm/5.4.1/bin/../lib/gcc/arm-none-eabi/5.4.1/../../../../arm-none-eabi/lib/armv7-m\libg.a(lib_a-writer.o)
                0x00007490                _write_r
 .text.__register_exitproc
                0x000074bc       0xa4 c:/program files (x86)/cypress/psoc creator/4.2/psoc creator/import/gnu/arm/5.4.1/bin/../lib/gcc/arm-none-eabi/5.4.1/../../../../arm-none-eabi/lib/armv7-m\libg.a(lib_a-__atexit.o)
                0x000074bc                __register_exitproc
 .text._calloc_r
                0x00007560       0x60 c:/program files (x86)/cypress/psoc creator/4.2/psoc creator/import/gnu/arm/5.4.1/bin/../lib/gcc/arm-none-eabi/5.4.1/../../../../arm-none-eabi/lib/armv7-m\libg.a(lib_a-callocr.o)
                0x00007560                _calloc_r
 .text._close_r
                0x000075c0       0x24 c:/program files (x86)/cypress/psoc creator/4.2/psoc creator/import/gnu/arm/5.4.1/bin/../lib/gcc/arm-none-eabi/5.4.1/../../../../arm-none-eabi/lib/armv7-m\libg.a(lib_a-closer.o)
                0x000075c0                _close_r
 .text._fclose_r
                0x000075e4       0x84 c:/program files (x86)/cypress/psoc creator/4.2/psoc creator/import/gnu/arm/5.4.1/bin/../lib/gcc/arm-none-eabi/5.4.1/../../../../arm-none-eabi/lib/armv7-m\libg.a(lib_a-fclose.o)
                0x000075e4                _fclose_r
 .text.__fputwc
                0x00007668       0x94 c:/program files (x86)/cypress/psoc creator/4.2/psoc creator/import/gnu/arm/5.4.1/bin/../lib/gcc/arm-none-eabi/5.4.1/../../../../arm-none-eabi/lib/armv7-m\libg.a(lib_a-fputwc.o)
                0x00007668                __fputwc
 .text._fputwc_r
                0x000076fc       0x24 c:/program files (x86)/cypress/psoc creator/4.2/psoc creator/import/gnu/arm/5.4.1/bin/../lib/gcc/arm-none-eabi/5.4.1/../../../../arm-none-eabi/lib/armv7-m\libg.a(lib_a-fputwc.o)
                0x000076fc                _fputwc_r
 .text._fstat_r
                0x00007720       0x28 c:/program files (x86)/cypress/psoc creator/4.2/psoc creator/import/gnu/arm/5.4.1/bin/../lib/gcc/arm-none-eabi/5.4.1/../../../../arm-none-eabi/lib/armv7-m\libg.a(lib_a-fstatr.o)
                0x00007720                _fstat_r
 .text._isatty_r
                0x00007748       0x24 c:/program files (x86)/cypress/psoc creator/4.2/psoc creator/import/gnu/arm/5.4.1/bin/../lib/gcc/arm-none-eabi/5.4.1/../../../../arm-none-eabi/lib/armv7-m\libg.a(lib_a-isattyr.o)
                0x00007748                _isatty_r
 .text._lseek_r
                0x0000776c       0x2c c:/program files (x86)/cypress/psoc creator/4.2/psoc creator/import/gnu/arm/5.4.1/bin/../lib/gcc/arm-none-eabi/5.4.1/../../../../arm-none-eabi/lib/armv7-m\libg.a(lib_a-lseekr.o)
                0x0000776c                _lseek_r
 .text._read_r  0x00007798       0x2c c:/program files (x86)/cypress/psoc creator/4.2/psoc creator/import/gnu/arm/5.4.1/bin/../lib/gcc/arm-none-eabi/5.4.1/../../../../arm-none-eabi/lib/armv7-m\libg.a(lib_a-readr.o)
                0x00007798                _read_r
 .text._wcrtomb_r
                0x000077c4       0x54 c:/program files (x86)/cypress/psoc creator/4.2/psoc creator/import/gnu/arm/5.4.1/bin/../lib/gcc/arm-none-eabi/5.4.1/../../../../arm-none-eabi/lib/armv7-m\libg.a(lib_a-wcrtomb.o)
                0x000077c4                _wcrtomb_r
 .text.__ascii_wctomb
                0x00007818       0x1c c:/program files (x86)/cypress/psoc creator/4.2/psoc creator/import/gnu/arm/5.4.1/bin/../lib/gcc/arm-none-eabi/5.4.1/../../../../arm-none-eabi/lib/armv7-m\libg.a(lib_a-wctomb_r.o)
                0x00007818                __ascii_wctomb
 .text          0x00007834       0x2c c:/program files (x86)/cypress/psoc creator/4.2/psoc creator/import/gnu/arm/5.4.1/bin/../lib/gcc/arm-none-eabi/5.4.1/armv7-m\libgcc.a(_arm_unorddf2.o)
                0x00007834                __unorddf2
                0x00007834                __aeabi_dcmpun
 .text          0x00007860       0x50 c:/program files (x86)/cypress/psoc creator/4.2/psoc creator/import/gnu/arm/5.4.1/bin/../lib/gcc/arm-none-eabi/5.4.1/armv7-m\libgcc.a(_arm_fixdfsi.o)
                0x00007860                __aeabi_d2iz
                0x00007860                __fixdfsi
 .text          0x000078b0       0x30 c:/program files (x86)/cypress/psoc creator/4.2/psoc creator/import/gnu/arm/5.4.1/bin/../lib/gcc/arm-none-eabi/5.4.1/armv7-m\libgcc.a(_aeabi_uldivmod.o)
                0x000078b0                __aeabi_uldivmod
 .text          0x000078e0      0x2ec c:/program files (x86)/cypress/psoc creator/4.2/psoc creator/import/gnu/arm/5.4.1/bin/../lib/gcc/arm-none-eabi/5.4.1/armv7-m\libgcc.a(_udivmoddi4.o)
                0x000078e0                __udivmoddi4
 .text          0x00007bcc        0x4 c:/program files (x86)/cypress/psoc creator/4.2/psoc creator/import/gnu/arm/5.4.1/bin/../lib/gcc/arm-none-eabi/5.4.1/armv7-m\libgcc.a(_dvmd_tls.o)
                0x00007bcc                __aeabi_idiv0
                0x00007bcc                __aeabi_ldiv0
 .text._close   0x00007bd0       0x10 c:/program files (x86)/cypress/psoc creator/4.2/psoc creator/import/gnu/arm/5.4.1/bin/../lib/gcc/arm-none-eabi/5.4.1/../../../../arm-none-eabi/lib/armv7-m\libnosys.a(close.o)
                0x00007bd0                _close
 .text._fstat   0x00007be0       0x10 c:/program files (x86)/cypress/psoc creator/4.2/psoc creator/import/gnu/arm/5.4.1/bin/../lib/gcc/arm-none-eabi/5.4.1/../../../../arm-none-eabi/lib/armv7-m\libnosys.a(fstat.o)
                0x00007be0                _fstat
 .text._gettimeofday
                0x00007bf0       0x10 c:/program files (x86)/cypress/psoc creator/4.2/psoc creator/import/gnu/arm/5.4.1/bin/../lib/gcc/arm-none-eabi/5.4.1/../../../../arm-none-eabi/lib/armv7-m\libnosys.a(gettod.o)
                0x00007bf0                _gettimeofday
 .text._isatty  0x00007c00       0x10 c:/program files (x86)/cypress/psoc creator/4.2/psoc creator/import/gnu/arm/5.4.1/bin/../lib/gcc/arm-none-eabi/5.4.1/../../../../arm-none-eabi/lib/armv7-m\libnosys.a(isatty.o)
                0x00007c00                _isatty
 .text._lseek   0x00007c10       0x10 c:/program files (x86)/cypress/psoc creator/4.2/psoc creator/import/gnu/arm/5.4.1/bin/../lib/gcc/arm-none-eabi/5.4.1/../../../../arm-none-eabi/lib/armv7-m\libnosys.a(lseek.o)
                0x00007c10                _lseek
 *(.plt)
 *(.gnu.warning)
 *(.glue_7t)
 .glue_7t       0x00007c20        0x0 linker stubs
 *(.glue_7)
 .glue_7        0x00007c20        0x0 linker stubs
 *(.vfp11_veneer)
 .vfp11_veneer  0x00007c20        0x0 linker stubs
 *(.bootloader)
 *(.ARM.extab* .gnu.linkonce.armextab.*)
 *(.gcc_except_table)

.v4_bx          0x00007c20        0x0
 .v4_bx         0x00007c20        0x0 linker stubs

.iplt           0x00007c20        0x0
 .iplt          0x00007c20        0x0 c:/program files (x86)/cypress/psoc creator/4.2/psoc creator/import/gnu/arm/5.4.1/bin/../lib/gcc/arm-none-eabi/5.4.1/armv7-m/crtbegin.o

.eh_frame_hdr
 *(.eh_frame_hdr)

.eh_frame       0x00007c20        0x4
 *(.eh_frame)
 .eh_frame      0x00007c20        0x0 c:/program files (x86)/cypress/psoc creator/4.2/psoc creator/import/gnu/arm/5.4.1/bin/../lib/gcc/arm-none-eabi/5.4.1/armv7-m/crtbegin.o
 .eh_frame      0x00007c20        0x4 c:/program files (x86)/cypress/psoc creator/4.2/psoc creator/import/gnu/arm/5.4.1/bin/../lib/gcc/arm-none-eabi/5.4.1/armv7-m/crtend.o
                [!provide]                PROVIDE (__exidx_start, .)

.ARM.exidx      0x00007c24        0x8
 *(.ARM.exidx* .gnu.linkonce.armexidx.*)
 .ARM.exidx     0x00007c24        0x8 c:/program files (x86)/cypress/psoc creator/4.2/psoc creator/import/gnu/arm/5.4.1/bin/../lib/gcc/arm-none-eabi/5.4.1/armv7-m\libgcc.a(_udivmoddi4.o)
                0x00007c2c                __exidx_end = .

.rodata         0x00007c30      0x330
 *(.rodata .rodata.* .gnu.linkonce.r.*)
 .rodata.str1.4
                0x00007c30       0x2e .\CortexM3\ARM_GCC_541\Debug\rtos_main.o
 *fill*         0x00007c5e        0x2 
 .rodata        0x00007c60        0xd .\CortexM3\ARM_GCC_541\Debug\simulator.o
 *fill*         0x00007c6d        0x3 
 .rodata.str1.4
                0x00007c70       0x8a .\CortexM3\ARM_GCC_541\Debug\simulator.o
 *fill*         0x00007cfa        0x2 
 .rodata.str1.4
                0x00007cfc       0x34 .\CortexM3\ARM_GCC_541\Debug\tasks.o
 .rodata.str1.4
                0x00007d30       0x10 .\CortexM3\ARM_GCC_541\Debug\main.o
 .rodata        0x00007d40       0x60 .\CortexM3\ARM_GCC_541\Debug\cyfitter_cfg.o
 .rodata.str1.4
                0x00007da0        0x2 c:/program files (x86)/cypress/psoc creator/4.2/psoc creator/import/gnu/arm/5.4.1/bin/../lib/gcc/arm-none-eabi/5.4.1/../../../../arm-none-eabi/lib/armv7-m\libg.a(lib_a-impure.o)
 .rodata._global_impure_ptr
                0x00007da0        0x4 c:/program files (x86)/cypress/psoc creator/4.2/psoc creator/import/gnu/arm/5.4.1/bin/../lib/gcc/arm-none-eabi/5.4.1/../../../../arm-none-eabi/lib/armv7-m\libg.a(lib_a-impure.o)
                0x00007da0                _global_impure_ptr
 .rodata.str1.4
                0x00007da4        0x2 c:/program files (x86)/cypress/psoc creator/4.2/psoc creator/import/gnu/arm/5.4.1/bin/../lib/gcc/arm-none-eabi/5.4.1/../../../../arm-none-eabi/lib/armv7-m\libg.a(lib_a-puts.o)
 *fill*         0x00007da6        0x2 
 .rodata.blanks.7070
                0x00007da8       0x10 c:/program files (x86)/cypress/psoc creator/4.2/psoc creator/import/gnu/arm/5.4.1/bin/../lib/gcc/arm-none-eabi/5.4.1/../../../../arm-none-eabi/lib/armv7-m\libg.a(lib_a-vfprintf.o)
 .rodata.str1.4
                0x00007db8       0x42 c:/program files (x86)/cypress/psoc creator/4.2/psoc creator/import/gnu/arm/5.4.1/bin/../lib/gcc/arm-none-eabi/5.4.1/../../../../arm-none-eabi/lib/armv7-m\libg.a(lib_a-vfprintf.o)
 *fill*         0x00007dfa        0x2 
 .rodata.zeroes.7071
                0x00007dfc       0x10 c:/program files (x86)/cypress/psoc creator/4.2/psoc creator/import/gnu/arm/5.4.1/bin/../lib/gcc/arm-none-eabi/5.4.1/../../../../arm-none-eabi/lib/armv7-m\libg.a(lib_a-vfprintf.o)
 .rodata.str1.4
                0x00007e0c       0x10 c:/program files (x86)/cypress/psoc creator/4.2/psoc creator/import/gnu/arm/5.4.1/bin/../lib/gcc/arm-none-eabi/5.4.1/../../../../arm-none-eabi/lib/armv7-m\libg.a(lib_a-dtoa.o)
                                 0x12 (size before relaxing)
 .rodata.str1.4
                0x00007e1c        0xc c:/program files (x86)/cypress/psoc creator/4.2/psoc creator/import/gnu/arm/5.4.1/bin/../lib/gcc/arm-none-eabi/5.4.1/../../../../arm-none-eabi/lib/armv7-m\libg.a(lib_a-locale.o)
                                 0x12 (size before relaxing)
 .rodata.__mprec_tens
                0x00007e28       0xc8 c:/program files (x86)/cypress/psoc creator/4.2/psoc creator/import/gnu/arm/5.4.1/bin/../lib/gcc/arm-none-eabi/5.4.1/../../../../arm-none-eabi/lib/armv7-m\libg.a(lib_a-mprec.o)
                0x00007e28                __mprec_tens
 .rodata.__mprec_bigtens
                0x00007ef0       0x28 c:/program files (x86)/cypress/psoc creator/4.2/psoc creator/import/gnu/arm/5.4.1/bin/../lib/gcc/arm-none-eabi/5.4.1/../../../../arm-none-eabi/lib/armv7-m\libg.a(lib_a-mprec.o)
                0x00007ef0                __mprec_bigtens
 .rodata.p05.5396
                0x00007f18        0xc c:/program files (x86)/cypress/psoc creator/4.2/psoc creator/import/gnu/arm/5.4.1/bin/../lib/gcc/arm-none-eabi/5.4.1/../../../../arm-none-eabi/lib/armv7-m\libg.a(lib_a-mprec.o)
                0x00007f24                . = ALIGN (0x4)
 *(.init)
 .init          0x00007f24        0x4 c:/program files (x86)/cypress/psoc creator/4.2/psoc creator/import/gnu/arm/5.4.1/bin/../lib/gcc/arm-none-eabi/5.4.1/armv7-m/crti.o
                0x00007f24                _init
 .init          0x00007f28        0x8 c:/program files (x86)/cypress/psoc creator/4.2/psoc creator/import/gnu/arm/5.4.1/bin/../lib/gcc/arm-none-eabi/5.4.1/armv7-m/crtn.o
                0x00007f30                . = ALIGN (0x4)
                0x00007f30                __preinit_array_start = .
 *(.preinit_array)
                0x00007f30                __preinit_array_end = .
                0x00007f30                . = ALIGN (0x4)
                0x00007f30                __init_array_start = .
 *(SORT(.init_array.*))
 .init_array.00000
                0x00007f30        0x4 c:/program files (x86)/cypress/psoc creator/4.2/psoc creator/import/gnu/arm/5.4.1/bin/../lib/gcc/arm-none-eabi/5.4.1/../../../../arm-none-eabi/lib/armv7-m\libg.a(lib_a-__call_atexit.o)
 *(.init_array)
 .init_array    0x00007f34        0x4 c:/program files (x86)/cypress/psoc creator/4.2/psoc creator/import/gnu/arm/5.4.1/bin/../lib/gcc/arm-none-eabi/5.4.1/armv7-m/crtbegin.o
 .init_array    0x00007f38        0x4 .\CortexM3\ARM_GCC_541\Debug\Cm3Start.o
                0x00007f3c                __init_array_end = .
                0x00007f3c                . = ALIGN (0x4)
 *(.fini)
 .fini          0x00007f3c        0x4 c:/program files (x86)/cypress/psoc creator/4.2/psoc creator/import/gnu/arm/5.4.1/bin/../lib/gcc/arm-none-eabi/5.4.1/armv7-m/crti.o
                0x00007f3c                _fini
 .fini          0x00007f40        0x8 c:/program files (x86)/cypress/psoc creator/4.2/psoc creator/import/gnu/arm/5.4.1/bin/../lib/gcc/arm-none-eabi/5.4.1/armv7-m/crtn.o
                0x00007f48                . = ALIGN (0x4)
                0x00007f48                __fini_array_start = .
 *(.fini_array)
 .fini_array    0x00007f48        0x4 c:/program files (x86)/cypress/psoc creator/4.2/psoc creator/import/gnu/arm/5.4.1/bin/../lib/gcc/arm-none-eabi/5.4.1/armv7-m/crtbegin.o
 *(SORT(.fini_array.*))
                0x00007f4c                __fini_array_end = .
                0x00007f4c                . = ALIGN (0x4)
 *crtbegin.o(.ctors)
 *(EXCLUDE_FILE(*crtend.o) .ctors)
 *(SORT(.ctors.*))
 *crtend.o(.ctors)
                0x00007f4c                . = ALIGN (0x4)
 *crtbegin.o(.dtors)
 *(EXCLUDE_FILE(*crtend.o) .dtors)
 *(SORT(.dtors.*))
 *crtend.o(.dtors)
                0x00007f4c                . = ALIGN (0x4)
                0x00007f4c                __cy_regions = .
                0x00007f4c        0x4 LONG 0x7f60 __cy_region_init_ram
                0x00007f50        0x4 LONG 0x1fff80c8 __cy_region_start_data
                0x00007f54        0x4 LONG 0x8c0 __cy_region_init_size_ram
                0x00007f58        0x4 LONG 0x91b0 __cy_region_zero_size_ram
                0x00007f5c                __cy_regions_end = .
                0x00007f60                . = ALIGN (0x8)
 *fill*         0x00007f5c        0x4 
                0x00007f60                _etext = .

.cy_checksum_exclude
                0x00007f60        0x0
 *(.cy_checksum_exclude)

.ramvectors     0x1fff8000       0xc0
                0x1fff8000                __cy_region_start_ram = .
 *(.ramvectors)
 .ramvectors    0x1fff8000       0xc0 .\CortexM3\ARM_GCC_541\Debug\Cm3Start.o
                0x1fff8000                CyRamVectors

.noinit         0x1fff80c0        0x1
 *(.noinit)
 .noinit        0x1fff80c0        0x1 .\CortexM3\ARM_GCC_541\Debug\ZumoBot.a(CyLib.o)
                0x1fff80c0                CyResetStatus

.data           0x1fff80c8      0x8c0 load address 0x00007f60
                0x1fff80c8                __cy_region_start_data = .
 *(.jcr)
 .jcr           0x1fff80c8        0x0 c:/program files (x86)/cypress/psoc creator/4.2/psoc creator/import/gnu/arm/5.4.1/bin/../lib/gcc/arm-none-eabi/5.4.1/armv7-m/crtbegin.o
 .jcr           0x1fff80c8        0x4 c:/program files (x86)/cypress/psoc creator/4.2/psoc creator/import/gnu/arm/5.4.1/bin/../lib/gcc/arm-none-eabi/5.4.1/armv7-m/crtend.o
 *(.got.plt)
 *(.got)
 *(.shdata)
 *(.data .data.* .gnu.linkonce.d.*)
 .data          0x1fff80cc        0x4 .\CortexM3\ARM_GCC_541\Debug\port.o
 .data          0x1fff80d0        0x4 .\CortexM3\ARM_GCC_541\Debug\heap_2.o
 .data          0x1fff80d4        0x4 .\CortexM3\ARM_GCC_541\Debug\Cm3Start.o
 .data          0x1fff80d8       0x10 .\CortexM3\ARM_GCC_541\Debug\ZumoBot.a(CyLib.o)
                0x1fff80d8                cydelay_32k_ms
                0x1fff80dc                cydelay_freq_khz
                0x1fff80e0                cydelay_freq_mhz
                0x1fff80e4                cydelay_freq_hz
 .data.impure_data
                0x1fff80e8      0x428 c:/program files (x86)/cypress/psoc creator/4.2/psoc creator/import/gnu/arm/5.4.1/bin/../lib/gcc/arm-none-eabi/5.4.1/../../../../arm-none-eabi/lib/armv7-m\libg.a(lib_a-impure.o)
 .data._impure_ptr
                0x1fff8510        0x4 c:/program files (x86)/cypress/psoc creator/4.2/psoc creator/import/gnu/arm/5.4.1/bin/../lib/gcc/arm-none-eabi/5.4.1/../../../../arm-none-eabi/lib/armv7-m\libg.a(lib_a-impure.o)
                0x1fff8510                _impure_ptr
 .data.__malloc_av_
                0x1fff8514      0x408 c:/program files (x86)/cypress/psoc creator/4.2/psoc creator/import/gnu/arm/5.4.1/bin/../lib/gcc/arm-none-eabi/5.4.1/../../../../arm-none-eabi/lib/armv7-m\libg.a(lib_a-mallocr.o)
                0x1fff8514                __malloc_av_
 .data.__malloc_trim_threshold
                0x1fff891c        0x4 c:/program files (x86)/cypress/psoc creator/4.2/psoc creator/import/gnu/arm/5.4.1/bin/../lib/gcc/arm-none-eabi/5.4.1/../../../../arm-none-eabi/lib/armv7-m\libg.a(lib_a-mallocr.o)
                0x1fff891c                __malloc_trim_threshold
 .data.__malloc_sbrk_base
                0x1fff8920        0x4 c:/program files (x86)/cypress/psoc creator/4.2/psoc creator/import/gnu/arm/5.4.1/bin/../lib/gcc/arm-none-eabi/5.4.1/../../../../arm-none-eabi/lib/armv7-m\libg.a(lib_a-mallocr.o)
                0x1fff8920                __malloc_sbrk_base
 .data.lconv    0x1fff8924       0x38 c:/program files (x86)/cypress/psoc creator/4.2/psoc creator/import/gnu/arm/5.4.1/bin/../lib/gcc/arm-none-eabi/5.4.1/../../../../arm-none-eabi/lib/armv7-m\libg.a(lib_a-locale.o)
 .data.lc_ctype_charset
                0x1fff895c       0x20 c:/program files (x86)/cypress/psoc creator/4.2/psoc creator/import/gnu/arm/5.4.1/bin/../lib/gcc/arm-none-eabi/5.4.1/../../../../arm-none-eabi/lib/armv7-m\libg.a(lib_a-locale.o)
 .data.__mb_cur_max
                0x1fff897c        0x4 c:/program files (x86)/cypress/psoc creator/4.2/psoc creator/import/gnu/arm/5.4.1/bin/../lib/gcc/arm-none-eabi/5.4.1/../../../../arm-none-eabi/lib/armv7-m\libg.a(lib_a-locale.o)
                0x1fff897c                __mb_cur_max
 .data.__wctomb
                0x1fff8980        0x4 c:/program files (x86)/cypress/psoc creator/4.2/psoc creator/import/gnu/arm/5.4.1/bin/../lib/gcc/arm-none-eabi/5.4.1/../../../../arm-none-eabi/lib/armv7-m\libg.a(lib_a-wctomb_r.o)
                0x1fff8980                __wctomb
                0x1fff8988                . = ALIGN (0x8)
 *fill*         0x1fff8984        0x4 
 *(.ram)
                0x1fff8988                _edata = .

.igot.plt       0x1fff8988        0x0 load address 0x00008820
 .igot.plt      0x1fff8988        0x0 c:/program files (x86)/cypress/psoc creator/4.2/psoc creator/import/gnu/arm/5.4.1/bin/../lib/gcc/arm-none-eabi/5.4.1/armv7-m/crtbegin.o

.bss            0x1fff8988     0x91b0 load address 0x00008820
                0x1fff8988                PROVIDE (__bss_start__, .)
 *(.shbss)
 *(.bss .bss.* .gnu.linkonce.b.*)
 .bss           0x1fff8988       0x1c c:/program files (x86)/cypress/psoc creator/4.2/psoc creator/import/gnu/arm/5.4.1/bin/../lib/gcc/arm-none-eabi/5.4.1/armv7-m/crtbegin.o
 .bss           0x1fff89a4        0x8 .\CortexM3\ARM_GCC_541\Debug\serial1.o
 .bss           0x1fff89ac       0x2c .\CortexM3\ARM_GCC_541\Debug\simulator.o
 .bss           0x1fff89d8      0x108 .\CortexM3\ARM_GCC_541\Debug\tasks.o
                0x1fff8ab0                pxCurrentTCB
 .bss           0x1fff8ae0     0x9014 .\CortexM3\ARM_GCC_541\Debug\heap_2.o
 .bss           0x20001af4        0x2 .\CortexM3\ARM_GCC_541\Debug\ZumoBot.a(UART_1.o)
                0x20001af4                UART_1_initVar
 .bss           0x20001af6        0x2 .\CortexM3\ARM_GCC_541\Debug\ZumoBot.a(UART_2.o)
                0x20001af6                UART_2_initVar
 .bss           0x20001af8        0x1 .\CortexM3\ARM_GCC_541\Debug\ZumoBot.a(StatisticsCounter.o)
                0x20001af8                StatisticsCounter_initVar
 *fill*         0x20001af9        0x3 
 .bss.__malloc_max_total_mem
                0x20001afc        0x4 c:/program files (x86)/cypress/psoc creator/4.2/psoc creator/import/gnu/arm/5.4.1/bin/../lib/gcc/arm-none-eabi/5.4.1/../../../../arm-none-eabi/lib/armv7-m\libg.a(lib_a-mallocr.o)
                0x20001afc                __malloc_max_total_mem
 .bss.__malloc_max_sbrked_mem
                0x20001b00        0x4 c:/program files (x86)/cypress/psoc creator/4.2/psoc creator/import/gnu/arm/5.4.1/bin/../lib/gcc/arm-none-eabi/5.4.1/../../../../arm-none-eabi/lib/armv7-m\libg.a(lib_a-mallocr.o)
                0x20001b00                __malloc_max_sbrked_mem
 .bss.__malloc_top_pad
                0x20001b04        0x4 c:/program files (x86)/cypress/psoc creator/4.2/psoc creator/import/gnu/arm/5.4.1/bin/../lib/gcc/arm-none-eabi/5.4.1/../../../../arm-none-eabi/lib/armv7-m\libg.a(lib_a-mallocr.o)
                0x20001b04                __malloc_top_pad
 .bss.__malloc_current_mallinfo
                0x20001b08       0x28 c:/program files (x86)/cypress/psoc creator/4.2/psoc creator/import/gnu/arm/5.4.1/bin/../lib/gcc/arm-none-eabi/5.4.1/../../../../arm-none-eabi/lib/armv7-m\libg.a(lib_a-mallocr.o)
                0x20001b08                __malloc_current_mallinfo
 *(COMMON)
 COMMON         0x20001b30        0x4 c:/program files (x86)/cypress/psoc creator/4.2/psoc creator/import/gnu/arm/5.4.1/bin/../lib/gcc/arm-none-eabi/5.4.1/../../../../arm-none-eabi/lib/armv7-m\libg.a(lib_a-reent.o)
                0x20001b30                errno
                0x20001b38                . = ALIGN (0x8)
 *fill*         0x20001b34        0x4 
 *(.ram.b)
                0x20001b38                _end = .
                0x20001b38                __end = .
                0x20001b38                PROVIDE (end, .)
                0x20001b38                PROVIDE (__bss_end__, .)
                0x00007f60                __cy_region_init_ram = LOADADDR (.data)
                0x000008c0                __cy_region_init_size_ram = (_edata - ADDR (.data))
                0x000091b0                __cy_region_zero_size_ram = (_end - _edata)

.heap           0x20001b38     0x2000 load address 0x00008820
                0x20001b38                . = _end
                0x20003b38                . = (. + 0x2000)
 *fill*         0x20001b38     0x2000 
                0x20003b38                __cy_heap_limit = .

.stack          0x20007800      0x800
                0x20007800                __cy_stack_limit = .
                0x20008000                . = (. + 0x800)
 *fill*         0x20007800      0x800 
                0x00000001                ASSERT ((__cy_stack_limit >= __cy_heap_limit), region RAM overflowed with stack)
                0x00000000                cy_checksum_exclude_size = (CY_APPL_LOADABLE == 0x1)?SIZEOF (.cy_checksum_exclude):0x0
                0x00000001                ASSERT ((cy_checksum_exclude_size <= CY_CHECKSUM_EXCLUDE_SIZE), CY_BOOT: Section .cy_checksum_exclude size exceedes specified limit.)

.cyloadermeta
 *(.cyloadermeta)

.cyloadablemeta
 *(.cyloadablemeta)

.cyconfigecc    0x80000000     0x1220
 *(.cyconfigecc)
 .cyconfigecc   0x80000000     0x1220 .\CortexM3\ARM_GCC_541\Debug\cymetadata.o
                0x80000000                cy_meta_configecc

.cycustnvl      0x90000000        0x4
 *(.cycustnvl)
 .cycustnvl     0x90000000        0x4 .\CortexM3\ARM_GCC_541\Debug\cymetadata.o
                0x90000000                cy_meta_custnvl

.cywolatch      0x90100000        0x4
 *(.cywolatch)
 .cywolatch     0x90100000        0x4 .\CortexM3\ARM_GCC_541\Debug\cymetadata.o
                0x90100000                cy_meta_wonvl

.cyeeprom       0x90200000        0x0
 *(.cyeeprom)
                0x00000001                ASSERT ((. <= ((0x90200000 + ee_offset) + ee_size)), .cyeeprom data will not fit in EEPROM)

.cyflashprotect
                0x90400000      0x100
 *(.cyflashprotect)
 .cyflashprotect
                0x90400000      0x100 .\CortexM3\ARM_GCC_541\Debug\cymetadata.o
                0x90400000                cy_meta_flashprotect

.cymeta         0x90500000        0xc
 *(.cymeta)
 .cymeta        0x90500000        0xc .\CortexM3\ARM_GCC_541\Debug\cymetadata.o
                0x90500000                cy_metadata

.rel.dyn        0x00008820        0x0 load address 0x9050000c
 .rel.iplt      0x00008820        0x0 c:/program files (x86)/cypress/psoc creator/4.2/psoc creator/import/gnu/arm/5.4.1/bin/../lib/gcc/arm-none-eabi/5.4.1/armv7-m/crtbegin.o

.stab           0x00000000       0x84
 *(.stab)
 .stab          0x00000000       0x24 c:/program files (x86)/cypress/psoc creator/4.2/psoc creator/import/gnu/arm/5.4.1/bin/../lib/gcc/arm-none-eabi/5.4.1/../../../../arm-none-eabi/lib/armv7-m\libnosys.a(close.o)
 .stab          0x00000024       0x18 c:/program files (x86)/cypress/psoc creator/4.2/psoc creator/import/gnu/arm/5.4.1/bin/../lib/gcc/arm-none-eabi/5.4.1/../../../../arm-none-eabi/lib/armv7-m\libnosys.a(fstat.o)
                                 0x24 (size before relaxing)
 .stab          0x0000003c       0x18 c:/program files (x86)/cypress/psoc creator/4.2/psoc creator/import/gnu/arm/5.4.1/bin/../lib/gcc/arm-none-eabi/5.4.1/../../../../arm-none-eabi/lib/armv7-m\libnosys.a(gettod.o)
                                 0x24 (size before relaxing)
 .stab          0x00000054       0x18 c:/program files (x86)/cypress/psoc creator/4.2/psoc creator/import/gnu/arm/5.4.1/bin/../lib/gcc/arm-none-eabi/5.4.1/../../../../arm-none-eabi/lib/armv7-m\libnosys.a(isatty.o)
                                 0x24 (size before relaxing)
 .stab          0x0000006c       0x18 c:/program files (x86)/cypress/psoc creator/4.2/psoc creator/import/gnu/arm/5.4.1/bin/../lib/gcc/arm-none-eabi/5.4.1/../../../../arm-none-eabi/lib/armv7-m\libnosys.a(lseek.o)
                                 0x24 (size before relaxing)

.stabstr        0x00000000      0x127
 *(.stabstr)
 .stabstr       0x00000000      0x127 c:/program files (x86)/cypress/psoc creator/4.2/psoc creator/import/gnu/arm/5.4.1/bin/../lib/gcc/arm-none-eabi/5.4.1/../../../../arm-none-eabi/lib/armv7-m\libnosys.a(close.o)

.debug
 *(.debug)

.line
 *(.line)

.debug_srcinfo
 *(.debug_srcinfo)

.debug_sfnames
 *(.debug_sfnames)

.debug_aranges  0x00000000     0x1b00
 *(.debug_aranges)
 .debug_aranges
                0x00000000       0x20 .\CortexM3\ARM_GCC_541\Debug\Beep.o
 .debug_aranges
                0x00000020       0x40 .\CortexM3\ARM_GCC_541\Debug\Gyro.o
 .debug_aranges
                0x00000060       0x20 .\CortexM3\ARM_GCC_541\Debug\Magnet.o
 .debug_aranges
                0x00000080       0x30 .\CortexM3\ARM_GCC_541\Debug\Motor.o
 .debug_aranges
                0x000000b0       0x30 .\CortexM3\ARM_GCC_541\Debug\Nunchuk.o
 .debug_aranges
                0x000000e0       0x30 .\CortexM3\ARM_GCC_541\Debug\I2C_Common.o
 .debug_aranges
                0x00000110       0x28 .\CortexM3\ARM_GCC_541\Debug\LSM303D.o
 .debug_aranges
                0x00000138       0x88 .\CortexM3\ARM_GCC_541\Debug\debug_uart.o
 .debug_aranges
                0x000001c0      0x130 .\CortexM3\ARM_GCC_541\Debug\esp8266_socket.o
 .debug_aranges
                0x000002f0       0x40 .\CortexM3\ARM_GCC_541\Debug\rtos_main.o
 .debug_aranges
                0x00000330       0x58 .\CortexM3\ARM_GCC_541\Debug\serial.o
 .debug_aranges
                0x00000388       0x38 .\CortexM3\ARM_GCC_541\Debug\mqtt_sender.o
 .debug_aranges
                0x000003c0       0x48 .\CortexM3\ARM_GCC_541\Debug\serial1.o
 .debug_aranges
                0x00000408       0x18 .\CortexM3\ARM_GCC_541\Debug\Reflectance.o
 .debug_aranges
                0x00000420       0xa8 .\CortexM3\ARM_GCC_541\Debug\simulator.o
 .debug_aranges
                0x000004c8       0x20 .\CortexM3\ARM_GCC_541\Debug\library.o
 .debug_aranges
                0x000004e8       0xe0 .\CortexM3\ARM_GCC_541\Debug\MQTTClient.o
 .debug_aranges
                0x000005c8       0x88 .\CortexM3\ARM_GCC_541\Debug\MQTTFreeRTOS.o
 .debug_aranges
                0x00000650       0x48 .\CortexM3\ARM_GCC_541\Debug\MQTTConnectClient.o
 .debug_aranges
                0x00000698       0x30 .\CortexM3\ARM_GCC_541\Debug\MQTTConnectServer.o
 .debug_aranges
                0x000006c8       0x28 .\CortexM3\ARM_GCC_541\Debug\MQTTDeserializePublish.o
 .debug_aranges
                0x000006f0       0x58 .\CortexM3\ARM_GCC_541\Debug\MQTTFormat.o
 .debug_aranges
                0x00000748       0xa8 .\CortexM3\ARM_GCC_541\Debug\MQTTPacket.o
 .debug_aranges
                0x000007f0       0x48 .\CortexM3\ARM_GCC_541\Debug\MQTTSerializePublish.o
 .debug_aranges
                0x00000838       0x30 .\CortexM3\ARM_GCC_541\Debug\MQTTSubscribeClient.o
 .debug_aranges
                0x00000868       0x28 .\CortexM3\ARM_GCC_541\Debug\MQTTSubscribeServer.o
 .debug_aranges
                0x00000890       0x30 .\CortexM3\ARM_GCC_541\Debug\MQTTUnsubscribeClient.o
 .debug_aranges
                0x000008c0       0x28 .\CortexM3\ARM_GCC_541\Debug\MQTTUnsubscribeServer.o
 .debug_aranges
                0x000008e8       0x18 .\CortexM3\ARM_GCC_541\Debug\croutine.o
 .debug_aranges
                0x00000900       0x78 .\CortexM3\ARM_GCC_541\Debug\event_groups.o
 .debug_aranges
                0x00000978       0x40 .\CortexM3\ARM_GCC_541\Debug\list.o
 .debug_aranges
                0x000009b8      0x128 .\CortexM3\ARM_GCC_541\Debug\queue.o
 .debug_aranges
                0x00000ae0       0xd0 .\CortexM3\ARM_GCC_541\Debug\stream_buffer.o
 .debug_aranges
                0x00000bb0      0x1f8 .\CortexM3\ARM_GCC_541\Debug\tasks.o
 .debug_aranges
                0x00000da8       0x18 .\CortexM3\ARM_GCC_541\Debug\timers.o
 .debug_aranges
                0x00000dc0       0x70 .\CortexM3\ARM_GCC_541\Debug\port.o
 .debug_aranges
                0x00000e30       0x40 .\CortexM3\ARM_GCC_541\Debug\heap_2.o
 .debug_aranges
                0x00000e70       0x20 .\CortexM3\ARM_GCC_541\Debug\main.o
 .debug_aranges
                0x00000e90       0x58 .\CortexM3\ARM_GCC_541\Debug\cyfitter_cfg.o
 .debug_aranges
                0x00000ee8       0x18 .\CortexM3\ARM_GCC_541\Debug\cymetadata.o
 .debug_aranges
                0x00000f00       0x48 .\CortexM3\ARM_GCC_541\Debug\Cm3Start.o
 .debug_aranges
                0x00000f48       0x38 .\CortexM3\ARM_GCC_541\Debug\ZumoBot.a(I2C.o)
 .debug_aranges
                0x00000f80       0x20 .\CortexM3\ARM_GCC_541\Debug\ZumoBot.a(I2C_INT.o)
 .debug_aranges
                0x00000fa0       0x38 .\CortexM3\ARM_GCC_541\Debug\ZumoBot.a(I2C_PM.o)
 .debug_aranges
                0x00000fd8       0x80 .\CortexM3\ARM_GCC_541\Debug\ZumoBot.a(I2C_MASTER.o)
 .debug_aranges
                0x00001058       0xf0 .\CortexM3\ARM_GCC_541\Debug\ZumoBot.a(UART_1.o)
 .debug_aranges
                0x00001148       0x80 .\CortexM3\ARM_GCC_541\Debug\ZumoBot.a(Buzzer_PWM.o)
 .debug_aranges
                0x000011c8       0x38 .\CortexM3\ARM_GCC_541\Debug\ZumoBot.a(SW1.o)
 .debug_aranges
                0x00001200       0xf0 .\CortexM3\ARM_GCC_541\Debug\ZumoBot.a(UART_2.o)
 .debug_aranges
                0x000012f0       0x80 .\CortexM3\ARM_GCC_541\Debug\ZumoBot.a(isr_U2_TX.o)
 .debug_aranges
                0x00001370       0x80 .\CortexM3\ARM_GCC_541\Debug\ZumoBot.a(isr_U2_RX.o)
 .debug_aranges
                0x000013f0       0x98 .\CortexM3\ARM_GCC_541\Debug\ZumoBot.a(StatisticsCounter.o)
 .debug_aranges
                0x00001488       0x38 .\CortexM3\ARM_GCC_541\Debug\ZumoBot.a(RST_E.o)
 .debug_aranges
                0x000014c0       0x80 .\CortexM3\ARM_GCC_541\Debug\ZumoBot.a(isr_U1_TX.o)
 .debug_aranges
                0x00001540       0x80 .\CortexM3\ARM_GCC_541\Debug\ZumoBot.a(isr_U1_RX.o)
 .debug_aranges
                0x000015c0       0x70 .\CortexM3\ARM_GCC_541\Debug\ZumoBot.a(UART_1_IntClock.o)
 .debug_aranges
                0x00001630       0x70 .\CortexM3\ARM_GCC_541\Debug\ZumoBot.a(UART_2_IntClock.o)
 .debug_aranges
                0x000016a0      0x2a0 .\CortexM3\ARM_GCC_541\Debug\ZumoBot.a(CyLib.o)
 .debug_aranges
                0x00001940       0x98 .\CortexM3\ARM_GCC_541\Debug\ZumoBot.a(cyPm.o)
 .debug_aranges
                0x000019d8       0x20 .\CortexM3\ARM_GCC_541\Debug\ZumoBot.a(CyBootAsmGnu.o)
 .debug_aranges
                0x000019f8       0x88 .\CortexM3\ARM_GCC_541\Debug\ZumoBot.a(CyFlash.o)
 .debug_aranges
                0x00001a80       0x80 .\CortexM3\ARM_GCC_541\Debug\ZumoBot.a(CySpc.o)

.debug_pubnames
 *(.debug_pubnames)

.debug_info     0x00000000    0x19230
 *(.debug_info .gnu.linkonce.wi.*)
 .debug_info    0x00000000      0x195 .\CortexM3\ARM_GCC_541\Debug\Beep.o
 .debug_info    0x00000195      0x3d5 .\CortexM3\ARM_GCC_541\Debug\Gyro.o
 .debug_info    0x0000056a      0x146 .\CortexM3\ARM_GCC_541\Debug\Magnet.o
 .debug_info    0x000006b0      0x1d8 .\CortexM3\ARM_GCC_541\Debug\Motor.o
 .debug_info    0x00000888      0x2b5 .\CortexM3\ARM_GCC_541\Debug\Nunchuk.o
 .debug_info    0x00000b3d      0x298 .\CortexM3\ARM_GCC_541\Debug\I2C_Common.o
 .debug_info    0x00000dd5      0x151 .\CortexM3\ARM_GCC_541\Debug\LSM303D.o
 .debug_info    0x00000f26      0x8a0 .\CortexM3\ARM_GCC_541\Debug\debug_uart.o
 .debug_info    0x000017c6     0x1bd1 .\CortexM3\ARM_GCC_541\Debug\esp8266_socket.o
 .debug_info    0x00003397      0x37c .\CortexM3\ARM_GCC_541\Debug\rtos_main.o
 .debug_info    0x00003713      0x64a .\CortexM3\ARM_GCC_541\Debug\serial.o
 .debug_info    0x00003d5d      0xb9f .\CortexM3\ARM_GCC_541\Debug\mqtt_sender.o
 .debug_info    0x000048fc      0x4f4 .\CortexM3\ARM_GCC_541\Debug\serial1.o
 .debug_info    0x00004df0       0xae .\CortexM3\ARM_GCC_541\Debug\Reflectance.o
 .debug_info    0x00004e9e      0x8e7 .\CortexM3\ARM_GCC_541\Debug\simulator.o
 .debug_info    0x00005785      0x14f .\CortexM3\ARM_GCC_541\Debug\library.o
 .debug_info    0x000058d4     0x1cfb .\CortexM3\ARM_GCC_541\Debug\MQTTClient.o
 .debug_info    0x000075cf      0x87b .\CortexM3\ARM_GCC_541\Debug\MQTTFreeRTOS.o
 .debug_info    0x00007e4a      0x8ad .\CortexM3\ARM_GCC_541\Debug\MQTTConnectClient.o
 .debug_info    0x000086f7      0x766 .\CortexM3\ARM_GCC_541\Debug\MQTTConnectServer.o
 .debug_info    0x00008e5d      0x434 .\CortexM3\ARM_GCC_541\Debug\MQTTDeserializePublish.o
 .debug_info    0x00009291      0x79d .\CortexM3\ARM_GCC_541\Debug\MQTTFormat.o
 .debug_info    0x00009a2e      0x9ad .\CortexM3\ARM_GCC_541\Debug\MQTTPacket.o
 .debug_info    0x0000a3db      0x636 .\CortexM3\ARM_GCC_541\Debug\MQTTSerializePublish.o
 .debug_info    0x0000aa11      0x528 .\CortexM3\ARM_GCC_541\Debug\MQTTSubscribeClient.o
 .debug_info    0x0000af39      0x47d .\CortexM3\ARM_GCC_541\Debug\MQTTSubscribeServer.o
 .debug_info    0x0000b3b6      0x479 .\CortexM3\ARM_GCC_541\Debug\MQTTUnsubscribeClient.o
 .debug_info    0x0000b82f      0x41c .\CortexM3\ARM_GCC_541\Debug\MQTTUnsubscribeServer.o
 .debug_info    0x0000bc4b       0xae .\CortexM3\ARM_GCC_541\Debug\croutine.o
 .debug_info    0x0000bcf9      0x99a .\CortexM3\ARM_GCC_541\Debug\event_groups.o
 .debug_info    0x0000c693      0x2df .\CortexM3\ARM_GCC_541\Debug\list.o
 .debug_info    0x0000c972     0x1951 .\CortexM3\ARM_GCC_541\Debug\queue.o
 .debug_info    0x0000e2c3     0x1236 .\CortexM3\ARM_GCC_541\Debug\stream_buffer.o
 .debug_info    0x0000f4f9     0x2f3d .\CortexM3\ARM_GCC_541\Debug\tasks.o
 .debug_info    0x00012436       0xae .\CortexM3\ARM_GCC_541\Debug\timers.o
 .debug_info    0x000124e4      0x363 .\CortexM3\ARM_GCC_541\Debug\port.o
 .debug_info    0x00012847      0x38c .\CortexM3\ARM_GCC_541\Debug\heap_2.o
 .debug_info    0x00012bd3      0x27b .\CortexM3\ARM_GCC_541\Debug\main.o
 .debug_info    0x00012e4e      0x69a .\CortexM3\ARM_GCC_541\Debug\cyfitter_cfg.o
 .debug_info    0x000134e8      0x139 .\CortexM3\ARM_GCC_541\Debug\cymetadata.o
 .debug_info    0x00013621      0x3bb .\CortexM3\ARM_GCC_541\Debug\Cm3Start.o
 .debug_info    0x000139dc      0x2ad .\CortexM3\ARM_GCC_541\Debug\ZumoBot.a(I2C.o)
 .debug_info    0x00013c89      0x184 .\CortexM3\ARM_GCC_541\Debug\ZumoBot.a(I2C_INT.o)
 .debug_info    0x00013e0d      0x207 .\CortexM3\ARM_GCC_541\Debug\ZumoBot.a(I2C_PM.o)
 .debug_info    0x00014014      0x407 .\CortexM3\ARM_GCC_541\Debug\ZumoBot.a(I2C_MASTER.o)
 .debug_info    0x0001441b      0x60c .\CortexM3\ARM_GCC_541\Debug\ZumoBot.a(UART_1.o)
 .debug_info    0x00014a27      0x279 .\CortexM3\ARM_GCC_541\Debug\ZumoBot.a(Buzzer_PWM.o)
 .debug_info    0x00014ca0      0x11f .\CortexM3\ARM_GCC_541\Debug\ZumoBot.a(SW1.o)
 .debug_info    0x00014dbf      0x60c .\CortexM3\ARM_GCC_541\Debug\ZumoBot.a(UART_2.o)
 .debug_info    0x000153cb      0x2d2 .\CortexM3\ARM_GCC_541\Debug\ZumoBot.a(isr_U2_TX.o)
 .debug_info    0x0001569d      0x2d2 .\CortexM3\ARM_GCC_541\Debug\ZumoBot.a(isr_U2_RX.o)
 .debug_info    0x0001596f      0x343 .\CortexM3\ARM_GCC_541\Debug\ZumoBot.a(StatisticsCounter.o)
 .debug_info    0x00015cb2      0x11f .\CortexM3\ARM_GCC_541\Debug\ZumoBot.a(RST_E.o)
 .debug_info    0x00015dd1      0x2d2 .\CortexM3\ARM_GCC_541\Debug\ZumoBot.a(isr_U1_TX.o)
 .debug_info    0x000160a3      0x2d2 .\CortexM3\ARM_GCC_541\Debug\ZumoBot.a(isr_U1_RX.o)
 .debug_info    0x00016375      0x283 .\CortexM3\ARM_GCC_541\Debug\ZumoBot.a(UART_1_IntClock.o)
 .debug_info    0x000165f8      0x283 .\CortexM3\ARM_GCC_541\Debug\ZumoBot.a(UART_2_IntClock.o)
 .debug_info    0x0001687b     0x1374 .\CortexM3\ARM_GCC_541\Debug\ZumoBot.a(CyLib.o)
 .debug_info    0x00017bef      0xa2a .\CortexM3\ARM_GCC_541\Debug\ZumoBot.a(cyPm.o)
 .debug_info    0x00018619       0x7a .\CortexM3\ARM_GCC_541\Debug\ZumoBot.a(CyBootAsmGnu.o)
 .debug_info    0x00018693      0x64d .\CortexM3\ARM_GCC_541\Debug\ZumoBot.a(CyFlash.o)
 .debug_info    0x00018ce0      0x550 .\CortexM3\ARM_GCC_541\Debug\ZumoBot.a(CySpc.o)

.debug_abbrev   0x00000000     0x5d1b
 *(.debug_abbrev)
 .debug_abbrev  0x00000000       0xda .\CortexM3\ARM_GCC_541\Debug\Beep.o
 .debug_abbrev  0x000000da      0x169 .\CortexM3\ARM_GCC_541\Debug\Gyro.o
 .debug_abbrev  0x00000243       0xcb .\CortexM3\ARM_GCC_541\Debug\Magnet.o
 .debug_abbrev  0x0000030e       0xad .\CortexM3\ARM_GCC_541\Debug\Motor.o
 .debug_abbrev  0x000003bb       0xf5 .\CortexM3\ARM_GCC_541\Debug\Nunchuk.o
 .debug_abbrev  0x000004b0       0xf3 .\CortexM3\ARM_GCC_541\Debug\I2C_Common.o
 .debug_abbrev  0x000005a3       0xb9 .\CortexM3\ARM_GCC_541\Debug\LSM303D.o
 .debug_abbrev  0x0000065c      0x26a .\CortexM3\ARM_GCC_541\Debug\debug_uart.o
 .debug_abbrev  0x000008c6      0x3cb .\CortexM3\ARM_GCC_541\Debug\esp8266_socket.o
 .debug_abbrev  0x00000c91      0x1b6 .\CortexM3\ARM_GCC_541\Debug\rtos_main.o
 .debug_abbrev  0x00000e47      0x127 .\CortexM3\ARM_GCC_541\Debug\serial.o
 .debug_abbrev  0x00000f6e      0x2a6 .\CortexM3\ARM_GCC_541\Debug\mqtt_sender.o
 .debug_abbrev  0x00001214      0x127 .\CortexM3\ARM_GCC_541\Debug\serial1.o
 .debug_abbrev  0x0000133b       0x4b .\CortexM3\ARM_GCC_541\Debug\Reflectance.o
 .debug_abbrev  0x00001386      0x29c .\CortexM3\ARM_GCC_541\Debug\simulator.o
 .debug_abbrev  0x00001622       0xc7 .\CortexM3\ARM_GCC_541\Debug\library.o
 .debug_abbrev  0x000016e9      0x39b .\CortexM3\ARM_GCC_541\Debug\MQTTClient.o
 .debug_abbrev  0x00001a84      0x1a7 .\CortexM3\ARM_GCC_541\Debug\MQTTFreeRTOS.o
 .debug_abbrev  0x00001c2b      0x1c1 .\CortexM3\ARM_GCC_541\Debug\MQTTConnectClient.o
 .debug_abbrev  0x00001dec      0x1b6 .\CortexM3\ARM_GCC_541\Debug\MQTTConnectServer.o
 .debug_abbrev  0x00001fa2      0x190 .\CortexM3\ARM_GCC_541\Debug\MQTTDeserializePublish.o
 .debug_abbrev  0x00002132      0x131 .\CortexM3\ARM_GCC_541\Debug\MQTTFormat.o
 .debug_abbrev  0x00002263      0x2f3 .\CortexM3\ARM_GCC_541\Debug\MQTTPacket.o
 .debug_abbrev  0x00002556      0x1a2 .\CortexM3\ARM_GCC_541\Debug\MQTTSerializePublish.o
 .debug_abbrev  0x000026f8      0x1c0 .\CortexM3\ARM_GCC_541\Debug\MQTTSubscribeClient.o
 .debug_abbrev  0x000028b8      0x1b5 .\CortexM3\ARM_GCC_541\Debug\MQTTSubscribeServer.o
 .debug_abbrev  0x00002a6d      0x1a4 .\CortexM3\ARM_GCC_541\Debug\MQTTUnsubscribeClient.o
 .debug_abbrev  0x00002c11      0x1b5 .\CortexM3\ARM_GCC_541\Debug\MQTTUnsubscribeServer.o
 .debug_abbrev  0x00002dc6       0x4b .\CortexM3\ARM_GCC_541\Debug\croutine.o
 .debug_abbrev  0x00002e11      0x226 .\CortexM3\ARM_GCC_541\Debug\event_groups.o
 .debug_abbrev  0x00003037       0xf6 .\CortexM3\ARM_GCC_541\Debug\list.o
 .debug_abbrev  0x0000312d      0x2ce .\CortexM3\ARM_GCC_541\Debug\queue.o
 .debug_abbrev  0x000033fb      0x25d .\CortexM3\ARM_GCC_541\Debug\stream_buffer.o
 .debug_abbrev  0x00003658      0x3d8 .\CortexM3\ARM_GCC_541\Debug\tasks.o
 .debug_abbrev  0x00003a30       0x4b .\CortexM3\ARM_GCC_541\Debug\timers.o
 .debug_abbrev  0x00003a7b      0x1db .\CortexM3\ARM_GCC_541\Debug\port.o
 .debug_abbrev  0x00003c56      0x1b9 .\CortexM3\ARM_GCC_541\Debug\heap_2.o
 .debug_abbrev  0x00003e0f       0xcc .\CortexM3\ARM_GCC_541\Debug\main.o
 .debug_abbrev  0x00003edb      0x20d .\CortexM3\ARM_GCC_541\Debug\cyfitter_cfg.o
 .debug_abbrev  0x000040e8       0x77 .\CortexM3\ARM_GCC_541\Debug\cymetadata.o
 .debug_abbrev  0x0000415f      0x1e8 .\CortexM3\ARM_GCC_541\Debug\Cm3Start.o
 .debug_abbrev  0x00004347      0x10a .\CortexM3\ARM_GCC_541\Debug\ZumoBot.a(I2C.o)
 .debug_abbrev  0x00004451       0xb6 .\CortexM3\ARM_GCC_541\Debug\ZumoBot.a(I2C_INT.o)
 .debug_abbrev  0x00004507       0xfe .\CortexM3\ARM_GCC_541\Debug\ZumoBot.a(I2C_PM.o)
 .debug_abbrev  0x00004605      0x13c .\CortexM3\ARM_GCC_541\Debug\ZumoBot.a(I2C_MASTER.o)
 .debug_abbrev  0x00004741      0x175 .\CortexM3\ARM_GCC_541\Debug\ZumoBot.a(UART_1.o)
 .debug_abbrev  0x000048b6      0x12d .\CortexM3\ARM_GCC_541\Debug\ZumoBot.a(Buzzer_PWM.o)
 .debug_abbrev  0x000049e3       0x90 .\CortexM3\ARM_GCC_541\Debug\ZumoBot.a(SW1.o)
 .debug_abbrev  0x00004a73      0x175 .\CortexM3\ARM_GCC_541\Debug\ZumoBot.a(UART_2.o)
 .debug_abbrev  0x00004be8      0x173 .\CortexM3\ARM_GCC_541\Debug\ZumoBot.a(isr_U2_TX.o)
 .debug_abbrev  0x00004d5b      0x173 .\CortexM3\ARM_GCC_541\Debug\ZumoBot.a(isr_U2_RX.o)
 .debug_abbrev  0x00004ece      0x117 .\CortexM3\ARM_GCC_541\Debug\ZumoBot.a(StatisticsCounter.o)
 .debug_abbrev  0x00004fe5       0x90 .\CortexM3\ARM_GCC_541\Debug\ZumoBot.a(RST_E.o)
 .debug_abbrev  0x00005075      0x173 .\CortexM3\ARM_GCC_541\Debug\ZumoBot.a(isr_U1_TX.o)
 .debug_abbrev  0x000051e8      0x173 .\CortexM3\ARM_GCC_541\Debug\ZumoBot.a(isr_U1_RX.o)
 .debug_abbrev  0x0000535b      0x139 .\CortexM3\ARM_GCC_541\Debug\ZumoBot.a(UART_1_IntClock.o)
 .debug_abbrev  0x00005494      0x139 .\CortexM3\ARM_GCC_541\Debug\ZumoBot.a(UART_2_IntClock.o)
 .debug_abbrev  0x000055cd      0x254 .\CortexM3\ARM_GCC_541\Debug\ZumoBot.a(CyLib.o)
 .debug_abbrev  0x00005821      0x1ab .\CortexM3\ARM_GCC_541\Debug\ZumoBot.a(cyPm.o)
 .debug_abbrev  0x000059cc       0x14 .\CortexM3\ARM_GCC_541\Debug\ZumoBot.a(CyBootAsmGnu.o)
 .debug_abbrev  0x000059e0      0x1a7 .\CortexM3\ARM_GCC_541\Debug\ZumoBot.a(CyFlash.o)
 .debug_abbrev  0x00005b87      0x194 .\CortexM3\ARM_GCC_541\Debug\ZumoBot.a(CySpc.o)

.debug_line     0x00000000     0x96ad
 *(.debug_line)
 .debug_line    0x00000000      0x1ac .\CortexM3\ARM_GCC_541\Debug\Beep.o
 .debug_line    0x000001ac      0x244 .\CortexM3\ARM_GCC_541\Debug\Gyro.o
 .debug_line    0x000003f0        0x0 .\CortexM3\ARM_GCC_541\Debug\IR.o
 .debug_line    0x000003f0      0x1ff .\CortexM3\ARM_GCC_541\Debug\Magnet.o
 .debug_line    0x000005ef      0x1a3 .\CortexM3\ARM_GCC_541\Debug\Motor.o
 .debug_line    0x00000792      0x1db .\CortexM3\ARM_GCC_541\Debug\Nunchuk.o
 .debug_line    0x0000096d        0x0 .\CortexM3\ARM_GCC_541\Debug\Ultra.o
 .debug_line    0x0000096d        0x0 .\CortexM3\ARM_GCC_541\Debug\Retarget.o
 .debug_line    0x0000096d      0x1aa .\CortexM3\ARM_GCC_541\Debug\I2C_Common.o
 .debug_line    0x00000b17      0x187 .\CortexM3\ARM_GCC_541\Debug\LSM303D.o
 .debug_line    0x00000c9e      0x42e .\CortexM3\ARM_GCC_541\Debug\debug_uart.o
 .debug_line    0x000010cc      0x6fe .\CortexM3\ARM_GCC_541\Debug\esp8266_socket.o
 .debug_line    0x000017ca      0x26d .\CortexM3\ARM_GCC_541\Debug\rtos_main.o
 .debug_line    0x00001a37      0x2e7 .\CortexM3\ARM_GCC_541\Debug\serial.o
 .debug_line    0x00001d1e      0x34b .\CortexM3\ARM_GCC_541\Debug\mqtt_sender.o
 .debug_line    0x00002069      0x29e .\CortexM3\ARM_GCC_541\Debug\serial1.o
 .debug_line    0x00002307      0x13f .\CortexM3\ARM_GCC_541\Debug\Reflectance.o
 .debug_line    0x00002446      0x3f5 .\CortexM3\ARM_GCC_541\Debug\simulator.o
 .debug_line    0x0000283b      0x21e .\CortexM3\ARM_GCC_541\Debug\library.o
 .debug_line    0x00002a59      0x785 .\CortexM3\ARM_GCC_541\Debug\MQTTClient.o
 .debug_line    0x000031de      0x343 .\CortexM3\ARM_GCC_541\Debug\MQTTFreeRTOS.o
 .debug_line    0x00003521      0x149 .\CortexM3\ARM_GCC_541\Debug\MQTTConnectClient.o
 .debug_line    0x0000366a      0x191 .\CortexM3\ARM_GCC_541\Debug\MQTTConnectServer.o
 .debug_line    0x000037fb       0xb8 .\CortexM3\ARM_GCC_541\Debug\MQTTDeserializePublish.o
 .debug_line    0x000038b3      0x18f .\CortexM3\ARM_GCC_541\Debug\MQTTFormat.o
 .debug_line    0x00003a42      0x2b6 .\CortexM3\ARM_GCC_541\Debug\MQTTPacket.o
 .debug_line    0x00003cf8       0xf9 .\CortexM3\ARM_GCC_541\Debug\MQTTSerializePublish.o
 .debug_line    0x00003df1       0xef .\CortexM3\ARM_GCC_541\Debug\MQTTSubscribeClient.o
 .debug_line    0x00003ee0       0xc4 .\CortexM3\ARM_GCC_541\Debug\MQTTSubscribeServer.o
 .debug_line    0x00003fa4       0xd8 .\CortexM3\ARM_GCC_541\Debug\MQTTUnsubscribeClient.o
 .debug_line    0x0000407c       0xae .\CortexM3\ARM_GCC_541\Debug\MQTTUnsubscribeServer.o
 .debug_line    0x0000412a      0x13f .\CortexM3\ARM_GCC_541\Debug\croutine.o
 .debug_line    0x00004269      0x373 .\CortexM3\ARM_GCC_541\Debug\event_groups.o